Archive member included because of file (symbol)

c:/infineon/tools/dave ide/4.5.0.202105191637/eclipse/arm-gcc-49/bin/../lib/gcc/arm-none-eabi/4.9.3/armv7e-m/softfp\libgcc.a(_aeabi_uldivmod.o)
                              ./lib/xmc/Dave/Generated/TIMER/timer.o (__aeabi_uldivmod)
c:/infineon/tools/dave ide/4.5.0.202105191637/eclipse/arm-gcc-49/bin/../lib/gcc/arm-none-eabi/4.9.3/armv7e-m/softfp\libgcc.a(bpabi.o)
                              c:/infineon/tools/dave ide/4.5.0.202105191637/eclipse/arm-gcc-49/bin/../lib/gcc/arm-none-eabi/4.9.3/armv7e-m/softfp\libgcc.a(_aeabi_uldivmod.o) (__gnu_uldivmod_helper)
c:/infineon/tools/dave ide/4.5.0.202105191637/eclipse/arm-gcc-49/bin/../lib/gcc/arm-none-eabi/4.9.3/armv7e-m/softfp\libgcc.a(_dvmd_tls.o)
                              c:/infineon/tools/dave ide/4.5.0.202105191637/eclipse/arm-gcc-49/bin/../lib/gcc/arm-none-eabi/4.9.3/armv7e-m/softfp\libgcc.a(_aeabi_uldivmod.o) (__aeabi_ldiv0)
c:/infineon/tools/dave ide/4.5.0.202105191637/eclipse/arm-gcc-49/bin/../lib/gcc/arm-none-eabi/4.9.3/armv7e-m/softfp\libgcc.a(_divdi3.o)
                              c:/infineon/tools/dave ide/4.5.0.202105191637/eclipse/arm-gcc-49/bin/../lib/gcc/arm-none-eabi/4.9.3/armv7e-m/softfp\libgcc.a(bpabi.o) (__divdi3)
c:/infineon/tools/dave ide/4.5.0.202105191637/eclipse/arm-gcc-49/bin/../lib/gcc/arm-none-eabi/4.9.3/armv7e-m/softfp\libgcc.a(_udivdi3.o)
                              c:/infineon/tools/dave ide/4.5.0.202105191637/eclipse/arm-gcc-49/bin/../lib/gcc/arm-none-eabi/4.9.3/armv7e-m/softfp\libgcc.a(bpabi.o) (__udivdi3)
c:/infineon/tools/dave ide/4.5.0.202105191637/eclipse/arm-gcc-49/bin/../lib/gcc/arm-none-eabi/4.9.3/../../../../arm-none-eabi/lib/armv7e-m/softfp\libg_nano.a(lib_a-calloc.o)
                              ./lib/pal/pal_os_memory.o (calloc)
c:/infineon/tools/dave ide/4.5.0.202105191637/eclipse/arm-gcc-49/bin/../lib/gcc/arm-none-eabi/4.9.3/../../../../arm-none-eabi/lib/armv7e-m/softfp\libg_nano.a(lib_a-errno.o)
                              ./lib/xmc/Newlib/syscalls.o (__errno)
c:/infineon/tools/dave ide/4.5.0.202105191637/eclipse/arm-gcc-49/bin/../lib/gcc/arm-none-eabi/4.9.3/../../../../arm-none-eabi/lib/armv7e-m/softfp\libg_nano.a(lib_a-impure.o)
                              c:/infineon/tools/dave ide/4.5.0.202105191637/eclipse/arm-gcc-49/bin/../lib/gcc/arm-none-eabi/4.9.3/../../../../arm-none-eabi/lib/armv7e-m/softfp\libg_nano.a(lib_a-calloc.o) (_impure_ptr)
c:/infineon/tools/dave ide/4.5.0.202105191637/eclipse/arm-gcc-49/bin/../lib/gcc/arm-none-eabi/4.9.3/../../../../arm-none-eabi/lib/armv7e-m/softfp\libg_nano.a(lib_a-init.o)
                              ./lib/xmc/Startup/startup_XMC4800.o (__libc_init_array)
c:/infineon/tools/dave ide/4.5.0.202105191637/eclipse/arm-gcc-49/bin/../lib/gcc/arm-none-eabi/4.9.3/../../../../arm-none-eabi/lib/armv7e-m/softfp\libg_nano.a(lib_a-malloc.o)
                              ./lib/pal/pal_os_memory.o (malloc)
c:/infineon/tools/dave ide/4.5.0.202105191637/eclipse/arm-gcc-49/bin/../lib/gcc/arm-none-eabi/4.9.3/../../../../arm-none-eabi/lib/armv7e-m/softfp\libg_nano.a(lib_a-memcmp.o)
                              ./lib/xmc/Dave/Generated/E_EEPROM_XMC4/e_eeprom_xmc4.o (memcmp)
c:/infineon/tools/dave ide/4.5.0.202105191637/eclipse/arm-gcc-49/bin/../lib/gcc/arm-none-eabi/4.9.3/../../../../arm-none-eabi/lib/armv7e-m/softfp\libg_nano.a(lib_a-memcpy.o)
                              ./lib/xmc/XMCLib/src/xmc_eth_mac.o (memcpy)
c:/infineon/tools/dave ide/4.5.0.202105191637/eclipse/arm-gcc-49/bin/../lib/gcc/arm-none-eabi/4.9.3/../../../../arm-none-eabi/lib/armv7e-m/softfp\libg_nano.a(lib_a-memset.o)
                              ./lib/xmc/XMCLib/src/xmc_fce.o (memset)
c:/infineon/tools/dave ide/4.5.0.202105191637/eclipse/arm-gcc-49/bin/../lib/gcc/arm-none-eabi/4.9.3/../../../../arm-none-eabi/lib/armv7e-m/softfp\libg_nano.a(lib_a-nano-callocr.o)
                              c:/infineon/tools/dave ide/4.5.0.202105191637/eclipse/arm-gcc-49/bin/../lib/gcc/arm-none-eabi/4.9.3/../../../../arm-none-eabi/lib/armv7e-m/softfp\libg_nano.a(lib_a-calloc.o) (_calloc_r)
c:/infineon/tools/dave ide/4.5.0.202105191637/eclipse/arm-gcc-49/bin/../lib/gcc/arm-none-eabi/4.9.3/../../../../arm-none-eabi/lib/armv7e-m/softfp\libg_nano.a(lib_a-nano-freer.o)
                              c:/infineon/tools/dave ide/4.5.0.202105191637/eclipse/arm-gcc-49/bin/../lib/gcc/arm-none-eabi/4.9.3/../../../../arm-none-eabi/lib/armv7e-m/softfp\libg_nano.a(lib_a-malloc.o) (_free_r)
c:/infineon/tools/dave ide/4.5.0.202105191637/eclipse/arm-gcc-49/bin/../lib/gcc/arm-none-eabi/4.9.3/../../../../arm-none-eabi/lib/armv7e-m/softfp\libg_nano.a(lib_a-nano-mallocr.o)
                              c:/infineon/tools/dave ide/4.5.0.202105191637/eclipse/arm-gcc-49/bin/../lib/gcc/arm-none-eabi/4.9.3/../../../../arm-none-eabi/lib/armv7e-m/softfp\libg_nano.a(lib_a-malloc.o) (_malloc_r)
[...]
Memory Configuration

Name             Origin             Length             Attributes
FLASH_1_cached   0x08000000         0x00200000         xr
FLASH_1_uncached 0x0c000000         0x00200000         xr
PSRAM_1          0x1ffe8000         0x00018000         !xr
DSRAM_1_system   0x20000000         0x00020000         !xr
DSRAM_2_comm     0x20020000         0x00020000         !xr
SRAM_combined    0x1ffe8000         0x00058000         !xr
*default*        0x00000000         0xffffffff

Linker script and memory map

LOAD ./lib/xmc/XMCLib/src/xmc4_eru.o
LOAD ./lib/xmc/XMCLib/src/xmc4_flash.o
LOAD ./lib/xmc/XMCLib/src/xmc4_gpio.o
LOAD ./lib/xmc/XMCLib/src/xmc4_rtc.o
LOAD ./lib/xmc/XMCLib/src/xmc4_scu.o
LOAD ./lib/xmc/XMCLib/src/xmc_can.o
LOAD ./lib/xmc/XMCLib/src/xmc_ccu4.o
LOAD ./lib/xmc/XMCLib/src/xmc_ccu8.o
LOAD ./lib/xmc/XMCLib/src/xmc_common.o
LOAD ./lib/xmc/XMCLib/src/xmc_dac.o
LOAD ./lib/xmc/XMCLib/src/xmc_dma.o
LOAD ./lib/xmc/XMCLib/src/xmc_dsd.o
LOAD ./lib/xmc/XMCLib/src/xmc_ebu.o
LOAD ./lib/xmc/XMCLib/src/xmc_ecat.o
LOAD ./lib/xmc/XMCLib/src/xmc_eru.o
LOAD ./lib/xmc/XMCLib/src/xmc_eth_mac.o
LOAD ./lib/xmc/XMCLib/src/xmc_eth_phy_dp83848.o
LOAD ./lib/xmc/XMCLib/src/xmc_eth_phy_ksz8031rnl.o
LOAD ./lib/xmc/XMCLib/src/xmc_eth_phy_ksz8081rnb.o
LOAD ./lib/xmc/XMCLib/src/xmc_fce.o
LOAD ./lib/xmc/XMCLib/src/xmc_gpio.o
LOAD ./lib/xmc/XMCLib/src/xmc_hrpwm.o
LOAD ./lib/xmc/XMCLib/src/xmc_i2c.o
LOAD ./lib/xmc/XMCLib/src/xmc_i2s.o
LOAD ./lib/xmc/XMCLib/src/xmc_ledts.o
LOAD ./lib/xmc/XMCLib/src/xmc_posif.o
LOAD ./lib/xmc/XMCLib/src/xmc_rtc.o
LOAD ./lib/xmc/XMCLib/src/xmc_sdmmc.o
LOAD ./lib/xmc/XMCLib/src/xmc_spi.o
LOAD ./lib/xmc/XMCLib/src/xmc_uart.o
LOAD ./lib/xmc/XMCLib/src/xmc_usbd.o
LOAD ./lib/xmc/XMCLib/src/xmc_usbh.o
LOAD ./lib/xmc/XMCLib/src/xmc_usic.o
LOAD ./lib/xmc/XMCLib/src/xmc_vadc.o
LOAD ./lib/xmc/XMCLib/src/xmc_wdt.o
LOAD ./lib/xmc/Startup/startup_XMC4800.o
LOAD ./lib/xmc/Startup/system_XMC4800.o
LOAD ./lib/xmc/Newlib/syscalls.o
LOAD ./lib/xmc/Dave/Generated/USBD_VCOM/virtual_com/descriptors.o
LOAD ./lib/xmc/Dave/Generated/USBD_VCOM/class_driver/device/cdc_class_device.o
LOAD ./lib/xmc/Dave/Generated/USBD_VCOM/usbd_vcom.o
LOAD ./lib/xmc/Dave/Generated/USBD_VCOM/usbd_vcom_conf.o
LOAD ./lib/xmc/Dave/Generated/USBD/usb/core/xmc4000/usbd_endpoint_stream_xmc4000.o
LOAD ./lib/xmc/Dave/Generated/USBD/usb/core/xmc4000/usbd_endpoint_xmc4000.o
LOAD ./lib/xmc/Dave/Generated/USBD/usb/core/usb_task.o
LOAD ./lib/xmc/Dave/Generated/USBD/usbd.o
LOAD ./lib/xmc/Dave/Generated/USBD/usbd_conf.o
LOAD ./lib/xmc/Dave/Generated/UART/uart.o
LOAD ./lib/xmc/Dave/Generated/UART/uart_conf.o
LOAD ./lib/xmc/Dave/Generated/TIMER/timer.o
LOAD ./lib/xmc/Dave/Generated/TIMER/timer_conf.o
LOAD ./lib/xmc/Dave/Generated/INTERRUPT/interrupt.o
LOAD ./lib/xmc/Dave/Generated/INTERRUPT/interrupt_conf.o
LOAD ./lib/xmc/Dave/Generated/I2C_MASTER/i2c_master.o
LOAD ./lib/xmc/Dave/Generated/I2C_MASTER/i2c_master_conf.o
LOAD ./lib/xmc/Dave/Generated/GLOBAL_CCU8/global_ccu8.o
LOAD ./lib/xmc/Dave/Generated/GLOBAL_CCU8/global_ccu8_conf.o
LOAD ./lib/xmc/Dave/Generated/GLOBAL_CCU4/global_ccu4.o
LOAD ./lib/xmc/Dave/Generated/GLOBAL_CCU4/global_ccu4_conf.o
LOAD ./lib/xmc/Dave/Generated/E_EEPROM_XMC4/e_eeprom_xmc4.o
LOAD ./lib/xmc/Dave/Generated/E_EEPROM_XMC4/e_eeprom_xmc4_conf.o
LOAD ./lib/xmc/Dave/Generated/DIGITAL_IO/digital_io.o
LOAD ./lib/xmc/Dave/Generated/DIGITAL_IO/digital_io_conf.o
LOAD ./lib/xmc/Dave/Generated/CPU_CTRL_XMC4/cpu_ctrl_xmc4.o
LOAD ./lib/xmc/Dave/Generated/CPU_CTRL_XMC4/cpu_ctrl_xmc4_conf.o
LOAD ./lib/xmc/Dave/Generated/CLOCK_XMC4/clock_xmc4.o
LOAD ./lib/xmc/Dave/Generated/CLOCK_XMC4/clock_xmc4_conf.o
LOAD ./lib/xmc/Dave/Generated/DAVE.o
LOAD ./lib/pal/pal.o
LOAD ./lib/pal/pal_crypt_mbedtls.o
LOAD ./lib/pal/pal_gpio.o
LOAD ./lib/pal/pal_i2c.o
LOAD ./lib/pal/pal_ifx_i2c_config.o
LOAD ./lib/pal/pal_logger.o
LOAD ./lib/pal/pal_os_datastore.o
LOAD ./lib/pal/pal_os_event.o
LOAD ./lib/pal/pal_os_lock.o
LOAD ./lib/pal/pal_os_memory.o
LOAD ./lib/pal/pal_os_timer.o
LOAD ./lib/optiga/util/optiga_util.o
LOAD ./lib/optiga/crypt/optiga_crypt.o
LOAD ./lib/optiga/comms/ifx_i2c/ifx_i2c.o
LOAD ./lib/optiga/comms/ifx_i2c/ifx_i2c_config.o
LOAD ./lib/optiga/comms/ifx_i2c/ifx_i2c_data_link_layer.o
LOAD ./lib/optiga/comms/ifx_i2c/ifx_i2c_physical_layer.o
LOAD ./lib/optiga/comms/ifx_i2c/ifx_i2c_presentation_layer.o
LOAD ./lib/optiga/comms/ifx_i2c/ifx_i2c_transport_layer.o
LOAD ./lib/optiga/comms/optiga_comms_ifx_i2c.o
LOAD ./lib/optiga/common/optiga_lib_common.o
LOAD ./lib/optiga/common/optiga_lib_logger.o
LOAD ./lib/optiga/cmd/optiga_cmd.o
LOAD ./lib/externals/mbedtls/aes.o
LOAD ./lib/externals/mbedtls/ccm.o
LOAD ./lib/externals/mbedtls/cipher.o
LOAD ./lib/externals/mbedtls/cipher_wrap.o
LOAD ./lib/externals/mbedtls/md.o
LOAD ./lib/externals/mbedtls/md_wrap.o
LOAD ./lib/externals/mbedtls/platform_util.o
LOAD ./lib/externals/mbedtls/sha256.o
LOAD ./lib/externals/mbedtls/ssl_ciphersuites.o
LOAD ./examples/example_optiga_crypt_clear_auto_state.o
LOAD ./examples/example_optiga_crypt_ecc_generate_keypair.o
LOAD ./examples/example_optiga_crypt_ecdh.o
LOAD ./examples/example_optiga_crypt_ecdsa_sign.o
LOAD ./examples/example_optiga_crypt_ecdsa_verify.o
LOAD ./examples/example_optiga_crypt_hash.o
LOAD ./examples/example_optiga_crypt_hkdf.o
LOAD ./examples/example_optiga_crypt_hmac.o
LOAD ./examples/example_optiga_crypt_random.o
LOAD ./examples/example_optiga_crypt_rsa_decrypt.o
LOAD ./examples/example_optiga_crypt_rsa_encrypt_message.o
LOAD ./examples/example_optiga_crypt_rsa_encrypt_session.o
LOAD ./examples/example_optiga_crypt_rsa_generate_keypair.o
LOAD ./examples/example_optiga_crypt_rsa_sign.o
LOAD ./examples/example_optiga_crypt_rsa_verify.o
LOAD ./examples/example_optiga_crypt_symmetric_encrypt_decrypt.o
LOAD ./examples/example_optiga_crypt_symmetric_encrypt_decrypt_ecb.o
LOAD ./examples/example_optiga_crypt_symmetric_generate_key.o
LOAD ./examples/example_optiga_crypt_tls_prf_sha256.o
LOAD ./examples/example_optiga_hibernate_restore.o
LOAD ./examples/example_optiga_hmac_verify_with_authorization_reference.o
LOAD ./examples/example_optiga_init_deinit.o
LOAD ./examples/example_optiga_util_protected_update.o
LOAD ./examples/example_optiga_util_read_data.o
LOAD ./examples/example_optiga_util_update_count.o
LOAD ./examples/example_optiga_util_write_data.o
LOAD ./examples/example_pair_host_and_optiga_using_pre_shared_secret.o
LOAD ./examples/example_read_coprocessor_id.o
LOAD ./examples/example_utilities.o
LOAD ./examples/optiga_shell.o
LOAD ./SEMS_Sources/Com.o
LOAD ./SEMS_Sources/Constructor.o
LOAD ./SEMS_Sources/Decoder.o
LOAD ./SEMS_Sources/ECC.o
LOAD ./SEMS_Sources/Hash.o
LOAD ./SEMS_Sources/Init.o
LOAD ./SEMS_Sources/Nonce.o
LOAD ./SEMS_Sources/Patcher.o
LOAD ./SEMS_Sources/RSA.o
LOAD ./SEMS_Sources/Random.o
LOAD ./SEMS_Sources/SecNvm.o
LOAD ./SEMS_Sources/Skey.o
LOAD ./SEMS_Sources/SymEncrypt.o
LOAD ./SEMS_Sources/Terminal.o
LOAD ./SEMS_Sources/Test.o
LOAD ./SEMS_Sources/Timer.o
LOAD ./SEMS_Sources/Unlock.o
LOAD ./main_xmc4800_example.o
LOAD c:/infineon/tools/dave ide/4.5.0.202105191637/eclipse/arm-gcc-49/bin/../lib/gcc/arm-none-eabi/4.9.3/../../../../arm-none-eabi/lib/armv7e-m/softfp\libm.a
START GROUP
LOAD c:/infineon/tools/dave ide/4.5.0.202105191637/eclipse/arm-gcc-49/bin/../lib/gcc/arm-none-eabi/4.9.3/armv7e-m/softfp\libgcc.a
LOAD c:/infineon/tools/dave ide/4.5.0.202105191637/eclipse/arm-gcc-49/bin/../lib/gcc/arm-none-eabi/4.9.3/../../../../arm-none-eabi/lib/armv7e-m/softfp\libg_nano.a
LOAD c:/infineon/tools/dave ide/4.5.0.202105191637/eclipse/arm-gcc-49/bin/../lib/gcc/arm-none-eabi/4.9.3/../../../../arm-none-eabi/lib/armv7e-m/softfp\libc_nano.a
END GROUP
START GROUP
LOAD c:/infineon/tools/dave ide/4.5.0.202105191637/eclipse/arm-gcc-49/bin/../lib/gcc/arm-none-eabi/4.9.3/armv7e-m/softfp\libgcc.a
LOAD c:/infineon/tools/dave ide/4.5.0.202105191637/eclipse/arm-gcc-49/bin/../lib/gcc/arm-none-eabi/4.9.3/../../../../arm-none-eabi/lib/armv7e-m/softfp\libc_nano.a
LOAD c:/infineon/tools/dave ide/4.5.0.202105191637/eclipse/arm-gcc-49/bin/../lib/gcc/arm-none-eabi/4.9.3/../../../../arm-none-eabi/lib/armv7e-m/softfp\libnosys.a
END GROUP
START GROUP
LOAD c:/infineon/tools/dave ide/4.5.0.202105191637/eclipse/arm-gcc-49/bin/../lib/gcc/arm-none-eabi/4.9.3/armv7e-m/softfp\libgcc.a
LOAD c:/infineon/tools/dave ide/4.5.0.202105191637/eclipse/arm-gcc-49/bin/../lib/gcc/arm-none-eabi/4.9.3/../../../../arm-none-eabi/lib/armv7e-m/softfp\libc_nano.a
LOAD c:/infineon/tools/dave ide/4.5.0.202105191637/eclipse/arm-gcc-49/bin/../lib/gcc/arm-none-eabi/4.9.3/../../../../arm-none-eabi/lib/armv7e-m/softfp\libnosys.a
END GROUP
                0x00005000                stack_size = DEFINED (stack_size)?stack_size:0x5000
                0x00000040                no_init_size = 0x40

.text           0x08000000     0xcdf8 load address 0x0c000000
                0x08000000                sText = .
 *(.reset)
 .reset         0x08000000      0x29c ./lib/xmc/Startup/startup_XMC4800.o
                0x08000000                __Vectors
                0x08000200                Reset_Handler
                0x08000298                DSD0_7_IRQHandler
                0x08000298                DebugMon_Handler
                0x08000298                VADC0_C0_0_IRQHandler
                0x08000298                CAN0_4_IRQHandler
                0x08000298                VADC0_G2_0_IRQHandler
                0x08000298                POSIF0_0_IRQHandler
                0x08000298                POSIF1_0_IRQHandler
                0x08000298                HardFault_Handler
                0x08000298                VADC0_G1_1_IRQHandler
                0x08000298                SysTick_Handler
                0x08000298                PendSV_Handler
                0x08000298                NMI_Handler
                0x08000298                USIC1_3_IRQHandler
                0x08000298                CCU40_2_IRQHandler
                0x08000298                SCU_0_IRQHandler
                0x08000298                ERU0_0_IRQHandler
                0x08000298                CCU41_0_IRQHandler
                0x08000298                USIC1_5_IRQHandler
                0x08000298                DSD0_4_IRQHandler
                0x08000298                CCU80_1_IRQHandler
                0x08000298                CCU81_0_IRQHandler
                0x08000298                UsageFault_Handler
                0x08000298                USIC0_0_IRQHandler
                0x08000298                POSIF1_1_IRQHandler
                0x08000298                ERU0_2_IRQHandler
                0x08000298                CCU81_1_IRQHandler
                0x08000298                ERU1_1_IRQHandler
                0x08000298                VADC0_G2_3_IRQHandler
                0x08000298                VADC0_G2_2_IRQHandler
                0x08000298                CCU42_3_IRQHandler
                0x08000298                ERU0_3_IRQHandler
                0x08000298                DSD0_5_IRQHandler
                0x08000298                VADC0_C0_3_IRQHandler
                0x08000298                CAN0_6_IRQHandler
                0x08000298                CCU43_0_IRQHandler
                0x08000298                VADC0_G0_1_IRQHandler
                0x08000298                CCU81_2_IRQHandler
                0x08000298                USIC2_4_IRQHandler
                0x08000298                CCU81_3_IRQHandler
                0x08000298                CCU42_1_IRQHandler
                0x08000298                USIC1_1_IRQHandler
                0x08000298                USIC2_5_IRQHandler
                0x08000298                CCU40_0_IRQHandler
                0x08000298                CAN0_0_IRQHandler
                0x08000298                ERU1_0_IRQHandler
                0x08000298                CCU42_2_IRQHandler
                0x08000298                Default_Handler
                0x08000298                USIC1_4_IRQHandler
                0x08000298                ERU1_3_IRQHandler
                0x08000298                USIC1_0_IRQHandler
                0x08000298                POSIF0_1_IRQHandler
                0x08000298                VADC0_G0_0_IRQHandler
                0x08000298                DSD0_2_IRQHandler
                0x08000298                CCU41_3_IRQHandler
                0x08000298                CCU80_2_IRQHandler
                0x08000298                VADC0_G1_3_IRQHandler
                0x08000298                VADC0_G0_3_IRQHandler
                0x08000298                GPDMA0_0_IRQHandler
                0x08000298                PMU0_0_IRQHandler
                0x08000298                CAN0_7_IRQHandler
                0x08000298                DSD0_1_IRQHandler
                0x08000298                CCU41_2_IRQHandler
                0x08000298                VADC0_C0_1_IRQHandler
                0x08000298                CCU43_2_IRQHandler
                0x08000298                USIC2_2_IRQHandler
                0x08000298                MemManage_Handler
                0x08000298                VADC0_G3_1_IRQHandler
                0x08000298                DAC0_0_IRQHandler
                0x08000298                SVC_Handler
                0x08000298                VADC0_G3_3_IRQHandler
                0x08000298                ERU1_2_IRQHandler
                0x08000298                DSD0_6_IRQHandler
                0x08000298                VADC0_G1_2_IRQHandler
                0x08000298                USIC2_3_IRQHandler
                0x08000298                CAN0_2_IRQHandler
                0x08000298                USIC2_0_IRQHandler
                0x08000298                VADC0_G0_2_IRQHandler
                0x08000298                ECAT0_0_IRQHandler
                0x08000298                VADC0_G2_1_IRQHandler
                0x08000298                CAN0_3_IRQHandler
                0x08000298                ETH0_0_IRQHandler
                0x08000298                DSD0_0_IRQHandler
                0x08000298                VADC0_C0_2_IRQHandler
                0x08000298                CCU42_0_IRQHandler
                0x08000298                FCE0_0_IRQHandler
                0x08000298                VADC0_G1_0_IRQHandler
                0x08000298                CAN0_5_IRQHandler
                0x08000298                CCU80_0_IRQHandler
                0x08000298                CCU40_1_IRQHandler
                0x08000298                USIC2_1_IRQHandler
                0x08000298                VADC0_G3_2_IRQHandler
                0x08000298                CCU40_3_IRQHandler
                0x08000298                BusFault_Handler
                0x08000298                LEDTS0_0_IRQHandler
                0x08000298                CCU43_3_IRQHandler
                0x08000298                ERU0_1_IRQHandler
                0x08000298                VADC0_G3_0_IRQHandler
                0x08000298                USIC1_2_IRQHandler
                0x08000298                DSD0_3_IRQHandler
                0x08000298                SDMMC0_0_IRQHandler
                0x08000298                CAN0_1_IRQHandler
                0x08000298                USIC0_2_IRQHandler
                0x08000298                DAC0_1_IRQHandler
                0x08000298                GPDMA1_0_IRQHandler
 *(.text .text.* .gnu.linkonce.t.*)
 .text.XMC_FLASH_ClearStatus
                0x0800029c        0xc ./lib/xmc/XMCLib/src/xmc4_flash.o
                0x0800029c                XMC_FLASH_ClearStatus
 .text.XMC_FLASH_GetStatus
                0x080002a8       0x10 ./lib/xmc/XMCLib/src/xmc4_flash.o
                0x080002a8                XMC_FLASH_GetStatus
 .text.XMC_FLASH_EraseSector
                0x080002b8       0x38 ./lib/xmc/XMCLib/src/xmc4_flash.o
                0x080002b8                XMC_FLASH_EraseSector
 .text.XMC_GPIO_Init
                0x080002f0       0x8c ./lib/xmc/XMCLib/src/xmc4_gpio.o
                0x080002f0                XMC_GPIO_Init
 .text.XMC_SCU_RESET_AssertPeripheralReset
                0x0800037c       0x18 ./lib/xmc/XMCLib/src/xmc4_scu.o
                0x0800037c                XMC_SCU_RESET_AssertPeripheralReset
 .text.XMC_SCU_RESET_DeassertPeripheralReset
                0x08000394       0x18 ./lib/xmc/XMCLib/src/xmc4_scu.o
                0x08000394                XMC_SCU_RESET_DeassertPeripheralReset
 .text.XMC_SCU_CLOCK_GetPeripheralClockFrequency
                0x080003ac       0x18 ./lib/xmc/XMCLib/src/xmc4_scu.o
                0x080003ac                XMC_SCU_CLOCK_GetPeripheralClockFrequency
 .text.XMC_SCU_CLOCK_SetUsbClockSource
                0x080003c4       0x14 ./lib/xmc/XMCLib/src/xmc4_scu.o
                0x080003c4                XMC_SCU_CLOCK_SetUsbClockSource
 .text.XMC_SCU_CLOCK_SetWdtClockSource
                0x080003d8       0x14 ./lib/xmc/XMCLib/src/xmc4_scu.o
                0x080003d8                XMC_SCU_CLOCK_SetWdtClockSource
 .text.XMC_SCU_HIB_SetRtcClockSource
                0x080003ec       0x20 ./lib/xmc/XMCLib/src/xmc4_scu.o
                0x080003ec                XMC_SCU_HIB_SetRtcClockSource
 .text.XMC_SCU_CLOCK_SetUsbClockDivider
                0x0800040c       0x14 ./lib/xmc/XMCLib/src/xmc4_scu.o
                0x0800040c                XMC_SCU_CLOCK_SetUsbClockDivider
 .text.XMC_SCU_CLOCK_SetEbuClockDivider
                0x08000420       0x14 ./lib/xmc/XMCLib/src/xmc4_scu.o
                0x08000420                XMC_SCU_CLOCK_SetEbuClockDivider
 .text.XMC_SCU_CLOCK_SetWdtClockDivider
                0x08000434       0x14 ./lib/xmc/XMCLib/src/xmc4_scu.o
                0x08000434                XMC_SCU_CLOCK_SetWdtClockDivider
 .text.XMC_SCU_CLOCK_SetECATClockDivider
                0x08000448       0x14 ./lib/xmc/XMCLib/src/xmc4_scu.o
                0x08000448                XMC_SCU_CLOCK_SetECATClockDivider
 .text.XMC_SCU_CLOCK_EnableClock
                0x0800045c        0xc ./lib/xmc/XMCLib/src/xmc4_scu.o
                0x0800045c                XMC_SCU_CLOCK_EnableClock
 .text.XMC_SCU_CLOCK_GatePeripheralClock
                0x08000468       0x18 ./lib/xmc/XMCLib/src/xmc4_scu.o
                0x08000468                XMC_SCU_CLOCK_GatePeripheralClock
 .text.XMC_SCU_CLOCK_UngatePeripheralClock
                0x08000480       0x18 ./lib/xmc/XMCLib/src/xmc4_scu.o
                0x08000480                XMC_SCU_CLOCK_UngatePeripheralClock
 .text.XMC_SCU_CLOCK_StartUsbPll
                0x08000498       0x44 ./lib/xmc/XMCLib/src/xmc4_scu.o
                0x08000498                XMC_SCU_CLOCK_StartUsbPll
 .text.XMC_SCU_POWER_EnableUsb
                0x080004dc       0x10 ./lib/xmc/XMCLib/src/xmc4_scu.o
                0x080004dc                XMC_SCU_POWER_EnableUsb
 .text.XMC_SCU_POWER_DisableUsb
                0x080004ec       0x10 ./lib/xmc/XMCLib/src/xmc4_scu.o
                0x080004ec                XMC_SCU_POWER_DisableUsb
 .text.XMC_SCU_CLOCK_StartSystemPll
                0x080004fc      0x1b4 ./lib/xmc/XMCLib/src/xmc4_scu.o
                0x080004fc                XMC_SCU_CLOCK_StartSystemPll
 .text.XMC_SCU_CLOCK_Init
                0x080006b0      0x210 ./lib/xmc/XMCLib/src/xmc4_scu.o
                0x080006b0                XMC_SCU_CLOCK_Init
 .text.XMC_CCU4_Init
                0x080008c0       0x88 ./lib/xmc/XMCLib/src/xmc_ccu4.o
                0x080008c0                XMC_CCU4_Init
 .text.XMC_CCU4_SLICE_CompareInit
                0x08000948       0x34 ./lib/xmc/XMCLib/src/xmc_ccu4.o
                0x08000948                XMC_CCU4_SLICE_CompareInit
 .text.XMC_CCU4_SLICE_SetPrescaler
                0x0800097c       0x10 ./lib/xmc/XMCLib/src/xmc_ccu4.o
                0x0800097c                XMC_CCU4_SLICE_SetPrescaler
 .text.XMC_CCU4_SLICE_SetInterruptNode
                0x0800098c       0x38 ./lib/xmc/XMCLib/src/xmc_ccu4.o
                0x0800098c                XMC_CCU4_SLICE_SetInterruptNode
 .text.XMC_CCU8_Init
                0x080009c4       0x58 ./lib/xmc/XMCLib/src/xmc_ccu8.o
                0x080009c4                XMC_CCU8_Init
 .text.XMC_CCU8_SLICE_CompareInit
                0x08000a1c       0x3c ./lib/xmc/XMCLib/src/xmc_ccu8.o
                0x08000a1c                XMC_CCU8_SLICE_CompareInit
 .text.XMC_CCU8_SLICE_SetTimerPeriodMatch
                0x08000a58        0x4 ./lib/xmc/XMCLib/src/xmc_ccu8.o
                0x08000a58                XMC_CCU8_SLICE_SetTimerPeriodMatch
 .text.XMC_CCU8_SLICE_SetPrescaler
                0x08000a5c       0x10 ./lib/xmc/XMCLib/src/xmc_ccu8.o
                0x08000a5c                XMC_CCU8_SLICE_SetPrescaler
 .text.XMC_CCU8_SLICE_SetTimerCompareMatch
                0x08000a6c        0xc ./lib/xmc/XMCLib/src/xmc_ccu8.o
                0x08000a6c                XMC_CCU8_SLICE_SetTimerCompareMatch
 .text.XMC_CCU8_SLICE_SetInterruptNode
                0x08000a78       0x38 ./lib/xmc/XMCLib/src/xmc_ccu8.o
                0x08000a78                XMC_CCU8_SLICE_SetInterruptNode
 .text.XMC_FCE_Init
                0x08000ab0       0x10 ./lib/xmc/XMCLib/src/xmc_fce.o
                0x08000ab0                XMC_FCE_Init
 .text.XMC_FCE_Enable
                0x08000ac0       0x24 ./lib/xmc/XMCLib/src/xmc_fce.o
                0x08000ac0                XMC_FCE_Enable
 .text.XMC_FCE_CalculateCRC32
                0x08000ae4       0x28 ./lib/xmc/XMCLib/src/xmc_fce.o
                0x08000ae4                XMC_FCE_CalculateCRC32
 .text.XMC_GPIO_SetMode
                0x08000b0c       0x28 ./lib/xmc/XMCLib/src/xmc_gpio.o
                0x08000b0c                XMC_GPIO_SetMode
 .text.XMC_GPIO_SetHardwareControl
                0x08000b34       0x20 ./lib/xmc/XMCLib/src/xmc_gpio.o
                0x08000b34                XMC_GPIO_SetHardwareControl
 .text.XMC_I2C_CH_Init
                0x08000b54       0x7c ./lib/xmc/XMCLib/src/xmc_i2c.o
                0x08000b54                XMC_I2C_CH_Init
 .text.XMC_I2C_CH_SetBaudrate
                0x08000bd0       0x48 ./lib/xmc/XMCLib/src/xmc_i2c.o
                0x08000bd0                XMC_I2C_CH_SetBaudrate
 .text.XMC_I2C_CH_MasterStart
                0x08000c18       0x30 ./lib/xmc/XMCLib/src/xmc_i2c.o
                0x08000c18                XMC_I2C_CH_MasterStart
 .text.XMC_I2C_CH_MasterRepeatedStart
                0x08000c48       0x30 ./lib/xmc/XMCLib/src/xmc_i2c.o
                0x08000c48                XMC_I2C_CH_MasterRepeatedStart
 .text.XMC_I2C_CH_MasterStop
                0x08000c78       0x2c ./lib/xmc/XMCLib/src/xmc_i2c.o
                0x08000c78                XMC_I2C_CH_MasterStop
 .text.XMC_I2C_CH_MasterTransmit
                0x08000ca4       0x24 ./lib/xmc/XMCLib/src/xmc_i2c.o
                0x08000ca4                XMC_I2C_CH_MasterTransmit
 .text.XMC_I2C_CH_MasterReceiveAck
                0x08000cc8       0x2c ./lib/xmc/XMCLib/src/xmc_i2c.o
                0x08000cc8                XMC_I2C_CH_MasterReceiveAck
 .text.XMC_I2C_CH_MasterReceiveNack
                0x08000cf4       0x2c ./lib/xmc/XMCLib/src/xmc_i2c.o
                0x08000cf4                XMC_I2C_CH_MasterReceiveNack
 .text.XMC_I2C_CH_GetReceivedData
                0x08000d20       0x14 ./lib/xmc/XMCLib/src/xmc_i2c.o
                0x08000d20                XMC_I2C_CH_GetReceivedData
 .text.XMC_I2C_CH_EnableEvent
                0x08000d34       0x20 ./lib/xmc/XMCLib/src/xmc_i2c.o
                0x08000d34                XMC_I2C_CH_EnableEvent
 .text.XMC_I2C_CH_DisableEvent
                0x08000d54       0x24 ./lib/xmc/XMCLib/src/xmc_i2c.o
                0x08000d54                XMC_I2C_CH_DisableEvent
 .text.XMC_UART_CH_Init
                0x08000d78       0x64 ./lib/xmc/XMCLib/src/xmc_uart.o
                0x08000d78                XMC_UART_CH_Init
 .text.XMC_UART_CH_Transmit
                0x08000ddc       0x24 ./lib/xmc/XMCLib/src/xmc_uart.o
                0x08000ddc                XMC_UART_CH_Transmit
 .text.XMC_UART_CH_GetReceivedData
                0x08000e00       0x14 ./lib/xmc/XMCLib/src/xmc_uart.o
                0x08000e00                XMC_UART_CH_GetReceivedData
 .text.XMC_USBD_GetCapabilities
                0x08000e14       0x1c ./lib/xmc/XMCLib/src/xmc_usbd.o
                0x08000e14                XMC_USBD_GetCapabilities
 .text.XMC_USBD_DeviceConnect
                0x08000e30       0x18 ./lib/xmc/XMCLib/src/xmc_usbd.o
                0x08000e30                XMC_USBD_DeviceConnect
 .text.XMC_USBD_DeviceDisconnect
                0x08000e48       0x18 ./lib/xmc/XMCLib/src/xmc_usbd.o
                0x08000e48                XMC_USBD_DeviceDisconnect
 .text.XMC_USBD_DeviceGetState
                0x08000e60      0x118 ./lib/xmc/XMCLib/src/xmc_usbd.o
                0x08000e60                XMC_USBD_DeviceGetState
 .text.XMC_USBD_DeviceSetAddress
                0x08000f78       0x18 ./lib/xmc/XMCLib/src/xmc_usbd.o
                0x08000f78                XMC_USBD_DeviceSetAddress
 .text.XMC_USBD_EndpointStall
                0x08000f90       0x8c ./lib/xmc/XMCLib/src/xmc_usbd.o
                0x08000f90                XMC_USBD_EndpointStall
 .text.XMC_USBD_EndpointAbort
                0x0800101c       0x44 ./lib/xmc/XMCLib/src/xmc_usbd.o
                0x0800101c                XMC_USBD_EndpointAbort
 .text.XMC_USBD_EndpointUnconfigure
                0x08001060      0x100 ./lib/xmc/XMCLib/src/xmc_usbd.o
                0x08001060                XMC_USBD_EndpointUnconfigure
 .text.XMC_USBD_GetFrameNumber
                0x08001160       0x14 ./lib/xmc/XMCLib/src/xmc_usbd.o
                0x08001160                XMC_USBD_GetFrameNumber
 .text.XMC_USBD_IsEnumDone
                0x08001174       0x1c ./lib/xmc/XMCLib/src/xmc_usbd.o
                0x08001174                XMC_USBD_IsEnumDone
 .text.XMC_USBD_Uninitialize
                0x08001190       0x24 ./lib/xmc/XMCLib/src/xmc_usbd.o
                0x08001190                XMC_USBD_Uninitialize
 .text.XMC_USBD_EndpointConfigure
                0x080011b4      0x280 ./lib/xmc/XMCLib/src/xmc_usbd.o
                0x080011b4                XMC_USBD_EndpointConfigure
 .text.XMC_USBD_EndpointRead
                0x08001434       0x40 ./lib/xmc/XMCLib/src/xmc_usbd.o
                0x08001434                XMC_USBD_EndpointRead
 .text.XMC_USBD_Init
                0x08001474      0x1cc ./lib/xmc/XMCLib/src/xmc_usbd.o
                0x08001474                XMC_USBD_Init
 .text.XMC_USBD_EndpointReadStart
                0x08001640       0xe0 ./lib/xmc/XMCLib/src/xmc_usbd.o
                0x08001640                XMC_USBD_EndpointReadStart
 .text.XMC_USBD_EndpointWrite
                0x08001720       0xf8 ./lib/xmc/XMCLib/src/xmc_usbd.o
                0x08001720                XMC_USBD_EndpointWrite
 .text.XMC_USBD_IRQHandler
                0x08001818      0x8d8 ./lib/xmc/XMCLib/src/xmc_usbd.o
                0x08001818                XMC_USBD_IRQHandler
 .text.XMC_USBD_Disable
                0x080020f0       0x1c ./lib/xmc/XMCLib/src/xmc_usbd.o
                0x080020f0                XMC_USBD_Disable
 .text.XMC_USIC_CH_Enable
                0x0800210c       0x84 ./lib/xmc/XMCLib/src/xmc_usic.o
                0x0800210c                XMC_USIC_CH_Enable
 .text.XMC_USIC_CH_SetBaudrate
                0x08002190       0x84 ./lib/xmc/XMCLib/src/xmc_usic.o
                0x08002190                XMC_USIC_CH_SetBaudrate
 .text.XMC_USIC_CH_TXFIFO_Configure
                0x08002214       0x2c ./lib/xmc/XMCLib/src/xmc_usic.o
                0x08002214                XMC_USIC_CH_TXFIFO_Configure
 .text.XMC_USIC_CH_RXFIFO_Configure
                0x08002240       0x30 ./lib/xmc/XMCLib/src/xmc_usic.o
                0x08002240                XMC_USIC_CH_RXFIFO_Configure
 .text.XMC_USIC_CH_RXFIFO_SetSizeTriggerLimit
                0x08002270       0x24 ./lib/xmc/XMCLib/src/xmc_usic.o
                0x08002270                XMC_USIC_CH_RXFIFO_SetSizeTriggerLimit
 .text.XMC_USIC_CH_SetInterruptNodePointer
                0x08002294       0x18 ./lib/xmc/XMCLib/src/xmc_usic.o
                0x08002294                XMC_USIC_CH_SetInterruptNodePointer
 .text.XMC_USIC_CH_TXFIFO_SetInterruptNodePointer
                0x080022ac       0x1c ./lib/xmc/XMCLib/src/xmc_usic.o
                0x080022ac                XMC_USIC_CH_TXFIFO_SetInterruptNodePointer
 .text.XMC_USIC_CH_RXFIFO_SetInterruptNodePointer
                0x080022c8       0x1c ./lib/xmc/XMCLib/src/xmc_usic.o
                0x080022c8                XMC_USIC_CH_RXFIFO_SetInterruptNodePointer
 .text.SystemCoreClockUpdate
                0x080022e4       0x84 ./lib/xmc/Startup/system_XMC4800.o
                0x080022e4                SystemCoreClockUpdate
 .text.SystemInit
                0x08002368       0x1c ./lib/xmc/Startup/system_XMC4800.o
                0x08002368                SystemInit
 .text._sbrk    0x08002384       0x40 ./lib/xmc/Newlib/syscalls.o
                0x08002384                _sbrk
 .text._init    0x080023c4        0x4 ./lib/xmc/Newlib/syscalls.o
                0x080023c4                _init
 .text.USBD_VCOM_Event_GetDescriptor
                0x080023c8       0x4c ./lib/xmc/Dave/Generated/USBD_VCOM/virtual_com/descriptors.o
                0x080023c8                USBD_VCOM_Event_GetDescriptor
 .text.CDC_Device_ProcessControlRequest
                0x08002414      0x128 ./lib/xmc/Dave/Generated/USBD_VCOM/class_driver/device/cdc_class_device.o
                0x08002414                CDC_Device_ProcessControlRequest
 .text.CDC_Device_ConfigureEndpoints
                0x0800253c       0x54 ./lib/xmc/Dave/Generated/USBD_VCOM/class_driver/device/cdc_class_device.o
                0x0800253c                CDC_Device_ConfigureEndpoints
 .text.USBD_VCOM_CDCClass_Event_LineEncodingChanged
                0x08002590        0xc ./lib/xmc/Dave/Generated/USBD_VCOM/usbd_vcom.o
                0x08002590                USBD_VCOM_CDCClass_Event_LineEncodingChanged
 .text.USBD_VCOM_CDCClass_Event_ControlLineStateChanged
                0x0800259c        0xc ./lib/xmc/Dave/Generated/USBD_VCOM/usbd_vcom.o
                0x0800259c                USBD_VCOM_CDCClass_Event_ControlLineStateChanged
 .text.USBD_VCOM_CDCClass_Event_BreakSent
                0x080025a8        0xc ./lib/xmc/Dave/Generated/USBD_VCOM/usbd_vcom.o
                0x080025a8                USBD_VCOM_CDCClass_Event_BreakSent
 .text.USBD_VCOM_Event_ConfigurationChanged
                0x080025b4       0x58 ./lib/xmc/Dave/Generated/USBD_VCOM/usbd_vcom.o
                0x080025b4                USBD_VCOM_Event_ConfigurationChanged
 .text.USBD_VCOM_Event_ControlRequest
                0x0800260c        0xc ./lib/xmc/Dave/Generated/USBD_VCOM/usbd_vcom.o
                0x0800260c                USBD_VCOM_Event_ControlRequest
 .text.USBD_VCOM_Event_Reset
                0x08002618       0xc8 ./lib/xmc/Dave/Generated/USBD_VCOM/usbd_vcom.o
                0x08002618                USBD_VCOM_Event_Reset
 .text.USBD_VCOM_Init
                0x080026e0       0xa8 ./lib/xmc/Dave/Generated/USBD_VCOM/usbd_vcom.o
                0x080026e0                USBD_VCOM_Init
 .text.USBD_VCOM_IsEnumDone
                0x08002788       0x1c ./lib/xmc/Dave/Generated/USBD_VCOM/usbd_vcom.o
                0x08002788                USBD_VCOM_IsEnumDone
 .text.USBD_VCOM_Connect
                0x080027a4        0x4 ./lib/xmc/Dave/Generated/USBD_VCOM/usbd_vcom.o
                0x080027a4                USBD_VCOM_Connect
 .text.Endpoint_ClearIN
                0x080027a8       0x70 ./lib/xmc/Dave/Generated/USBD/usb/core/xmc4000/usbd_endpoint_xmc4000.o
                0x080027a8                Endpoint_ClearIN
 .text.Endpoint_Write_8
                0x08002818       0x2c ./lib/xmc/Dave/Generated/USBD/usb/core/xmc4000/usbd_endpoint_xmc4000.o
                0x08002818                Endpoint_Write_8
 .text.Endpoint_Read_8
                0x08002844       0x2c ./lib/xmc/Dave/Generated/USBD/usb/core/xmc4000/usbd_endpoint_xmc4000.o
                0x08002844                Endpoint_Read_8
 .text.Endpoint_Write_32_LE
                0x08002870       0x2c ./lib/xmc/Dave/Generated/USBD/usb/core/xmc4000/usbd_endpoint_xmc4000.o
                0x08002870                Endpoint_Write_32_LE
 .text.Endpoint_Read_32_LE
                0x0800289c       0x2c ./lib/xmc/Dave/Generated/USBD/usb/core/xmc4000/usbd_endpoint_xmc4000.o
                0x0800289c                Endpoint_Read_32_LE
 .text.Endpoint_ConfigureEndpointTable
                0x080028c8       0x94 ./lib/xmc/Dave/Generated/USBD/usb/core/xmc4000/usbd_endpoint_xmc4000.o
                0x080028c8                Endpoint_ConfigureEndpointTable
 .text.USBD_SignalDeviceEventHandler
                0x0800295c      0x304 ./lib/xmc/Dave/Generated/USBD/usbd.o
 .text.USBD_HandleEP0_Stall
                0x08002c60       0x28 ./lib/xmc/Dave/Generated/USBD/usbd.o
 .text.USBD_Handle_DeviceRequest
                0x08002c88      0x31c ./lib/xmc/Dave/Generated/USBD/usbd.o
 .text.USBD_SignalEndpointEvent_Handler
                0x08002fa4      0x1d8 ./lib/xmc/Dave/Generated/USBD/usbd.o
 .text.USBD_Init
                0x0800317c      0x118 ./lib/xmc/Dave/Generated/USBD/usbd.o
                0x0800317c                USBD_Init
 .text.USBD_Connect
                0x08003294        0xc ./lib/xmc/Dave/Generated/USBD/usbd.o
                0x08003294                USBD_Connect
 .text.USBD_IsEnumDone
                0x080032a0        0xc ./lib/xmc/Dave/Generated/USBD/usbd.o
                0x080032a0                USBD_IsEnumDone
 .text.USBD_SetEndpointBuffer
                0x080032ac       0x34 ./lib/xmc/Dave/Generated/USBD/usbd.o
                0x080032ac                USBD_SetEndpointBuffer
 .text.USB0_0_IRQHandler
                0x080032e0        0xc ./lib/xmc/Dave/Generated/USBD/usbd.o
                0x080032e0                USB0_0_IRQHandler
 .text.UART_Init
                0x080032ec        0x8 ./lib/xmc/Dave/Generated/UART/uart.o
                0x080032ec                UART_Init
 .text.UART_lTransmitHandler
                0x080032f4       0x98 ./lib/xmc/Dave/Generated/UART/uart.o
                0x080032f4                UART_lTransmitHandler
 .text.UART_lReceiveHandler
                0x0800338c       0xc8 ./lib/xmc/Dave/Generated/UART/uart.o
                0x0800338c                UART_lReceiveHandler
 .text.cunit_logger_init
                0x08003454      0x100 ./lib/xmc/Dave/Generated/UART/uart_conf.o
                0x08003454                cunit_logger_init
 .text.USIC0_4_IRQHandler
                0x08003554        0xc ./lib/xmc/Dave/Generated/UART/uart_conf.o
                0x08003554                USIC0_4_IRQHandler
 .text.USIC0_5_IRQHandler
                0x08003560        0xc ./lib/xmc/Dave/Generated/UART/uart_conf.o
                0x08003560                USIC0_5_IRQHandler
 .text.TIMER_Init
                0x0800356c      0x104 ./lib/xmc/Dave/Generated/TIMER/timer.o
                0x0800356c                TIMER_Init
 .text.TIMER_Start
                0x08003670       0x2c ./lib/xmc/Dave/Generated/TIMER/timer.o
                0x08003670                TIMER_Start
 .text.TIMER_Stop
                0x0800369c       0x44 ./lib/xmc/Dave/Generated/TIMER/timer.o
                0x0800369c                TIMER_Stop
 .text.TIMER_SetTimeInterval
                0x080036e0      0x160 ./lib/xmc/Dave/Generated/TIMER/timer.o
                0x080036e0                TIMER_SetTimeInterval
 .text.TIMER_ClearEvent
                0x08003840       0x2c ./lib/xmc/Dave/Generated/TIMER/timer.o
                0x08003840                TIMER_ClearEvent
 .text.TIMER_Clear
                0x0800386c       0x2c ./lib/xmc/Dave/Generated/TIMER/timer.o
                0x0800386c                TIMER_Clear
 .text.INTERRUPT_Init
                0x08003898       0x90 ./lib/xmc/Dave/Generated/INTERRUPT/interrupt.o
                0x08003898                INTERRUPT_Init
 .text.I2C_MASTER_Init
                0x08003928       0x14 ./lib/xmc/Dave/Generated/I2C_MASTER/i2c_master.o
                0x08003928                I2C_MASTER_Init
 .text.I2C_MASTER_Transmit
                0x0800393c       0xc0 ./lib/xmc/Dave/Generated/I2C_MASTER/i2c_master.o
                0x0800393c                I2C_MASTER_Transmit
 .text.I2C_MASTER_TransmitHandler
                0x080039fc      0x25c ./lib/xmc/Dave/Generated/I2C_MASTER/i2c_master.o
                0x080039fc                I2C_MASTER_TransmitHandler
 .text.I2C_MASTER_Receive
                0x08003c58      0x350 ./lib/xmc/Dave/Generated/I2C_MASTER/i2c_master.o
                0x08003c58                I2C_MASTER_Receive
 .text.I2C_MASTER_ReceiveHandler
                0x08003fa8      0x220 ./lib/xmc/Dave/Generated/I2C_MASTER/i2c_master.o
                0x08003fa8                I2C_MASTER_ReceiveHandler
 .text.I2C_MASTER_AbortTransmit
                0x080041c8       0x58 ./lib/xmc/Dave/Generated/I2C_MASTER/i2c_master.o
                0x080041c8                I2C_MASTER_AbortTransmit
 .text.I2C_MASTER_AbortReceive
                0x08004220       0x50 ./lib/xmc/Dave/Generated/I2C_MASTER/i2c_master.o
                0x08004220                I2C_MASTER_AbortReceive
 .text.i2c_master_0_disable_io
                0x08004270       0x24 ./lib/xmc/Dave/Generated/I2C_MASTER/i2c_master_conf.o
 .text.i2c_master_0_enable_io
                0x08004294       0x24 ./lib/xmc/Dave/Generated/I2C_MASTER/i2c_master_conf.o
 .text.i2c_master_0_init
                0x080042b8      0x120 ./lib/xmc/Dave/Generated/I2C_MASTER/i2c_master_conf.o
                0x080042b8                i2c_master_0_init
 .text.USIC0_1_IRQHandler
                0x080043d8        0xc ./lib/xmc/Dave/Generated/I2C_MASTER/i2c_master_conf.o
                0x080043d8                USIC0_1_IRQHandler
 .text.USIC0_3_IRQHandler
                0x080043e4        0xc ./lib/xmc/Dave/Generated/I2C_MASTER/i2c_master_conf.o
                0x080043e4                USIC0_3_IRQHandler
 .text.GLOBAL_CCU8_Init
                0x080043f0       0x28 ./lib/xmc/Dave/Generated/GLOBAL_CCU8/global_ccu8.o
                0x080043f0                GLOBAL_CCU8_Init
 .text.GLOBAL_CCU4_Init
                0x08004418       0x28 ./lib/xmc/Dave/Generated/GLOBAL_CCU4/global_ccu4.o
                0x08004418                GLOBAL_CCU4_Init
 .text.E_EEPROM_XMC4_Init
                0x08004440      0x228 ./lib/xmc/Dave/Generated/E_EEPROM_XMC4/e_eeprom_xmc4.o
                0x08004440                E_EEPROM_XMC4_Init
 .text.DIGITAL_IO_Init
                0x08004668       0x1c ./lib/xmc/Dave/Generated/DIGITAL_IO/digital_io.o
                0x08004668                DIGITAL_IO_Init
 .text.SystemCoreSetup
                0x08004684       0x74 ./lib/xmc/Dave/Generated/CPU_CTRL_XMC4/cpu_ctrl_xmc4_conf.o
                0x08004684                SystemCoreSetup
 .text.CLOCK_XMC4_Init
                0x080046f8        0x8 ./lib/xmc/Dave/Generated/CLOCK_XMC4/clock_xmc4.o
                0x080046f8                CLOCK_XMC4_Init
 .text.OSCHP_GetFrequency
                0x08004700        0x8 ./lib/xmc/Dave/Generated/CLOCK_XMC4/clock_xmc4.o
                0x08004700                OSCHP_GetFrequency
 .text.SystemCoreClockSetup
                0x08004708       0x60 ./lib/xmc/Dave/Generated/CLOCK_XMC4/clock_xmc4_conf.o
                0x08004708                SystemCoreClockSetup
 .text.DAVE_Init
                0x08004768       0xb8 ./lib/xmc/Dave/Generated/DAVE.o
                0x08004768                DAVE_Init
 .text.pal_init
                0x08004820        0x4 ./lib/pal/pal.o
                0x08004820                pal_init
 .text.pal_crypt_tls_prf_sha256
                0x08004824      0x144 ./lib/pal/pal_crypt_mbedtls.o
                0x08004824                pal_crypt_tls_prf_sha256
 .text.pal_crypt_encrypt_aes128_ccm
                0x08004968       0x80 ./lib/pal/pal_crypt_mbedtls.o
                0x08004968                pal_crypt_encrypt_aes128_ccm
 .text.pal_crypt_decrypt_aes128_ccm
                0x080049e8       0x74 ./lib/pal/pal_crypt_mbedtls.o
                0x080049e8                pal_crypt_decrypt_aes128_ccm
 .text.pal_gpio_set_high
                0x08004a5c       0x14 ./lib/pal/pal_gpio.o
                0x08004a5c                pal_gpio_set_high
 .text.pal_gpio_set_low
                0x08004a70       0x14 ./lib/pal/pal_gpio.o
                0x08004a70                pal_gpio_set_low
 .text.i2c_master_end_of_transmit_callback
                0x08004a84       0x20 ./lib/pal/pal_i2c.o
                0x08004a84                i2c_master_end_of_transmit_callback
 .text.i2c_master_end_of_receive_callback
                0x08004aa4       0x20 ./lib/pal/pal_i2c.o
                0x08004aa4                i2c_master_end_of_receive_callback
 .text.i2c_master_error_detected_callback
                0x08004ac4       0x54 ./lib/pal/pal_i2c.o
                0x08004ac4                i2c_master_error_detected_callback
 .text.i2c_master_nack_received_callback
                0x08004b18       0x54 ./lib/pal/pal_i2c.o
                0x08004b18                i2c_master_nack_received_callback
 .text.i2c_master_arbitration_lost_callback
                0x08004b6c       0x54 ./lib/pal/pal_i2c.o
                0x08004b6c                i2c_master_arbitration_lost_callback
 .text.pal_i2c_init
                0x08004bc0        0x4 ./lib/pal/pal_i2c.o
                0x08004bc0                pal_i2c_init
 .text.pal_i2c_deinit
                0x08004bc4        0x4 ./lib/pal/pal_i2c.o
                0x08004bc4                pal_i2c_deinit
 .text.pal_i2c_write
                0x08004bc8       0x60 ./lib/pal/pal_i2c.o
                0x08004bc8                pal_i2c_write
 .text.pal_i2c_read
                0x08004c28       0x60 ./lib/pal/pal_i2c.o
                0x08004c28                pal_i2c_read
 .text.pal_i2c_set_bitrate
                0x08004c88       0x5c ./lib/pal/pal_i2c.o
                0x08004c88                pal_i2c_set_bitrate
 .text.cunit_console_uart_end_of_transmit_callback
                0x08004ce4        0xc ./lib/pal/pal_logger.o
                0x08004ce4                cunit_console_uart_end_of_transmit_callback
 .text.cunit_console_uart_end_of_receive_callback
                0x08004cf0        0xc ./lib/pal/pal_logger.o
                0x08004cf0                cunit_console_uart_end_of_receive_callback
 .text.pal_logger_init
                0x08004cfc       0x20 ./lib/pal/pal_logger.o
                0x08004cfc                pal_logger_init
 .text.pal_os_datastore_write
                0x08004d1c       0x4c ./lib/pal/pal_os_datastore.o
                0x08004d1c                pal_os_datastore_write
 .text.pal_os_datastore_read
                0x08004d68       0x54 ./lib/pal/pal_os_datastore.o
                0x08004d68                pal_os_datastore_read
 .text.pal_os_event_start
                0x08004dbc       0x2c ./lib/pal/pal_os_event.o
                0x08004dbc                pal_os_event_start
 .text.pal_os_event_stop
                0x08004de8        0x8 ./lib/pal/pal_os_event.o
                0x08004de8                pal_os_event_stop
 .text.pal_os_event_create
                0x08004df0       0x40 ./lib/pal/pal_os_event.o
                0x08004df0                pal_os_event_create
 .text.CCU43_1_IRQHandler
                0x08004e30       0x2c ./lib/pal/pal_os_event.o
                0x08004e30                CCU43_1_IRQHandler
 .text.pal_os_event_register_callback_oneshot
                0x08004e5c       0x24 ./lib/pal/pal_os_event.o
                0x08004e5c                pal_os_event_register_callback_oneshot
 .text.pal_os_lock_enter_critical_section
                0x08004e80        0x4 ./lib/pal/pal_os_lock.o
                0x08004e80                pal_os_lock_enter_critical_section
 .text.pal_os_lock_exit_critical_section
                0x08004e84        0x4 ./lib/pal/pal_os_lock.o
                0x08004e84                pal_os_lock_exit_critical_section
 .text.pal_os_calloc
                0x08004e88        0x4 ./lib/pal/pal_os_memory.o
                0x08004e88                pal_os_calloc
 .text.pal_os_free
                0x08004e8c        0x4 ./lib/pal/pal_os_memory.o
                0x08004e8c                pal_os_free
 .text.pal_os_memcpy
                0x08004e90        0x4 ./lib/pal/pal_os_memory.o
                0x08004e90                pal_os_memcpy
 .text.pal_os_memset
                0x08004e94        0x4 ./lib/pal/pal_os_memory.o
                0x08004e94                pal_os_memset
 .text.CCU41_1_IRQHandler
                0x08004e98       0x24 ./lib/pal/pal_os_timer.o
                0x08004e98                CCU41_1_IRQHandler
 .text.pal_os_timer_get_time_in_microseconds
                0x08004ebc       0x10 ./lib/pal/pal_os_timer.o
                0x08004ebc                pal_os_timer_get_time_in_microseconds
 .text.pal_os_timer_get_time_in_milliseconds
                0x08004ecc        0xc ./lib/pal/pal_os_timer.o
                0x08004ecc                pal_os_timer_get_time_in_milliseconds
 .text.pal_os_timer_delay_in_milliseconds
                0x08004ed8       0x14 ./lib/pal/pal_os_timer.o
                0x08004ed8                pal_os_timer_delay_in_milliseconds
 .text.optiga_util_generic_event_handler
                0x08004eec        0xc ./lib/optiga/util/optiga_util.o
 .text.optiga_util_set_comms_params
                0x08004ef8       0x18 ./lib/optiga/util/optiga_util.o
                0x08004ef8                optiga_util_set_comms_params
 .text.optiga_util_create
                0x08004f10       0x50 ./lib/optiga/util/optiga_util.o
                0x08004f10                optiga_util_create
 .text.optiga_util_destroy
                0x08004f60       0x30 ./lib/optiga/util/optiga_util.o
                0x08004f60                optiga_util_destroy
 .text.optiga_util_open_application
                0x08004f90       0x74 ./lib/optiga/util/optiga_util.o
                0x08004f90                optiga_util_open_application
 .text.optiga_util_read_metadata
                0x08005004       0x98 ./lib/optiga/util/optiga_util.o
                0x08005004                optiga_util_read_metadata
 .text.optiga_util_write_data
                0x0800509c       0xac ./lib/optiga/util/optiga_util.o
                0x0800509c                optiga_util_write_data
 .text.optiga_util_write_metadata
                0x08005148       0x90 ./lib/optiga/util/optiga_util.o
                0x08005148                optiga_util_write_metadata
 .text.optiga_crypt_generic_event_handler
                0x080051d8        0xc ./lib/optiga/crypt/optiga_crypt.o
 .text.optiga_crypt_set_comms_params
                0x080051e4       0x18 ./lib/optiga/crypt/optiga_crypt.o
                0x080051e4                optiga_crypt_set_comms_params
 .text.optiga_crypt_create
                0x080051fc       0x50 ./lib/optiga/crypt/optiga_crypt.o
                0x080051fc                optiga_crypt_create
 .text.optiga_crypt_destroy
                0x0800524c       0x30 ./lib/optiga/crypt/optiga_crypt.o
                0x0800524c                optiga_crypt_destroy
 .text.optiga_crypt_random
                0x0800527c       0x84 ./lib/optiga/crypt/optiga_crypt.o
                0x0800527c                optiga_crypt_random
 .text.optiga_crypt_ecc_generate_keypair
                0x08005300       0x98 ./lib/optiga/crypt/optiga_crypt.o
                0x08005300                optiga_crypt_ecc_generate_keypair
 .text.optiga_crypt_ecdsa_sign
                0x08005398       0x8c ./lib/optiga/crypt/optiga_crypt.o
                0x08005398                optiga_crypt_ecdsa_sign
 .text.optiga_crypt_ecdsa_verify
                0x08005424       0xa0 ./lib/optiga/crypt/optiga_crypt.o
                0x08005424                optiga_crypt_ecdsa_verify
 .text.ifx_i2c_tl_event_handler
                0x080054c4       0x28 ./lib/optiga/comms/ifx_i2c/ifx_i2c.o
                0x080054c4                ifx_i2c_tl_event_handler
 .text.ifx_i2c_init
                0x080054ec       0xa8 ./lib/optiga/comms/ifx_i2c/ifx_i2c.o
 .text.ifx_i2c_prl_close_event_handler
                0x08005594       0x44 ./lib/optiga/comms/ifx_i2c/ifx_i2c.o
 .text.ifx_i2c_open
                0x080055d8       0x5c ./lib/optiga/comms/ifx_i2c/ifx_i2c.o
                0x080055d8                ifx_i2c_open
 .text.ifx_i2c_transceive
                0x08005634       0x3c ./lib/optiga/comms/ifx_i2c/ifx_i2c.o
                0x08005634                ifx_i2c_transceive
 .text.ifx_i2c_close
                0x08005670       0x4c ./lib/optiga/comms/ifx_i2c/ifx_i2c.o
                0x08005670                ifx_i2c_close
 .text.ifx_i2c_pl_event_handler
                0x080056bc      0x584 ./lib/optiga/comms/ifx_i2c/ifx_i2c_data_link_layer.o
 .text.ifx_i2c_dl_init
                0x08005c40       0x48 ./lib/optiga/comms/ifx_i2c/ifx_i2c_data_link_layer.o
                0x08005c40                ifx_i2c_dl_init
 .text.ifx_i2c_dl_send_frame
                0x08005c88       0xb4 ./lib/optiga/comms/ifx_i2c/ifx_i2c_data_link_layer.o
                0x08005c88                ifx_i2c_dl_send_frame
 .text.ifx_i2c_dl_receive_frame
                0x08005d3c       0x3c ./lib/optiga/comms/ifx_i2c/ifx_i2c_data_link_layer.o
                0x08005d3c                ifx_i2c_dl_receive_frame
 .text.ifx_i2c_pl_status_poll_callback
                0x08005d78       0x30 ./lib/optiga/comms/ifx_i2c/ifx_i2c_physical_layer.o
 .text.ifx_i2c_pal_poll_callback
                0x08005da8       0x28 ./lib/optiga/comms/ifx_i2c/ifx_i2c_physical_layer.o
 .text.ifx_i2c_pl_negotiation_event_handler
                0x08005dd0      0x2a8 ./lib/optiga/comms/ifx_i2c/ifx_i2c_physical_layer.o
 .text.ifx_i2c_pl_pal_event_handler
                0x08006078       0x54 ./lib/optiga/comms/ifx_i2c/ifx_i2c_physical_layer.o
 .text.ifx_i2c_pl_soft_reset
                0x080060cc       0xe4 ./lib/optiga/comms/ifx_i2c/ifx_i2c_physical_layer.o
 .text.ifx_i2c_pl_guard_time_callback
                0x080061b0      0x188 ./lib/optiga/comms/ifx_i2c/ifx_i2c_physical_layer.o
 .text.ifx_i2c_pl_init
                0x08006338       0x70 ./lib/optiga/comms/ifx_i2c/ifx_i2c_physical_layer.o
                0x08006338                ifx_i2c_pl_init
 .text.ifx_i2c_pl_send_frame
                0x080063a8       0x74 ./lib/optiga/comms/ifx_i2c/ifx_i2c_physical_layer.o
                0x080063a8                ifx_i2c_pl_send_frame
 .text.ifx_i2c_pl_receive_frame
                0x0800641c       0x58 ./lib/optiga/comms/ifx_i2c/ifx_i2c_physical_layer.o
                0x0800641c                ifx_i2c_pl_receive_frame
 .text.ifx_i2c_prl_event_handler
                0x08006474      0xc30 ./lib/optiga/comms/ifx_i2c/ifx_i2c_presentation_layer.o
 .text.ifx_i2c_prl_init
                0x080070a4       0x54 ./lib/optiga/comms/ifx_i2c/ifx_i2c_presentation_layer.o
                0x080070a4                ifx_i2c_prl_init
 .text.ifx_i2c_prl_close
                0x080070f8       0x54 ./lib/optiga/comms/ifx_i2c/ifx_i2c_presentation_layer.o
                0x080070f8                ifx_i2c_prl_close
 .text.ifx_i2c_prl_transceive
                0x0800714c       0x84 ./lib/optiga/comms/ifx_i2c/ifx_i2c_presentation_layer.o
                0x0800714c                ifx_i2c_prl_transceive
 .text.ifx_i2c_dl_event_handler
                0x080071d0      0x354 ./lib/optiga/comms/ifx_i2c/ifx_i2c_transport_layer.o
 .text.ifx_i2c_tl_init
                0x08007524       0x34 ./lib/optiga/comms/ifx_i2c/ifx_i2c_transport_layer.o
                0x08007524                ifx_i2c_tl_init
 .text.ifx_i2c_tl_transceive
                0x08007558       0x94 ./lib/optiga/comms/ifx_i2c/ifx_i2c_transport_layer.o
                0x08007558                ifx_i2c_tl_transceive
 .text.ifx_i2c_event_handler
                0x080075ec       0x10 ./lib/optiga/comms/optiga_comms_ifx_i2c.o
 .text.optiga_comms_create
                0x080075fc       0x2c ./lib/optiga/comms/optiga_comms_ifx_i2c.o
                0x080075fc                optiga_comms_create
 .text.optiga_comms_set_callback_context
                0x08007628        0x8 ./lib/optiga/comms/optiga_comms_ifx_i2c.o
                0x08007628                optiga_comms_set_callback_context
 .text.optiga_comms_open
                0x08007630       0x40 ./lib/optiga/comms/optiga_comms_ifx_i2c.o
                0x08007630                optiga_comms_open
 .text.optiga_comms_transceive
                0x08007670       0x58 ./lib/optiga/comms/optiga_comms_ifx_i2c.o
                0x08007670                optiga_comms_transceive
 .text.optiga_comms_close
                0x080076c8       0x38 ./lib/optiga/comms/optiga_comms_ifx_i2c.o
                0x080076c8                optiga_comms_close
 .text.optiga_common_set_uint16
                0x08007700        0x8 ./lib/optiga/common/optiga_lib_common.o
                0x08007700                optiga_common_set_uint16
 .text.optiga_common_set_uint32
                0x08007708       0x18 ./lib/optiga/common/optiga_lib_common.o
                0x08007708                optiga_common_set_uint32
 .text.optiga_common_get_uint32
                0x08007720       0x18 ./lib/optiga/common/optiga_lib_common.o
                0x08007720                optiga_common_get_uint32
 .text.optiga_common_get_uint16
                0x08007738       0x10 ./lib/optiga/common/optiga_lib_common.o
                0x08007738                optiga_common_get_uint16
 .text.optiga_cmd_queue_scheduler
                0x08007748      0x33c ./lib/optiga/cmd/optiga_cmd.o
 .text.optiga_cmd_get_data_object_handler
                0x08007a84      0x114 ./lib/optiga/cmd/optiga_cmd.o
 .text.optiga_cmd_set_data_object_handler
                0x08007b98       0xc0 ./lib/optiga/cmd/optiga_cmd.o
 .text.optiga_cmd_get_random_handler
                0x08007c58       0xd0 ./lib/optiga/cmd/optiga_cmd.o
 .text.optiga_cmd_calc_sign_handler
                0x08007d28       0xd0 ./lib/optiga/cmd/optiga_cmd.o
 .text.optiga_cmd_verify_sign_handler
                0x08007df8      0x17c ./lib/optiga/cmd/optiga_cmd.o
 .text.optiga_cmd_gen_keypair_handler
                0x08007f74      0x160 ./lib/optiga/cmd/optiga_cmd.o
 .text.optiga_cmd_open_application_handler
                0x080080d4       0xf8 ./lib/optiga/cmd/optiga_cmd.o
 .text.optiga_cmd_execute_process_response
                0x080081cc      0x2a0 ./lib/optiga/cmd/optiga_cmd.o
 .text.optiga_cmd_execute_prepare_command
                0x0800846c      0x1e8 ./lib/optiga/cmd/optiga_cmd.o
 .text.optiga_cmd_execute_comms_close
                0x08008654      0x170 ./lib/optiga/cmd/optiga_cmd.o
 .text.optiga_cmd_execute_handler
                0x080087c4      0x1d4 ./lib/optiga/cmd/optiga_cmd.o
 .text.optiga_cmd_execute_handler.constprop.12
                0x08008998      0x194 ./lib/optiga/cmd/optiga_cmd.o
 .text.optiga_cmd_event_trigger_execute
                0x08008b2c        0x4 ./lib/optiga/cmd/optiga_cmd.o
 .text.optiga_cmd_set_shielded_connection_option
                0x08008b30       0x18 ./lib/optiga/cmd/optiga_cmd.o
                0x08008b30                optiga_cmd_set_shielded_connection_option
 .text.optiga_cmd_create
                0x08008b48      0x13c ./lib/optiga/cmd/optiga_cmd.o
                0x08008b48                optiga_cmd_create
 .text.optiga_cmd_destroy
                0x08008c84       0x4c ./lib/optiga/cmd/optiga_cmd.o
                0x08008c84                optiga_cmd_destroy
 .text.optiga_cmd_open_application
                0x08008cd0       0x24 ./lib/optiga/cmd/optiga_cmd.o
                0x08008cd0                optiga_cmd_open_application
 .text.optiga_cmd_get_data_object
                0x08008cf4       0x28 ./lib/optiga/cmd/optiga_cmd.o
                0x08008cf4                optiga_cmd_get_data_object
 .text.optiga_cmd_set_data_object
                0x08008d1c       0x28 ./lib/optiga/cmd/optiga_cmd.o
                0x08008d1c                optiga_cmd_set_data_object
 .text.optiga_cmd_get_random
                0x08008d44       0x30 ./lib/optiga/cmd/optiga_cmd.o
                0x08008d44                optiga_cmd_get_random
 .text.optiga_cmd_calc_sign
                0x08008d74       0x38 ./lib/optiga/cmd/optiga_cmd.o
                0x08008d74                optiga_cmd_calc_sign
 .text.optiga_cmd_verify_sign
                0x08008dac       0x28 ./lib/optiga/cmd/optiga_cmd.o
                0x08008dac                optiga_cmd_verify_sign
 .text.optiga_cmd_gen_keypair
                0x08008dd4       0x4c ./lib/optiga/cmd/optiga_cmd.o
                0x08008dd4                optiga_cmd_gen_keypair
 .text.aes_gen_tables
                0x08008e20      0x260 ./lib/externals/mbedtls/aes.o
 .text.mbedtls_aes_init
                0x08009080        0xc ./lib/externals/mbedtls/aes.o
                0x08009080                mbedtls_aes_init
 .text.mbedtls_aes_free
                0x0800908c        0xc ./lib/externals/mbedtls/aes.o
                0x0800908c                mbedtls_aes_free
 .text.mbedtls_aes_setkey_enc
                0x08009098      0x254 ./lib/externals/mbedtls/aes.o
                0x08009098                mbedtls_aes_setkey_enc
 .text.mbedtls_aes_setkey_dec
                0x080092ec      0x19c ./lib/externals/mbedtls/aes.o
                0x080092ec                mbedtls_aes_setkey_dec
 .text.mbedtls_internal_aes_encrypt
                0x08009488      0x50c ./lib/externals/mbedtls/aes.o
                0x08009488                mbedtls_internal_aes_encrypt
 .text.mbedtls_internal_aes_decrypt
                0x08009994      0x4f0 ./lib/externals/mbedtls/aes.o
                0x08009994                mbedtls_internal_aes_decrypt
 .text.mbedtls_aes_crypt_ecb
                0x08009e84       0x10 ./lib/externals/mbedtls/aes.o
                0x08009e84                mbedtls_aes_crypt_ecb
 .text.ccm_auth_crypt.constprop.0
                0x08009e94      0x58c ./lib/externals/mbedtls/ccm.o
 .text.ccm_auth_crypt.constprop.1
                0x0800a420      0x560 ./lib/externals/mbedtls/ccm.o
 .text.mbedtls_ccm_init
                0x0800a980        0x8 ./lib/externals/mbedtls/ccm.o
                0x0800a980                mbedtls_ccm_init
 .text.mbedtls_ccm_setkey
                0x0800a988       0x4c ./lib/externals/mbedtls/ccm.o
                0x0800a988                mbedtls_ccm_setkey
 .text.mbedtls_ccm_free
                0x0800a9d4       0x18 ./lib/externals/mbedtls/ccm.o
                0x0800a9d4                mbedtls_ccm_free
 .text.mbedtls_ccm_encrypt_and_tag
                0x0800a9ec       0x18 ./lib/externals/mbedtls/ccm.o
                0x0800a9ec                mbedtls_ccm_encrypt_and_tag
 .text.mbedtls_ccm_auth_decrypt
                0x0800aa04       0x64 ./lib/externals/mbedtls/ccm.o
                0x0800aa04                mbedtls_ccm_auth_decrypt
 .text.mbedtls_cipher_info_from_values
                0x0800aa68       0x2c ./lib/externals/mbedtls/cipher.o
                0x0800aa68                mbedtls_cipher_info_from_values
 .text.mbedtls_cipher_free
                0x0800aa94       0x20 ./lib/externals/mbedtls/cipher.o
                0x0800aa94                mbedtls_cipher_free
 .text.mbedtls_cipher_setup
                0x0800aab4       0x30 ./lib/externals/mbedtls/cipher.o
                0x0800aab4                mbedtls_cipher_setup
 .text.mbedtls_cipher_setkey
                0x0800aae4       0x44 ./lib/externals/mbedtls/cipher.o
                0x0800aae4                mbedtls_cipher_setkey
 .text.mbedtls_cipher_update
                0x0800ab28       0x68 ./lib/externals/mbedtls/cipher.o
                0x0800ab28                mbedtls_cipher_update
 .text.ccm_ctx_free
                0x0800ab90       0x14 ./lib/externals/mbedtls/cipher_wrap.o
 .text.ccm_ctx_alloc
                0x0800aba4       0x18 ./lib/externals/mbedtls/cipher_wrap.o
 .text.ccm_aes_setkey_wrap
                0x0800abbc        0xc ./lib/externals/mbedtls/cipher_wrap.o
 .text.aes_ctx_free
                0x0800abc8       0x14 ./lib/externals/mbedtls/cipher_wrap.o
 .text.aes_ctx_alloc
                0x0800abdc       0x18 ./lib/externals/mbedtls/cipher_wrap.o
 .text.aes_setkey_dec_wrap
                0x0800abf4        0x4 ./lib/externals/mbedtls/cipher_wrap.o
 .text.aes_setkey_enc_wrap
                0x0800abf8        0x4 ./lib/externals/mbedtls/cipher_wrap.o
 .text.aes_crypt_ecb_wrap
                0x0800abfc        0x4 ./lib/externals/mbedtls/cipher_wrap.o
 .text.mbedtls_md_info_from_type
                0x0800ac00       0x1c ./lib/externals/mbedtls/md.o
                0x0800ac00                mbedtls_md_info_from_type
 .text.mbedtls_md_init
                0x0800ac1c       0x34 ./lib/externals/mbedtls/md.o
                0x0800ac1c                mbedtls_md_init
 .text.mbedtls_md_free
                0x0800ac50       0x34 ./lib/externals/mbedtls/md.o
                0x0800ac50                mbedtls_md_free
 .text.mbedtls_md_setup
                0x0800ac84       0x48 ./lib/externals/mbedtls/md.o
                0x0800ac84                mbedtls_md_setup
 .text.mbedtls_md_hmac_starts
                0x0800accc      0x1f0 ./lib/externals/mbedtls/md.o
                0x0800accc                mbedtls_md_hmac_starts
 .text.mbedtls_md_hmac_update
                0x0800aebc       0x28 ./lib/externals/mbedtls/md.o
                0x0800aebc                mbedtls_md_hmac_update
 .text.mbedtls_md_hmac_finish
                0x0800aee4       0x70 ./lib/externals/mbedtls/md.o
                0x0800aee4                mbedtls_md_hmac_finish
 .text.mbedtls_md_hmac_reset
                0x0800af54       0x38 ./lib/externals/mbedtls/md.o
                0x0800af54                mbedtls_md_hmac_reset
 .text.sha224_process_wrap
                0x0800af8c        0x4 ./lib/externals/mbedtls/md_wrap.o
 .text.sha224_clone_wrap
                0x0800af90        0x4 ./lib/externals/mbedtls/md_wrap.o
 .text.sha224_ctx_free
                0x0800af94       0x14 ./lib/externals/mbedtls/md_wrap.o
 .text.sha224_ctx_alloc
                0x0800afa8       0x18 ./lib/externals/mbedtls/md_wrap.o
 .text.sha224_wrap
                0x0800afc0        0x8 ./lib/externals/mbedtls/md_wrap.o
 .text.sha256_wrap
                0x0800afc8        0x8 ./lib/externals/mbedtls/md_wrap.o
 .text.sha224_finish_wrap
                0x0800afd0        0x4 ./lib/externals/mbedtls/md_wrap.o
 .text.sha224_update_wrap
                0x0800afd4        0x4 ./lib/externals/mbedtls/md_wrap.o
 .text.sha224_starts_wrap
                0x0800afd8        0x8 ./lib/externals/mbedtls/md_wrap.o
 .text.sha256_starts_wrap
                0x0800afe0        0x8 ./lib/externals/mbedtls/md_wrap.o
 .text.mbedtls_platform_zeroize
                0x0800afe8       0x10 ./lib/externals/mbedtls/platform_util.o
                0x0800afe8                mbedtls_platform_zeroize
 .text.mbedtls_sha256_init
                0x0800aff8        0x8 ./lib/externals/mbedtls/sha256.o
                0x0800aff8                mbedtls_sha256_init
 .text.mbedtls_sha256_free
                0x0800b000        0xc ./lib/externals/mbedtls/sha256.o
                0x0800b000                mbedtls_sha256_free
 .text.mbedtls_sha256_clone
                0x0800b00c        0xc ./lib/externals/mbedtls/sha256.o
                0x0800b00c                mbedtls_sha256_clone
 .text.mbedtls_sha256_starts_ret
                0x0800b018       0x90 ./lib/externals/mbedtls/sha256.o
                0x0800b018                mbedtls_sha256_starts_ret
 .text.mbedtls_internal_sha256_process
                0x0800b0a8      0x820 ./lib/externals/mbedtls/sha256.o
                0x0800b0a8                mbedtls_internal_sha256_process
 .text.mbedtls_sha256_update_ret
                0x0800b8c8       0x8c ./lib/externals/mbedtls/sha256.o
                0x0800b8c8                mbedtls_sha256_update_ret
 .text.mbedtls_sha256_finish_ret
                0x0800b954      0x148 ./lib/externals/mbedtls/sha256.o
                0x0800b954                mbedtls_sha256_finish_ret
 .text.mbedtls_sha256_ret
                0x0800ba9c       0xf0 ./lib/externals/mbedtls/sha256.o
                0x0800ba9c                mbedtls_sha256_ret
 .text.optiga_lib_callback
                0x0800bb8c        0xc ./examples/example_optiga_init_deinit.o
 .text.example_optiga_init_true
                0x0800bb98       0x60 ./examples/example_optiga_init_deinit.o
                0x0800bb98                example_optiga_init_true
 .text.example_optiga_deinit
                0x0800bbf8        0x4 ./examples/example_optiga_init_deinit.o
                0x0800bbf8                example_optiga_deinit
 .text.optiga_lib_callback
                0x0800bbfc        0xc ./examples/example_pair_host_and_optiga_using_pre_shared_secret.o
 .text.pair_host_and_optiga_using_pre_shared_secret
                0x0800bc08      0x178 ./examples/example_pair_host_and_optiga_using_pre_shared_secret.o
                0x0800bc08                pair_host_and_optiga_using_pre_shared_secret
 .text.example_performance_measurement
                0x0800bd80       0x20 ./examples/example_utilities.o
                0x0800bd80                example_performance_measurement
 .text.optiga_crypt_callback
                0x0800bda0        0xc ./SEMS_Sources/Constructor.o
 .text.optiga_crypt_create_wrapper
                0x0800bdac       0x20 ./SEMS_Sources/Constructor.o
                0x0800bdac                optiga_crypt_create_wrapper
 .text.example_optiga_crypt_ecc_generate_keypair_wrapper
                0x0800bdcc      0x11c ./SEMS_Sources/ECC.o
                0x0800bdcc                example_optiga_crypt_ecc_generate_keypair_wrapper
 .text.init_SEMS
                0x0800bee8       0x10 ./SEMS_Sources/Init.o
                0x0800bee8                init_SEMS
 .text.my_optiga_shell_begin
                0x0800bef8        0xc ./SEMS_Sources/Terminal.o
                0x0800bef8                my_optiga_shell_begin
 .text.start_cooldown_timer
                0x0800bf04       0x20 ./SEMS_Sources/Timer.o
                0x0800bf04                start_cooldown_timer
 .text.CCU80_3_IRQHandler
                0x0800bf24       0x24 ./SEMS_Sources/Timer.o
                0x0800bf24                CCU80_3_IRQHandler
 .text.startup.main
                0x0800bf48       0x28 ./main_xmc4800_example.o
                0x0800bf48                main
 .text          0x0800bf70       0x2c c:/infineon/tools/dave ide/4.5.0.202105191637/eclipse/arm-gcc-49/bin/../lib/gcc/arm-none-eabi/4.9.3/armv7e-m/softfp\libgcc.a(_aeabi_uldivmod.o)
                0x0800bf70                __aeabi_uldivmod
 .text          0x0800bf9c       0x60 c:/infineon/tools/dave ide/4.5.0.202105191637/eclipse/arm-gcc-49/bin/../lib/gcc/arm-none-eabi/4.9.3/armv7e-m/softfp\libgcc.a(bpabi.o)
                0x0800bf9c                __gnu_ldivmod_helper
                0x0800bfcc                __gnu_uldivmod_helper
 .text          0x0800bffc        0x4 c:/infineon/tools/dave ide/4.5.0.202105191637/eclipse/arm-gcc-49/bin/../lib/gcc/arm-none-eabi/4.9.3/armv7e-m/softfp\libgcc.a(_dvmd_tls.o)
                0x0800bffc                __aeabi_idiv0
                0x0800bffc                __aeabi_ldiv0
 .text          0x0800c000      0x29c c:/infineon/tools/dave ide/4.5.0.202105191637/eclipse/arm-gcc-49/bin/../lib/gcc/arm-none-eabi/4.9.3/armv7e-m/softfp\libgcc.a(_divdi3.o)
                0x0800c000                __divdi3
 .text          0x0800c29c      0x26c c:/infineon/tools/dave ide/4.5.0.202105191637/eclipse/arm-gcc-49/bin/../lib/gcc/arm-none-eabi/4.9.3/armv7e-m/softfp\libgcc.a(_udivdi3.o)
                0x0800c29c                __udivdi3
 .text.calloc   0x0800c508       0x14 c:/infineon/tools/dave ide/4.5.0.202105191637/eclipse/arm-gcc-49/bin/../lib/gcc/arm-none-eabi/4.9.3/../../../../arm-none-eabi/lib/armv7e-m/softfp\libg_nano.a(lib_a-calloc.o)
                0x0800c508                calloc
 .text.__errno  0x0800c51c        0xc c:/infineon/tools/dave ide/4.5.0.202105191637/eclipse/arm-gcc-49/bin/../lib/gcc/arm-none-eabi/4.9.3/../../../../arm-none-eabi/lib/armv7e-m/softfp\libg_nano.a(lib_a-errno.o)
                0x0800c51c                __errno
 .text.__libc_init_array
                0x0800c528       0x4c c:/infineon/tools/dave ide/4.5.0.202105191637/eclipse/arm-gcc-49/bin/../lib/gcc/arm-none-eabi/4.9.3/../../../../arm-none-eabi/lib/armv7e-m/softfp\libg_nano.a(lib_a-init.o)
                0x0800c528                __libc_init_array
 .text.free     0x0800c574       0x10 c:/infineon/tools/dave ide/4.5.0.202105191637/eclipse/arm-gcc-49/bin/../lib/gcc/arm-none-eabi/4.9.3/../../../../arm-none-eabi/lib/armv7e-m/softfp\libg_nano.a(lib_a-malloc.o)
                0x0800c574                free
 .text.memcmp   0x0800c584       0x20 c:/infineon/tools/dave ide/4.5.0.202105191637/eclipse/arm-gcc-49/bin/../lib/gcc/arm-none-eabi/4.9.3/../../../../arm-none-eabi/lib/armv7e-m/softfp\libg_nano.a(lib_a-memcmp.o)
                0x0800c584                memcmp
 .text.memcpy   0x0800c5a4       0x16 c:/infineon/tools/dave ide/4.5.0.202105191637/eclipse/arm-gcc-49/bin/../lib/gcc/arm-none-eabi/4.9.3/../../../../arm-none-eabi/lib/armv7e-m/softfp\libg_nano.a(lib_a-memcpy.o)
                0x0800c5a4                memcpy
 .text.memset   0x0800c5ba       0x10 c:/infineon/tools/dave ide/4.5.0.202105191637/eclipse/arm-gcc-49/bin/../lib/gcc/arm-none-eabi/4.9.3/../../../../arm-none-eabi/lib/armv7e-m/softfp\libg_nano.a(lib_a-memset.o)
                0x0800c5ba                memset
 .text._calloc_r
                0x0800c5ca       0x1c c:/infineon/tools/dave ide/4.5.0.202105191637/eclipse/arm-gcc-49/bin/../lib/gcc/arm-none-eabi/4.9.3/../../../../arm-none-eabi/lib/armv7e-m/softfp\libg_nano.a(lib_a-nano-callocr.o)
                0x0800c5ca                _calloc_r
 *fill*         0x0800c5e6        0x2 
 .text._free_r  0x0800c5e8       0x88 c:/infineon/tools/dave ide/4.5.0.202105191637/eclipse/arm-gcc-49/bin/../lib/gcc/arm-none-eabi/4.9.3/../../../../arm-none-eabi/lib/armv7e-m/softfp\libg_nano.a(lib_a-nano-freer.o)
                0x0800c5e8                _free_r
 .text._malloc_r
                0x0800c670       0xac c:/infineon/tools/dave ide/4.5.0.202105191637/eclipse/arm-gcc-49/bin/../lib/gcc/arm-none-eabi/4.9.3/../../../../arm-none-eabi/lib/armv7e-m/softfp\libg_nano.a(lib_a-nano-mallocr.o)
                0x0800c670                _malloc_r
 .text._sbrk_r  0x0800c71c       0x20 c:/infineon/tools/dave ide/4.5.0.202105191637/eclipse/arm-gcc-49/bin/../lib/gcc/arm-none-eabi/4.9.3/../../../../arm-none-eabi/lib/armv7e-m/softfp\libg_nano.a(lib_a-sbrkr.o)
                0x0800c71c                _sbrk_r
 *(.init)
 *(.fini)
 *crtbegin.o(.ctors)
 *crtbegin?.o(.ctors)
 *(EXCLUDE_FILE(*crtend.o *crtend?.o) .ctors)
 *(SORT(.ctors.*))
 *(.ctors)
 *crtbegin.o(.dtors)
 *crtbegin?.o(.dtors)
 *(EXCLUDE_FILE(*crtend.o *crtend?.o) .dtors)
 *(SORT(.dtors.*))
 *(.dtors)
 *(.rodata .rodata.*)
 .rodata.CSWTCH.37
                0x0800c73c       0x28 ./lib/xmc/XMCLib/src/xmc_ccu4.o
 .rodata.CSWTCH.38
                0x0800c764       0x28 ./lib/xmc/XMCLib/src/xmc_ccu4.o
 .rodata.CSWTCH.43
                0x0800c78c       0x28 ./lib/xmc/XMCLib/src/xmc_ccu8.o
 .rodata.CSWTCH.44
                0x0800c7b4       0x28 ./lib/xmc/XMCLib/src/xmc_ccu8.o
 .rodata.Driver_USBD0
                0x0800c7dc       0x40 ./lib/xmc/XMCLib/src/xmc_usbd.o
                0x0800c7dc                Driver_USBD0
 .rodata.product_string
                0x0800c81c       0x68 ./lib/xmc/Dave/Generated/USBD_VCOM/virtual_com/descriptors.o
                0x0800c81c                product_string
 .rodata.device_descriptor
                0x0800c884       0x14 ./lib/xmc/Dave/Generated/USBD_VCOM/virtual_com/descriptors.o
                0x0800c884                device_descriptor
 .rodata.language_string
                0x0800c898       0x68 ./lib/xmc/Dave/Generated/USBD_VCOM/virtual_com/descriptors.o
                0x0800c898                language_string
 .rodata.manufacturer_string
                0x0800c900       0x68 ./lib/xmc/Dave/Generated/USBD_VCOM/virtual_com/descriptors.o
                0x0800c900                manufacturer_string
 .rodata.CSWTCH.1
                0x0800c968        0xc ./lib/xmc/Dave/Generated/USBD_VCOM/virtual_com/descriptors.o
 .rodata.CSWTCH.2
                0x0800c974        0x8 ./lib/xmc/Dave/Generated/USBD_VCOM/virtual_com/descriptors.o
 .rodata.configuration_descriptor
                0x0800c97c       0x40 ./lib/xmc/Dave/Generated/USBD_VCOM/virtual_com/descriptors.o
                0x0800c97c                configuration_descriptor
 .rodata.cunit_logger_config
                0x0800c9bc       0x30 ./lib/xmc/Dave/Generated/UART/uart_conf.o
                0x0800c9bc                cunit_logger_config
 .rodata.cunit_logger_channel_config
                0x0800c9ec        0xc ./lib/xmc/Dave/Generated/UART/uart_conf.o
                0x0800c9ec                cunit_logger_channel_config
 .rodata.cunit_logger_tx_pin
                0x0800c9f8        0xc ./lib/xmc/Dave/Generated/UART/uart_conf.o
                0x0800c9f8                cunit_logger_tx_pin
 .rodata.cunit_logger_tx_pin_config
                0x0800ca04        0xc ./lib/xmc/Dave/Generated/UART/uart_conf.o
                0x0800ca04                cunit_logger_tx_pin_config
 .rodata.cunit_logger_rx_pin_config
                0x0800ca10        0xc ./lib/xmc/Dave/Generated/UART/uart_conf.o
                0x0800ca10                cunit_logger_rx_pin_config
 .rodata.scheduler_timer_intr
                0x0800ca1c        0x4 ./lib/xmc/Dave/Generated/INTERRUPT/interrupt_conf.o
                0x0800ca1c                scheduler_timer_intr
 .rodata.tick_timer_intr
                0x0800ca20        0x4 ./lib/xmc/Dave/Generated/INTERRUPT/interrupt_conf.o
                0x0800ca20                tick_timer_intr
 .rodata.INTERRUPT_0
                0x0800ca24        0x4 ./lib/xmc/Dave/Generated/INTERRUPT/interrupt_conf.o
                0x0800ca24                INTERRUPT_0
 .rodata.i2c_master_0_sda_pin_config
                0x0800ca28        0xc ./lib/xmc/Dave/Generated/I2C_MASTER/i2c_master_conf.o
 .rodata.i2c_master_0_scl_pin_config
                0x0800ca34        0xc ./lib/xmc/Dave/Generated/I2C_MASTER/i2c_master_conf.o
 .rodata.i2c_master_0_config
                0x0800ca40       0x2c ./lib/xmc/Dave/Generated/I2C_MASTER/i2c_master_conf.o
                0x0800ca40                i2c_master_0_config
 .rodata.i2c_master_0_channel_config
                0x0800ca6c        0x8 ./lib/xmc/Dave/Generated/I2C_MASTER/i2c_master_conf.o
                0x0800ca6c                i2c_master_0_channel_config
 .rodata.e_eeprom_xmc4_fce
                0x0800ca74        0xc ./lib/xmc/Dave/Generated/E_EEPROM_XMC4/e_eeprom_xmc4.o
 .rodata.reset_pin
                0x0800ca80       0x14 ./lib/xmc/Dave/Generated/DIGITAL_IO/digital_io_conf.o
                0x0800ca80                reset_pin
 .rodata.vdd_pin
                0x0800ca94       0x14 ./lib/xmc/Dave/Generated/DIGITAL_IO/digital_io_conf.o
                0x0800ca94                vdd_pin
 .rodata        0x0800caa8       0x14 ./lib/xmc/Dave/Generated/CLOCK_XMC4/clock_xmc4_conf.o
 .rodata.str1.4
                0x0800cabc       0x11 ./lib/optiga/comms/ifx_i2c/ifx_i2c_presentation_layer.o
                                 0x14 (size before relaxing)
 *fill*         0x0800cacd        0x3 
 .rodata.g_pctr_states_table
                0x0800cad0       0x10 ./lib/optiga/comms/ifx_i2c/ifx_i2c_transport_layer.o
 .rodata.g_optiga_unique_application_identifier
                0x0800cae0       0x10 ./lib/optiga/cmd/optiga_cmd.o
                0x0800cae0                g_optiga_unique_application_identifier
 .rodata.aes_info
                0x0800caf0       0x18 ./lib/externals/mbedtls/cipher_wrap.o
 .rodata.aes_192_ccm_info
                0x0800cb08       0x1c ./lib/externals/mbedtls/cipher_wrap.o
 .rodata.mbedtls_cipher_definitions
                0x0800cb24       0x38 ./lib/externals/mbedtls/cipher_wrap.o
                0x0800cb24                mbedtls_cipher_definitions
 .rodata.ccm_aes_info
                0x0800cb5c       0x18 ./lib/externals/mbedtls/cipher_wrap.o
 .rodata.aes_128_ccm_info
                0x0800cb74       0x1c ./lib/externals/mbedtls/cipher_wrap.o
 .rodata.str1.4
                0x0800cb90       0x48 ./lib/externals/mbedtls/cipher_wrap.o
 .rodata.aes_256_ccm_info
                0x0800cbd8       0x1c ./lib/externals/mbedtls/cipher_wrap.o
 .rodata.aes_192_ecb_info
                0x0800cbf4       0x1c ./lib/externals/mbedtls/cipher_wrap.o
 .rodata.aes_256_ecb_info
                0x0800cc10       0x1c ./lib/externals/mbedtls/cipher_wrap.o
 .rodata.aes_128_ecb_info
                0x0800cc2c       0x1c ./lib/externals/mbedtls/cipher_wrap.o
 .rodata.mbedtls_sha224_info
                0x0800cc48       0x30 ./lib/externals/mbedtls/md_wrap.o
                0x0800cc48                mbedtls_sha224_info
 .rodata.str1.4
                0x0800cc78       0x10 ./lib/externals/mbedtls/md_wrap.o
 .rodata.mbedtls_sha256_info
                0x0800cc88       0x30 ./lib/externals/mbedtls/md_wrap.o
                0x0800cc88                mbedtls_sha256_info
 .rodata.K      0x0800ccb8      0x100 ./lib/externals/mbedtls/sha256.o
 .rodata.platform_binding_shared_secret_metadata_final
                0x0800cdb8       0x1c ./examples/example_pair_host_and_optiga_using_pre_shared_secret.o
                0x0800cdb8                platform_binding_shared_secret_metadata_final
 .rodata.digest
                0x0800cdd4       0x20 ./SEMS_Sources/ECC.o
 .rodata.str1.1
                0x0800cdf4        0x2 c:/infineon/tools/dave ide/4.5.0.202105191637/eclipse/arm-gcc-49/bin/../lib/gcc/arm-none-eabi/4.9.3/../../../../arm-none-eabi/lib/armv7e-m/softfp\libg_nano.a(lib_a-impure.o)
 *(.gnu.linkonce.r*)
 *(vtable)
                0x0800cdf8                . = ALIGN (0x4)
 *fill*         0x0800cdf6        0x2 

.glue_7         0x0800cdf8        0x0 load address 0x0c00cdf8
 .glue_7        0x00000000        0x0 linker stubs

.glue_7t        0x0800cdf8        0x0 load address 0x0c00cdf8
 .glue_7t       0x00000000        0x0 linker stubs

.vfp11_veneer   0x0800cdf8        0x0 load address 0x0c00cdf8
 .vfp11_veneer  0x00000000        0x0 linker stubs

.v4_bx          0x0800cdf8        0x0 load address 0x0c00cdf8
 .v4_bx         0x00000000        0x0 linker stubs

.iplt           0x0800cdf8        0x0 load address 0x0c00cdf8
 .iplt          0x00000000        0x0 ./lib/xmc/XMCLib/src/xmc4_eru.o

.eh_frame_hdr
 *(.eh_frame_hdr)

.eh_frame       0x0800cdf8        0x0 load address 0x0c00cdf8
 *(.eh_frame)
 .eh_frame      0x0800cdf8        0x0 c:/infineon/tools/dave ide/4.5.0.202105191637/eclipse/arm-gcc-49/bin/../lib/gcc/arm-none-eabi/4.9.3/../../../../arm-none-eabi/lib/armv7e-m/softfp\libg_nano.a(lib_a-strcmp.o)
                                 0x28 (size before relaxing)

.ARM.extab
 *(.ARM.extab* .gnu.linkonce.armextab.*)
                0x0800cdf8                . = ALIGN (0x4)
                0x0800cdf8                __exidx_start = .

.ARM.exidx      0x0800cdf8        0x8 load address 0x0c00cdf8
 *(.ARM.exidx* .gnu.linkonce.armexidx.*)
 .ARM.exidx     0x0800cdf8        0x8 c:/infineon/tools/dave ide/4.5.0.202105191637/eclipse/arm-gcc-49/bin/../lib/gcc/arm-none-eabi/4.9.3/armv7e-m/softfp\libgcc.a(_divdi3.o)
 .ARM.exidx     0x0800ce00        0x0 c:/infineon/tools/dave ide/4.5.0.202105191637/eclipse/arm-gcc-49/bin/../lib/gcc/arm-none-eabi/4.9.3/armv7e-m/softfp\libgcc.a(_udivdi3.o)
                                  0x8 (size before relaxing)
                0x0800ce00                __exidx_end = .

.rel.dyn        0x0800ce00        0x0 load address 0x0c00ce00
 .rel.iplt      0x00000000        0x0 ./lib/xmc/XMCLib/src/xmc4_eru.o
                0x0800ce00                . = ALIGN (0x4)

Stack           0x1ffe8000     0x5000
                0x1ffe8000                __stack_start = .
                0x1ffed000                . = (. + stack_size)
 *fill*         0x1ffe8000     0x5000 
                0x1ffed000                __stack_end = .
                0x1ffed000                __initial_sp = .

.ram_code       0x1ffed000        0x0 load address 0x0c00ce00
                0x1ffed000                . = ALIGN (0x4)
                0x1ffed000                __ram_code_start = .
 *(.ram_code)
                0x1ffed000                . = ALIGN (0x4)
                0x1ffed000                __ram_code_end = .
                0x0c00ce00                __ram_code_load = LOADADDR (.ram_code)
                0x00000000                __ram_code_size = (__ram_code_end - __ram_code_start)

.data           0x1ffed000      0x76c load address 0x0c00ce00
                0x1ffed000                . = ALIGN (0x4)
                0x1ffed000                __data_start = .
 *(.data)
 *(.data*)
 .data.cdc_class_events
                0x1ffed000        0xc ./lib/xmc/Dave/Generated/USBD_VCOM/usbd_vcom.o
                0x1ffed000                cdc_class_events
 .data.usbd_vcom_events
                0x1ffed00c       0x28 ./lib/xmc/Dave/Generated/USBD_VCOM/usbd_vcom.o
                0x1ffed00c                usbd_vcom_events
 .data.USBD_handle
                0x1ffed034        0x4 ./lib/xmc/Dave/Generated/USBD/usbd_conf.o
                0x1ffed034                USBD_handle
 .data.USBD_0   0x1ffed038       0x14 ./lib/xmc/Dave/Generated/USBD/usbd_conf.o
                0x1ffed038                USBD_0
 .data.cunit_logger
                0x1ffed04c        0xc ./lib/xmc/Dave/Generated/UART/uart_conf.o
                0x1ffed04c                cunit_logger
 .data.tick_timer
                0x1ffed058       0x3c ./lib/xmc/Dave/Generated/TIMER/timer_conf.o
                0x1ffed058                tick_timer
 .data.scheduler_timer
                0x1ffed094       0x3c ./lib/xmc/Dave/Generated/TIMER/timer_conf.o
                0x1ffed094                scheduler_timer
 .data.TIMER_Cooldwon
                0x1ffed0d0       0x3c ./lib/xmc/Dave/Generated/TIMER/timer_conf.o
                0x1ffed0d0                TIMER_Cooldwon
 .data.scheduler_timer_config
                0x1ffed10c        0x8 ./lib/xmc/Dave/Generated/TIMER/timer_conf.o
                0x1ffed10c                scheduler_timer_config
 .data.TIMER_Cooldwon_config
                0x1ffed114       0x10 ./lib/xmc/Dave/Generated/TIMER/timer_conf.o
                0x1ffed114                TIMER_Cooldwon_config
 .data.tick_timer_config
                0x1ffed124        0x8 ./lib/xmc/Dave/Generated/TIMER/timer_conf.o
                0x1ffed124                tick_timer_config
 .data.i2c_master_0_runtime
                0x1ffed12c       0x2c ./lib/xmc/Dave/Generated/I2C_MASTER/i2c_master_conf.o
                0x1ffed12c                i2c_master_0_runtime
 .data.i2c_master_0
                0x1ffed158        0xc ./lib/xmc/Dave/Generated/I2C_MASTER/i2c_master_conf.o
                0x1ffed158                i2c_master_0
 .data.GLOBAL_CCU8_0
                0x1ffed164       0x10 ./lib/xmc/Dave/Generated/GLOBAL_CCU8/global_ccu8_conf.o
                0x1ffed164                GLOBAL_CCU8_0
 .data.GLOBAL_CCU4_0
                0x1ffed174       0x10 ./lib/xmc/Dave/Generated/GLOBAL_CCU4/global_ccu4_conf.o
                0x1ffed174                GLOBAL_CCU4_0
 .data.GLOBAL_CCU4_1
                0x1ffed184       0x10 ./lib/xmc/Dave/Generated/GLOBAL_CCU4/global_ccu4_conf.o
                0x1ffed184                GLOBAL_CCU4_1
 .data.e_eeprom_xmc4_sector_info
                0x1ffed194       0x10 ./lib/xmc/Dave/Generated/E_EEPROM_XMC4/e_eeprom_xmc4.o
 .data.optiga_pal_i2c_context_0
                0x1ffed1a4       0x10 ./lib/pal/pal_ifx_i2c_config.o
                0x1ffed1a4                optiga_pal_i2c_context_0
 .data.optiga_reset_0
                0x1ffed1b4        0x4 ./lib/pal/pal_ifx_i2c_config.o
                0x1ffed1b4                optiga_reset_0
 .data.optiga_vdd_0
                0x1ffed1b8        0x4 ./lib/pal/pal_ifx_i2c_config.o
                0x1ffed1b8                optiga_vdd_0
 .data.cunit_console
                0x1ffed1bc        0x8 ./lib/pal/pal_logger.o
                0x1ffed1bc                cunit_console
 .data.logger_console
                0x1ffed1c4        0x8 ./lib/pal/pal_logger.o
                0x1ffed1c4                logger_console
 .data.optiga_platform_binding_shared_secret
                0x1ffed1cc       0x44 ./lib/pal/pal_os_datastore.o
                0x1ffed1cc                optiga_platform_binding_shared_secret
 .data.ifx_i2c_datastore_config
                0x1ffed210        0x8 ./lib/optiga/comms/ifx_i2c/ifx_i2c_config.o
                0x1ffed210                ifx_i2c_datastore_config
 .data.ifx_i2c_context_0
                0x1ffed218      0x4d4 ./lib/optiga/comms/ifx_i2c/ifx_i2c_config.o
                0x1ffed218                ifx_i2c_context_0
 .data.optiga_comms
                0x1ffed6ec       0x18 ./lib/optiga/comms/optiga_comms_ifx_i2c.o
                0x1ffed6ec                optiga_comms
 .data.memset_func
                0x1ffed704        0x4 ./lib/externals/mbedtls/platform_util.o
 .data.impure_data
                0x1ffed708       0x60 c:/infineon/tools/dave ide/4.5.0.202105191637/eclipse/arm-gcc-49/bin/../lib/gcc/arm-none-eabi/4.9.3/../../../../arm-none-eabi/lib/armv7e-m/softfp\libg_nano.a(lib_a-impure.o)
 .data._impure_ptr
                0x1ffed768        0x4 c:/infineon/tools/dave ide/4.5.0.202105191637/eclipse/arm-gcc-49/bin/../lib/gcc/arm-none-eabi/4.9.3/../../../../arm-none-eabi/lib/armv7e-m/softfp\libg_nano.a(lib_a-impure.o)
                0x1ffed768                _impure_ptr
 *(*.data)
 *(.gnu.linkonce.d*)
                0x1ffed76c                . = ALIGN (0x4)
                0x1ffed76c                PROVIDE (__preinit_array_start, .)
 *(.preinit_array)
                0x1ffed76c                PROVIDE (__preinit_array_end, .)
                0x1ffed76c                . = ALIGN (0x4)
                0x1ffed76c                PROVIDE (__init_array_start, .)
 *(SORT(.init_array.*))
 *(.init_array)
                0x1ffed76c                PROVIDE (__init_array_end, .)
                0x1ffed76c                . = ALIGN (0x4)
                0x1ffed76c                PROVIDE (__fini_array_start, .)
 *(SORT(.fini_array.*))
 *(.fini_array)
                0x1ffed76c                PROVIDE (__fini_array_end, .)
                0x1ffed76c                . = ALIGN (0x4)
                0x1ffed76c                __data_end = .
                0x0c00ce00                __data_load = LOADADDR (.data)
                0x0000076c                __data_size = (__data_end - __data_start)
                0x0000d56c                __text_size = (((__exidx_end - sText) + __data_size) + __ram_code_size)
                0x0800d56c                eText = (sText + __text_size)

.igot.plt       0x1ffed76c        0x0 load address 0x0c00d56c
 .igot.plt      0x00000000        0x0 ./lib/xmc/XMCLib/src/xmc4_eru.o

.bss            0x1ffed76c     0x4018 load address 0x0c00d56c
                0x1ffed76c                . = ALIGN (0x4)
                0x1ffed76c                __bss_start = .
 *(.bss)
 *(.bss*)
 .bss.XMC_USBD_EP_OUT_BUFFERSIZE
                0x1ffed76c       0x1c ./lib/xmc/XMCLib/src/xmc_usbd.o
                0x1ffed76c                XMC_USBD_EP_OUT_BUFFERSIZE
 .bss.XMC_USBD_EP_IN_BUFFERSIZE
                0x1ffed788       0x1c ./lib/xmc/XMCLib/src/xmc_usbd.o
                0x1ffed788                XMC_USBD_EP_IN_BUFFERSIZE
 .bss.heap_ptr.4331
                0x1ffed7a4        0x4 ./lib/xmc/Newlib/syscalls.o
 .bss.console_logger
                0x1ffed7a8        0x4 ./lib/xmc/Dave/Generated/USBD_VCOM/usbd_vcom_conf.o
                0x1ffed7a8                console_logger
 .bss.usb_event_cb
                0x1ffed7ac       0x28 ./lib/xmc/Dave/Generated/USBD/usbd_conf.o
                0x1ffed7ac                usb_event_cb
 .bss.cunit_logger_runtime
                0x1ffed7d4       0x1c ./lib/xmc/Dave/Generated/UART/uart_conf.o
                0x1ffed7d4                cunit_logger_runtime
 .bss.e_eeprom_xmc4_data_buffer
                0x1ffed7f0     0x1000 ./lib/xmc/Dave/Generated/E_EEPROM_XMC4/e_eeprom_xmc4.o
 .bss.Sec_NvM   0x1ffee7f0        0x4 ./lib/xmc/Dave/Generated/E_EEPROM_XMC4/e_eeprom_xmc4_conf.o
                0x1ffee7f0                Sec_NvM
 .bss.CLOCK_XMC4_0
                0x1ffee7f4        0x4 ./lib/xmc/Dave/Generated/CLOCK_XMC4/clock_xmc4_conf.o
                0x1ffee7f4                CLOCK_XMC4_0
 .bss.gp_pal_i2c_current_ctx
                0x1ffee7f8        0x4 ./lib/pal/pal_i2c.o
 .bss.g_entry_count
                0x1ffee7fc        0x4 ./lib/pal/pal_i2c.o
 .bss.pal_os_event_0
                0x1ffee800       0x10 ./lib/pal/pal_os_event.o
 .bss.g_tick_count
                0x1ffee810        0x4 ./lib/pal/pal_os_timer.o
 .bss.count.13892
                0x1ffee814        0x4 ./lib/pal/pal_os_timer.o
 .bss.g_optiga  0x1ffee818      0x68c ./lib/optiga/cmd/optiga_cmd.o
 .bss.FT0       0x1ffeeea4      0x400 ./lib/externals/mbedtls/aes.o
 .bss.FT1       0x1ffef2a4      0x400 ./lib/externals/mbedtls/aes.o
 .bss.FT2       0x1ffef6a4      0x400 ./lib/externals/mbedtls/aes.o
 .bss.FT3       0x1ffefaa4      0x400 ./lib/externals/mbedtls/aes.o
 .bss.RCON      0x1ffefea4       0x28 ./lib/externals/mbedtls/aes.o
 .bss.aes_init_done
                0x1ffefecc        0x4 ./lib/externals/mbedtls/aes.o
 .bss.FSb       0x1ffefed0      0x100 ./lib/externals/mbedtls/aes.o
 .bss.RT0       0x1ffeffd0      0x400 ./lib/externals/mbedtls/aes.o
 .bss.RT1       0x1fff03d0      0x400 ./lib/externals/mbedtls/aes.o
 .bss.RT2       0x1fff07d0      0x400 ./lib/externals/mbedtls/aes.o
 .bss.RSb       0x1fff0bd0      0x100 ./lib/externals/mbedtls/aes.o
 .bss.RT3       0x1fff0cd0      0x400 ./lib/externals/mbedtls/aes.o
 .bss.me_util_instance
                0x1fff10d0        0x4 ./examples/example_optiga_init_deinit.o
                0x1fff10d0                me_util_instance
 .bss.host_optiga_pairing_completed.5936
                0x1fff10d4        0x1 ./examples/example_optiga_init_deinit.o
 *fill*         0x1fff10d5        0x1 
 .bss.optiga_lib_status
                0x1fff10d6        0x2 ./examples/example_optiga_init_deinit.o
 .bss.time_taken_for_pairing
                0x1fff10d8        0x4 ./examples/example_pair_host_and_optiga_using_pre_shared_secret.o
                0x1fff10d8                time_taken_for_pairing
 .bss.optiga_lib_status
                0x1fff10dc        0x2 ./examples/example_pair_host_and_optiga_using_pre_shared_secret.o
 .bss.failed_req
                0x1fff10de        0x1 ./SEMS_Sources/Terminal.o
                0x1fff10de                failed_req
 .bss.cooldowned
                0x1fff10df        0x1 ./SEMS_Sources/Terminal.o
                0x1fff10df                cooldowned
 .bss.__malloc_sbrk_start
                0x1fff10e0        0x4 c:/infineon/tools/dave ide/4.5.0.202105191637/eclipse/arm-gcc-49/bin/../lib/gcc/arm-none-eabi/4.9.3/../../../../arm-none-eabi/lib/armv7e-m/softfp\libg_nano.a(lib_a-nano-mallocr.o)
                0x1fff10e0                __malloc_sbrk_start
 .bss.__malloc_free_list
                0x1fff10e4        0x4 c:/infineon/tools/dave ide/4.5.0.202105191637/eclipse/arm-gcc-49/bin/../lib/gcc/arm-none-eabi/4.9.3/../../../../arm-none-eabi/lib/armv7e-m/softfp\libg_nano.a(lib_a-nano-mallocr.o)
                0x1fff10e4                __malloc_free_list
 *(COMMON)
 COMMON         0x1fff10e8      0x20c ./lib/xmc/XMCLib/src/xmc_usbd.o
                0x1fff10e8                usbd_init
                0x1fff10ec                xmc_device
 COMMON         0x1fff12f4       0xe4 ./lib/xmc/Dave/Generated/USBD_VCOM/usbd_vcom.o
                0x1fff12f4                tx_ep_buf
                0x1fff1334                cdc_event_flags
                0x1fff1338                notification_ep_buf
                0x1fff1378                rx_ep_buf
                0x1fff13b8                USBD_VCOM_cdc_interface
 COMMON         0x1fff13d8        0xc ./lib/xmc/Dave/Generated/USBD/usb/core/usb_task.o
                0x1fff13d8                USB_IsInitialized
                0x1fff13d9                USB_DeviceState
                0x1fff13dc                USB_ControlRequest
 COMMON         0x1fff13e4      0x344 ./lib/xmc/Dave/Generated/USBD/usbd.o
                0x1fff13e4                endpoint0_in_buffer
                0x1fff14e4                endpoint0_out_buffer
                0x1fff15e4                device
 COMMON         0x1fff1728       0x4e ./lib/pal/pal_os_datastore.o
                0x1fff1728                data_store_manage_context_buffer
                0x1fff176c                data_store_app_context_buffer
 *fill*         0x1fff1776        0x2 
 COMMON         0x1fff1778        0x4 ./examples/example_optiga_crypt_ecc_generate_keypair.o
                0x1fff1778                res
 COMMON         0x1fff177c        0x2 ./SEMS_Sources/Constructor.o
                0x1fff177c                optiga_lib_status
 *fill*         0x1fff177e        0x2 
 COMMON         0x1fff1780        0x4 c:/infineon/tools/dave ide/4.5.0.202105191637/eclipse/arm-gcc-49/bin/../lib/gcc/arm-none-eabi/4.9.3/../../../../arm-none-eabi/lib/armv7e-m/softfp\libg_nano.a(lib_a-reent.o)
                0x1fff1780                errno
 *(.gnu.linkonce.b*)
                0x1fff1784                . = ALIGN (0x4)
                0x1fff1784                __bss_end = .
                0x00004018                __bss_size = (__bss_end - __bss_start)
                0x0000e87c                __shift_loc = (__bss_end >= ORIGIN (DSRAM_1_system))?0x0:(ORIGIN (DSRAM_1_system) - __bss_end)

USB_RAM         0x20000000      0xe00
                0x20000000                . = ALIGN (0x4)
                0x20000000                USB_RAM_start = .
 *(USB_RAM)
 USB_RAM        0x20000000      0xe00 ./lib/xmc/XMCLib/src/xmc_usbd.o
                0x20000e00                . = ALIGN (0x4)
                0x20000e00                USB_RAM_end = .
                0x00000e00                USB_RAM_size = (USB_RAM_end - USB_RAM_start)

ETH_RAM         0x20000e00        0x0
                0x20000e00                . = ALIGN (0x4)
                0x20000e00                ETH_RAM_start = .
 *(ETH_RAM)
                0x20000e00                . = ALIGN (0x4)
                0x20000e00                ETH_RAM_end = .
                0x20000e00                . = ALIGN (0x8)
                0x20000e00                Heap_Bank1_Start = .