Archive member included because of file (symbol)

c:/infineon/tools/dave ide/4.5.0.202105191637/eclipse/arm-gcc-49/bin/../lib/gcc/arm-none-eabi/4.9.3/armv7e-m/softfp\libgcc.a(_aeabi_uldivmod.o)
                              ./lib/xmc/Dave/Generated/TIMER/timer.o (__aeabi_uldivmod)
c:/infineon/tools/dave ide/4.5.0.202105191637/eclipse/arm-gcc-49/bin/../lib/gcc/arm-none-eabi/4.9.3/armv7e-m/softfp\libgcc.a(bpabi.o)
                              c:/infineon/tools/dave ide/4.5.0.202105191637/eclipse/arm-gcc-49/bin/../lib/gcc/arm-none-eabi/4.9.3/armv7e-m/softfp\libgcc.a(_aeabi_uldivmod.o) (__gnu_uldivmod_helper)
c:/infineon/tools/dave ide/4.5.0.202105191637/eclipse/arm-gcc-49/bin/../lib/gcc/arm-none-eabi/4.9.3/armv7e-m/softfp\libgcc.a(_dvmd_tls.o)
                              c:/infineon/tools/dave ide/4.5.0.202105191637/eclipse/arm-gcc-49/bin/../lib/gcc/arm-none-eabi/4.9.3/armv7e-m/softfp\libgcc.a(_aeabi_uldivmod.o) (__aeabi_ldiv0)
c:/infineon/tools/dave ide/4.5.0.202105191637/eclipse/arm-gcc-49/bin/../lib/gcc/arm-none-eabi/4.9.3/armv7e-m/softfp\libgcc.a(_divdi3.o)
                              c:/infineon/tools/dave ide/4.5.0.202105191637/eclipse/arm-gcc-49/bin/../lib/gcc/arm-none-eabi/4.9.3/armv7e-m/softfp\libgcc.a(bpabi.o) (__divdi3)
c:/infineon/tools/dave ide/4.5.0.202105191637/eclipse/arm-gcc-49/bin/../lib/gcc/arm-none-eabi/4.9.3/armv7e-m/softfp\libgcc.a(_udivdi3.o)
                              c:/infineon/tools/dave ide/4.5.0.202105191637/eclipse/arm-gcc-49/bin/../lib/gcc/arm-none-eabi/4.9.3/armv7e-m/softfp\libgcc.a(bpabi.o) (__udivdi3)
c:/infineon/tools/dave ide/4.5.0.202105191637/eclipse/arm-gcc-49/bin/../lib/gcc/arm-none-eabi/4.9.3/../../../../arm-none-eabi/lib/armv7e-m/softfp\libg_nano.a(lib_a-calloc.o)
                              ./lib/pal/pal_os_memory.o (calloc)
c:/infineon/tools/dave ide/4.5.0.202105191637/eclipse/arm-gcc-49/bin/../lib/gcc/arm-none-eabi/4.9.3/../../../../arm-none-eabi/lib/armv7e-m/softfp\libg_nano.a(lib_a-errno.o)
                              ./lib/xmc/Newlib/syscalls.o (__errno)
c:/infineon/tools/dave ide/4.5.0.202105191637/eclipse/arm-gcc-49/bin/../lib/gcc/arm-none-eabi/4.9.3/../../../../arm-none-eabi/lib/armv7e-m/softfp\libg_nano.a(lib_a-impure.o)
                              c:/infineon/tools/dave ide/4.5.0.202105191637/eclipse/arm-gcc-49/bin/../lib/gcc/arm-none-eabi/4.9.3/../../../../arm-none-eabi/lib/armv7e-m/softfp\libg_nano.a(lib_a-calloc.o) (_impure_ptr)
c:/infineon/tools/dave ide/4.5.0.202105191637/eclipse/arm-gcc-49/bin/../lib/gcc/arm-none-eabi/4.9.3/../../../../arm-none-eabi/lib/armv7e-m/softfp\libg_nano.a(lib_a-init.o)
                              ./lib/xmc/Startup/startup_XMC4800.o (__libc_init_array)
c:/infineon/tools/dave ide/4.5.0.202105191637/eclipse/arm-gcc-49/bin/../lib/gcc/arm-none-eabi/4.9.3/../../../../arm-none-eabi/lib/armv7e-m/softfp\libg_nano.a(lib_a-malloc.o)
                              ./lib/pal/pal_os_memory.o (malloc)
c:/infineon/tools/dave ide/4.5.0.202105191637/eclipse/arm-gcc-49/bin/../lib/gcc/arm-none-eabi/4.9.3/../../../../arm-none-eabi/lib/armv7e-m/softfp\libg_nano.a(lib_a-memcmp.o)
                              ./lib/optiga/comms/ifx_i2c/ifx_i2c_presentation_layer.o (memcmp)
c:/infineon/tools/dave ide/4.5.0.202105191637/eclipse/arm-gcc-49/bin/../lib/gcc/arm-none-eabi/4.9.3/../../../../arm-none-eabi/lib/armv7e-m/softfp\libg_nano.a(lib_a-memcpy.o)
                              ./lib/xmc/XMCLib/src/xmc_eth_mac.o (memcpy)
c:/infineon/tools/dave ide/4.5.0.202105191637/eclipse/arm-gcc-49/bin/../lib/gcc/arm-none-eabi/4.9.3/../../../../arm-none-eabi/lib/armv7e-m/softfp\libg_nano.a(lib_a-memset.o)
                              ./lib/xmc/XMCLib/src/xmc_fce.o (memset)
c:/infineon/tools/dave ide/4.5.0.202105191637/eclipse/arm-gcc-49/bin/../lib/gcc/arm-none-eabi/4.9.3/../../../../arm-none-eabi/lib/armv7e-m/softfp\libg_nano.a(lib_a-nano-callocr.o)
                              c:/infineon/tools/dave ide/4.5.0.202105191637/eclipse/arm-gcc-49/bin/../lib/gcc/arm-none-eabi/4.9.3/../../../../arm-none-eabi/lib/armv7e-m/softfp\libg_nano.a(lib_a-calloc.o) (_calloc_r)
c:/infineon/tools/dave ide/4.5.0.202105191637/eclipse/arm-gcc-49/bin/../lib/gcc/arm-none-eabi/4.9.3/../../../../arm-none-eabi/lib/armv7e-m/softfp\libg_nano.a(lib_a-nano-freer.o)
                              c:/infineon/tools/dave ide/4.5.0.202105191637/eclipse/arm-gcc-49/bin/../lib/gcc/arm-none-eabi/4.9.3/../../../../arm-none-eabi/lib/armv7e-m/softfp\libg_nano.a(lib_a-malloc.o) (_free_r)
c:/infineon/tools/dave ide/4.5.0.202105191637/eclipse/arm-gcc-49/bin/../lib/gcc/arm-none-eabi/4.9.3/../../../../arm-none-eabi/lib/armv7e-m/softfp\libg_nano.a(lib_a-nano-mallocr.o)
                              c:/infineon/tools/dave ide/4.5.0.202105191637/eclipse/arm-gcc-49/bin/../lib/gcc/arm-none-eabi/4.9.3/../../../../arm-none-eabi/lib/armv7e-m/softfp\libg_nano.a(lib_a-malloc.o) (_malloc_r)
[...]
Memory Configuration

Name             Origin             Length             Attributes
FLASH_1_cached   0x08000000         0x00200000         xr
FLASH_1_uncached 0x0c000000         0x00200000         xr
PSRAM_1          0x1ffe8000         0x00018000         !xr
DSRAM_1_system   0x20000000         0x00020000         !xr
DSRAM_2_comm     0x20020000         0x00020000         !xr
SRAM_combined    0x1ffe8000         0x00058000         !xr
*default*        0x00000000         0xffffffff

Linker script and memory map

LOAD ./lib/xmc/XMCLib/src/xmc4_eru.o
LOAD ./lib/xmc/XMCLib/src/xmc4_flash.o
LOAD ./lib/xmc/XMCLib/src/xmc4_gpio.o
LOAD ./lib/xmc/XMCLib/src/xmc4_rtc.o
LOAD ./lib/xmc/XMCLib/src/xmc4_scu.o
LOAD ./lib/xmc/XMCLib/src/xmc_can.o
LOAD ./lib/xmc/XMCLib/src/xmc_ccu4.o
LOAD ./lib/xmc/XMCLib/src/xmc_ccu8.o
LOAD ./lib/xmc/XMCLib/src/xmc_common.o
LOAD ./lib/xmc/XMCLib/src/xmc_dac.o
LOAD ./lib/xmc/XMCLib/src/xmc_dma.o
LOAD ./lib/xmc/XMCLib/src/xmc_dsd.o
LOAD ./lib/xmc/XMCLib/src/xmc_ebu.o
LOAD ./lib/xmc/XMCLib/src/xmc_ecat.o
LOAD ./lib/xmc/XMCLib/src/xmc_eru.o
LOAD ./lib/xmc/XMCLib/src/xmc_eth_mac.o
LOAD ./lib/xmc/XMCLib/src/xmc_eth_phy_dp83848.o
LOAD ./lib/xmc/XMCLib/src/xmc_eth_phy_ksz8031rnl.o
LOAD ./lib/xmc/XMCLib/src/xmc_eth_phy_ksz8081rnb.o
LOAD ./lib/xmc/XMCLib/src/xmc_fce.o
LOAD ./lib/xmc/XMCLib/src/xmc_gpio.o
LOAD ./lib/xmc/XMCLib/src/xmc_hrpwm.o
LOAD ./lib/xmc/XMCLib/src/xmc_i2c.o
LOAD ./lib/xmc/XMCLib/src/xmc_i2s.o
LOAD ./lib/xmc/XMCLib/src/xmc_ledts.o
LOAD ./lib/xmc/XMCLib/src/xmc_posif.o
LOAD ./lib/xmc/XMCLib/src/xmc_rtc.o
LOAD ./lib/xmc/XMCLib/src/xmc_sdmmc.o
LOAD ./lib/xmc/XMCLib/src/xmc_spi.o
LOAD ./lib/xmc/XMCLib/src/xmc_uart.o
LOAD ./lib/xmc/XMCLib/src/xmc_usbd.o
LOAD ./lib/xmc/XMCLib/src/xmc_usbh.o
LOAD ./lib/xmc/XMCLib/src/xmc_usic.o
LOAD ./lib/xmc/XMCLib/src/xmc_vadc.o
LOAD ./lib/xmc/XMCLib/src/xmc_wdt.o
LOAD ./lib/xmc/Startup/startup_XMC4800.o
LOAD ./lib/xmc/Startup/system_XMC4800.o
LOAD ./lib/xmc/Newlib/syscalls.o
LOAD ./lib/xmc/Dave/Generated/USBD_VCOM/virtual_com/descriptors.o
LOAD ./lib/xmc/Dave/Generated/USBD_VCOM/class_driver/device/cdc_class_device.o
LOAD ./lib/xmc/Dave/Generated/USBD_VCOM/usbd_vcom.o
LOAD ./lib/xmc/Dave/Generated/USBD_VCOM/usbd_vcom_conf.o
LOAD ./lib/xmc/Dave/Generated/USBD/usb/core/xmc4000/usbd_endpoint_stream_xmc4000.o
LOAD ./lib/xmc/Dave/Generated/USBD/usb/core/xmc4000/usbd_endpoint_xmc4000.o
LOAD ./lib/xmc/Dave/Generated/USBD/usb/core/usb_task.o
LOAD ./lib/xmc/Dave/Generated/USBD/usbd.o
LOAD ./lib/xmc/Dave/Generated/USBD/usbd_conf.o
LOAD ./lib/xmc/Dave/Generated/UART/uart.o
LOAD ./lib/xmc/Dave/Generated/UART/uart_conf.o
LOAD ./lib/xmc/Dave/Generated/TIMER/timer.o
LOAD ./lib/xmc/Dave/Generated/TIMER/timer_conf.o
LOAD ./lib/xmc/Dave/Generated/INTERRUPT/interrupt.o
LOAD ./lib/xmc/Dave/Generated/INTERRUPT/interrupt_conf.o
LOAD ./lib/xmc/Dave/Generated/I2C_MASTER/i2c_master.o
LOAD ./lib/xmc/Dave/Generated/I2C_MASTER/i2c_master_conf.o
LOAD ./lib/xmc/Dave/Generated/GLOBAL_CCU8/global_ccu8.o
LOAD ./lib/xmc/Dave/Generated/GLOBAL_CCU8/global_ccu8_conf.o
LOAD ./lib/xmc/Dave/Generated/GLOBAL_CCU4/global_ccu4.o
LOAD ./lib/xmc/Dave/Generated/GLOBAL_CCU4/global_ccu4_conf.o
LOAD ./lib/xmc/Dave/Generated/DIGITAL_IO/digital_io.o
LOAD ./lib/xmc/Dave/Generated/DIGITAL_IO/digital_io_conf.o
LOAD ./lib/xmc/Dave/Generated/CPU_CTRL_XMC4/cpu_ctrl_xmc4.o
LOAD ./lib/xmc/Dave/Generated/CPU_CTRL_XMC4/cpu_ctrl_xmc4_conf.o
LOAD ./lib/xmc/Dave/Generated/CLOCK_XMC4/clock_xmc4.o
LOAD ./lib/xmc/Dave/Generated/CLOCK_XMC4/clock_xmc4_conf.o
LOAD ./lib/xmc/Dave/Generated/DAVE.o
LOAD ./lib/pal/pal.o
LOAD ./lib/pal/pal_crypt_mbedtls.o
LOAD ./lib/pal/pal_gpio.o
LOAD ./lib/pal/pal_i2c.o
LOAD ./lib/pal/pal_ifx_i2c_config.o
LOAD ./lib/pal/pal_logger.o
LOAD ./lib/pal/pal_os_datastore.o
LOAD ./lib/pal/pal_os_event.o
LOAD ./lib/pal/pal_os_lock.o
LOAD ./lib/pal/pal_os_memory.o
LOAD ./lib/pal/pal_os_timer.o
LOAD ./lib/optiga/util/optiga_util.o
LOAD ./lib/optiga/crypt/optiga_crypt.o
LOAD ./lib/optiga/comms/ifx_i2c/ifx_i2c.o
LOAD ./lib/optiga/comms/ifx_i2c/ifx_i2c_config.o
LOAD ./lib/optiga/comms/ifx_i2c/ifx_i2c_data_link_layer.o
LOAD ./lib/optiga/comms/ifx_i2c/ifx_i2c_physical_layer.o
LOAD ./lib/optiga/comms/ifx_i2c/ifx_i2c_presentation_layer.o
LOAD ./lib/optiga/comms/ifx_i2c/ifx_i2c_transport_layer.o
LOAD ./lib/optiga/comms/optiga_comms_ifx_i2c.o
LOAD ./lib/optiga/common/optiga_lib_common.o
LOAD ./lib/optiga/common/optiga_lib_logger.o
LOAD ./lib/optiga/cmd/optiga_cmd.o
LOAD ./lib/externals/mbedtls/aes.o
LOAD ./lib/externals/mbedtls/ccm.o
LOAD ./lib/externals/mbedtls/cipher.o
LOAD ./lib/externals/mbedtls/cipher_wrap.o
LOAD ./lib/externals/mbedtls/md.o
LOAD ./lib/externals/mbedtls/md_wrap.o
LOAD ./lib/externals/mbedtls/platform_util.o
LOAD ./lib/externals/mbedtls/sha256.o
LOAD ./lib/externals/mbedtls/ssl_ciphersuites.o
LOAD ./examples/example_optiga_crypt_clear_auto_state.o
LOAD ./examples/example_optiga_crypt_ecc_generate_keypair.o
LOAD ./examples/example_optiga_crypt_ecdh.o
LOAD ./examples/example_optiga_crypt_ecdsa_sign.o
LOAD ./examples/example_optiga_crypt_ecdsa_verify.o
LOAD ./examples/example_optiga_crypt_hash.o
LOAD ./examples/example_optiga_crypt_hkdf.o
LOAD ./examples/example_optiga_crypt_hmac.o
LOAD ./examples/example_optiga_crypt_random.o
LOAD ./examples/example_optiga_crypt_rsa_decrypt.o
LOAD ./examples/example_optiga_crypt_rsa_encrypt_message.o
LOAD ./examples/example_optiga_crypt_rsa_encrypt_session.o
LOAD ./examples/example_optiga_crypt_rsa_generate_keypair.o
LOAD ./examples/example_optiga_crypt_rsa_sign.o
LOAD ./examples/example_optiga_crypt_rsa_verify.o
LOAD ./examples/example_optiga_crypt_symmetric_encrypt_decrypt.o
LOAD ./examples/example_optiga_crypt_symmetric_encrypt_decrypt_ecb.o
LOAD ./examples/example_optiga_crypt_symmetric_generate_key.o
LOAD ./examples/example_optiga_crypt_tls_prf_sha256.o
LOAD ./examples/example_optiga_hibernate_restore.o
LOAD ./examples/example_optiga_hmac_verify_with_authorization_reference.o
LOAD ./examples/example_optiga_init_deinit.o
LOAD ./examples/example_optiga_util_protected_update.o
LOAD ./examples/example_optiga_util_read_data.o
LOAD ./examples/example_optiga_util_update_count.o
LOAD ./examples/example_optiga_util_write_data.o
LOAD ./examples/example_pair_host_and_optiga_using_pre_shared_secret.o
LOAD ./examples/example_read_coprocessor_id.o
LOAD ./examples/example_utilities.o
LOAD ./examples/optiga_shell.o
LOAD ./SEMS_Sources/Com.o
LOAD ./SEMS_Sources/Constructor.o
LOAD ./SEMS_Sources/Decoder.o
LOAD ./SEMS_Sources/Hash.o
LOAD ./SEMS_Sources/Init.o
LOAD ./SEMS_Sources/Main.o
LOAD ./SEMS_Sources/Nonce.o
LOAD ./SEMS_Sources/Patcher.o
LOAD ./SEMS_Sources/RSA.o
LOAD ./SEMS_Sources/Random.o
LOAD ./SEMS_Sources/Skey.o
LOAD ./SEMS_Sources/SymEncrypt.o
LOAD ./SEMS_Sources/Test.o
LOAD ./SEMS_Sources/Timer.o
LOAD ./SEMS_Sources/Unlock.o
LOAD ./main_xmc4800_example.o
LOAD c:/infineon/tools/dave ide/4.5.0.202105191637/eclipse/arm-gcc-49/bin/../lib/gcc/arm-none-eabi/4.9.3/../../../../arm-none-eabi/lib/armv7e-m/softfp\libm.a
START GROUP
LOAD c:/infineon/tools/dave ide/4.5.0.202105191637/eclipse/arm-gcc-49/bin/../lib/gcc/arm-none-eabi/4.9.3/armv7e-m/softfp\libgcc.a
LOAD c:/infineon/tools/dave ide/4.5.0.202105191637/eclipse/arm-gcc-49/bin/../lib/gcc/arm-none-eabi/4.9.3/../../../../arm-none-eabi/lib/armv7e-m/softfp\libg_nano.a
LOAD c:/infineon/tools/dave ide/4.5.0.202105191637/eclipse/arm-gcc-49/bin/../lib/gcc/arm-none-eabi/4.9.3/../../../../arm-none-eabi/lib/armv7e-m/softfp\libc_nano.a
END GROUP
START GROUP
LOAD c:/infineon/tools/dave ide/4.5.0.202105191637/eclipse/arm-gcc-49/bin/../lib/gcc/arm-none-eabi/4.9.3/armv7e-m/softfp\libgcc.a
LOAD c:/infineon/tools/dave ide/4.5.0.202105191637/eclipse/arm-gcc-49/bin/../lib/gcc/arm-none-eabi/4.9.3/../../../../arm-none-eabi/lib/armv7e-m/softfp\libc_nano.a
LOAD c:/infineon/tools/dave ide/4.5.0.202105191637/eclipse/arm-gcc-49/bin/../lib/gcc/arm-none-eabi/4.9.3/../../../../arm-none-eabi/lib/armv7e-m/softfp\libnosys.a
END GROUP
START GROUP
LOAD c:/infineon/tools/dave ide/4.5.0.202105191637/eclipse/arm-gcc-49/bin/../lib/gcc/arm-none-eabi/4.9.3/armv7e-m/softfp\libgcc.a
LOAD c:/infineon/tools/dave ide/4.5.0.202105191637/eclipse/arm-gcc-49/bin/../lib/gcc/arm-none-eabi/4.9.3/../../../../arm-none-eabi/lib/armv7e-m/softfp\libc_nano.a
LOAD c:/infineon/tools/dave ide/4.5.0.202105191637/eclipse/arm-gcc-49/bin/../lib/gcc/arm-none-eabi/4.9.3/../../../../arm-none-eabi/lib/armv7e-m/softfp\libnosys.a
END GROUP
                0x00005000                stack_size = DEFINED (stack_size)?stack_size:0x5000
                0x00000040                no_init_size = 0x40

.text           0x08000000     0xdf44 load address 0x0c000000
                0x08000000                sText = .
 *(.reset)
 .reset         0x08000000      0x29c ./lib/xmc/Startup/startup_XMC4800.o
                0x08000000                __Vectors
                0x08000200                Reset_Handler
                0x08000298                DSD0_7_IRQHandler
                0x08000298                DebugMon_Handler
                0x08000298                VADC0_C0_0_IRQHandler
                0x08000298                CAN0_4_IRQHandler
                0x08000298                VADC0_G2_0_IRQHandler
                0x08000298                POSIF0_0_IRQHandler
                0x08000298                POSIF1_0_IRQHandler
                0x08000298                HardFault_Handler
                0x08000298                VADC0_G1_1_IRQHandler
                0x08000298                SysTick_Handler
                0x08000298                PendSV_Handler
                0x08000298                NMI_Handler
                0x08000298                USIC1_3_IRQHandler
                0x08000298                CCU40_2_IRQHandler
                0x08000298                SCU_0_IRQHandler
                0x08000298                ERU0_0_IRQHandler
                0x08000298                CCU41_0_IRQHandler
                0x08000298                USIC1_5_IRQHandler
                0x08000298                DSD0_4_IRQHandler
                0x08000298                CCU80_1_IRQHandler
                0x08000298                CCU81_0_IRQHandler
                0x08000298                UsageFault_Handler
                0x08000298                USIC0_0_IRQHandler
                0x08000298                POSIF1_1_IRQHandler
                0x08000298                ERU0_2_IRQHandler
                0x08000298                CCU81_1_IRQHandler
                0x08000298                ERU1_1_IRQHandler
                0x08000298                VADC0_G2_3_IRQHandler
                0x08000298                VADC0_G2_2_IRQHandler
                0x08000298                CCU42_3_IRQHandler
                0x08000298                ERU0_3_IRQHandler
                0x08000298                DSD0_5_IRQHandler
                0x08000298                VADC0_C0_3_IRQHandler
                0x08000298                CAN0_6_IRQHandler
                0x08000298                CCU43_0_IRQHandler
                0x08000298                VADC0_G0_1_IRQHandler
                0x08000298                CCU81_2_IRQHandler
                0x08000298                USIC2_4_IRQHandler
                0x08000298                CCU81_3_IRQHandler
                0x08000298                CCU42_1_IRQHandler
                0x08000298                USIC1_1_IRQHandler
                0x08000298                USIC2_5_IRQHandler
                0x08000298                CCU40_0_IRQHandler
                0x08000298                CAN0_0_IRQHandler
                0x08000298                ERU1_0_IRQHandler
                0x08000298                CCU42_2_IRQHandler
                0x08000298                Default_Handler
                0x08000298                USIC1_4_IRQHandler
                0x08000298                ERU1_3_IRQHandler
                0x08000298                USIC1_0_IRQHandler
                0x08000298                POSIF0_1_IRQHandler
                0x08000298                VADC0_G0_0_IRQHandler
                0x08000298                DSD0_2_IRQHandler
                0x08000298                CCU41_3_IRQHandler
                0x08000298                CCU80_2_IRQHandler
                0x08000298                VADC0_G1_3_IRQHandler
                0x08000298                VADC0_G0_3_IRQHandler
                0x08000298                GPDMA0_0_IRQHandler
                0x08000298                PMU0_0_IRQHandler
                0x08000298                CAN0_7_IRQHandler
                0x08000298                DSD0_1_IRQHandler
                0x08000298                CCU41_2_IRQHandler
                0x08000298                VADC0_C0_1_IRQHandler
                0x08000298                CCU43_2_IRQHandler
                0x08000298                USIC2_2_IRQHandler
                0x08000298                MemManage_Handler
                0x08000298                VADC0_G3_1_IRQHandler
                0x08000298                DAC0_0_IRQHandler
                0x08000298                SVC_Handler
                0x08000298                VADC0_G3_3_IRQHandler
                0x08000298                ERU1_2_IRQHandler
                0x08000298                DSD0_6_IRQHandler
                0x08000298                VADC0_G1_2_IRQHandler
                0x08000298                USIC2_3_IRQHandler
                0x08000298                CAN0_2_IRQHandler
                0x08000298                USIC2_0_IRQHandler
                0x08000298                VADC0_G0_2_IRQHandler
                0x08000298                ECAT0_0_IRQHandler
                0x08000298                VADC0_G2_1_IRQHandler
                0x08000298                CAN0_3_IRQHandler
                0x08000298                ETH0_0_IRQHandler
                0x08000298                DSD0_0_IRQHandler
                0x08000298                VADC0_C0_2_IRQHandler
                0x08000298                CCU42_0_IRQHandler
                0x08000298                FCE0_0_IRQHandler
                0x08000298                VADC0_G1_0_IRQHandler
                0x08000298                CAN0_5_IRQHandler
                0x08000298                CCU80_0_IRQHandler
                0x08000298                CCU40_1_IRQHandler
                0x08000298                USIC2_1_IRQHandler
                0x08000298                VADC0_G3_2_IRQHandler
                0x08000298                CCU40_3_IRQHandler
                0x08000298                BusFault_Handler
                0x08000298                LEDTS0_0_IRQHandler
                0x08000298                CCU43_3_IRQHandler
                0x08000298                ERU0_1_IRQHandler
                0x08000298                VADC0_G3_0_IRQHandler
                0x08000298                USIC1_2_IRQHandler
                0x08000298                DSD0_3_IRQHandler
                0x08000298                SDMMC0_0_IRQHandler
                0x08000298                CAN0_1_IRQHandler
                0x08000298                USIC0_2_IRQHandler
                0x08000298                DAC0_1_IRQHandler
                0x08000298                GPDMA1_0_IRQHandler
 *(.text .text.* .gnu.linkonce.t.*)
 .text.XMC_GPIO_Init
                0x0800029c       0x8c ./lib/xmc/XMCLib/src/xmc4_gpio.o
                0x0800029c                XMC_GPIO_Init
 .text.XMC_SCU_RESET_AssertPeripheralReset
                0x08000328       0x18 ./lib/xmc/XMCLib/src/xmc4_scu.o
                0x08000328                XMC_SCU_RESET_AssertPeripheralReset
 .text.XMC_SCU_RESET_DeassertPeripheralReset
                0x08000340       0x18 ./lib/xmc/XMCLib/src/xmc4_scu.o
                0x08000340                XMC_SCU_RESET_DeassertPeripheralReset
 .text.XMC_SCU_CLOCK_GetPeripheralClockFrequency
                0x08000358       0x18 ./lib/xmc/XMCLib/src/xmc4_scu.o
                0x08000358                XMC_SCU_CLOCK_GetPeripheralClockFrequency
 .text.XMC_SCU_CLOCK_SetUsbClockSource
                0x08000370       0x14 ./lib/xmc/XMCLib/src/xmc4_scu.o
                0x08000370                XMC_SCU_CLOCK_SetUsbClockSource
 .text.XMC_SCU_CLOCK_SetWdtClockSource
                0x08000384       0x14 ./lib/xmc/XMCLib/src/xmc4_scu.o
                0x08000384                XMC_SCU_CLOCK_SetWdtClockSource
 .text.XMC_SCU_HIB_SetRtcClockSource
                0x08000398       0x20 ./lib/xmc/XMCLib/src/xmc4_scu.o
                0x08000398                XMC_SCU_HIB_SetRtcClockSource
 .text.XMC_SCU_CLOCK_SetUsbClockDivider
                0x080003b8       0x14 ./lib/xmc/XMCLib/src/xmc4_scu.o
                0x080003b8                XMC_SCU_CLOCK_SetUsbClockDivider
 .text.XMC_SCU_CLOCK_SetEbuClockDivider
                0x080003cc       0x14 ./lib/xmc/XMCLib/src/xmc4_scu.o
                0x080003cc                XMC_SCU_CLOCK_SetEbuClockDivider
 .text.XMC_SCU_CLOCK_SetWdtClockDivider
                0x080003e0       0x14 ./lib/xmc/XMCLib/src/xmc4_scu.o
                0x080003e0                XMC_SCU_CLOCK_SetWdtClockDivider
 .text.XMC_SCU_CLOCK_SetECATClockDivider
                0x080003f4       0x14 ./lib/xmc/XMCLib/src/xmc4_scu.o
                0x080003f4                XMC_SCU_CLOCK_SetECATClockDivider
 .text.XMC_SCU_CLOCK_EnableClock
                0x08000408        0xc ./lib/xmc/XMCLib/src/xmc4_scu.o
                0x08000408                XMC_SCU_CLOCK_EnableClock
 .text.XMC_SCU_CLOCK_GatePeripheralClock
                0x08000414       0x18 ./lib/xmc/XMCLib/src/xmc4_scu.o
                0x08000414                XMC_SCU_CLOCK_GatePeripheralClock
 .text.XMC_SCU_CLOCK_UngatePeripheralClock
                0x0800042c       0x18 ./lib/xmc/XMCLib/src/xmc4_scu.o
                0x0800042c                XMC_SCU_CLOCK_UngatePeripheralClock
 .text.XMC_SCU_CLOCK_StartUsbPll
                0x08000444       0x44 ./lib/xmc/XMCLib/src/xmc4_scu.o
                0x08000444                XMC_SCU_CLOCK_StartUsbPll
 .text.XMC_SCU_POWER_EnableUsb
                0x08000488       0x10 ./lib/xmc/XMCLib/src/xmc4_scu.o
                0x08000488                XMC_SCU_POWER_EnableUsb
 .text.XMC_SCU_POWER_DisableUsb
                0x08000498       0x10 ./lib/xmc/XMCLib/src/xmc4_scu.o
                0x08000498                XMC_SCU_POWER_DisableUsb
 .text.XMC_SCU_CLOCK_StartSystemPll
                0x080004a8      0x1b4 ./lib/xmc/XMCLib/src/xmc4_scu.o
                0x080004a8                XMC_SCU_CLOCK_StartSystemPll
 .text.XMC_SCU_CLOCK_Init
                0x0800065c      0x210 ./lib/xmc/XMCLib/src/xmc4_scu.o
                0x0800065c                XMC_SCU_CLOCK_Init
 .text.XMC_CCU4_Init
                0x0800086c       0x88 ./lib/xmc/XMCLib/src/xmc_ccu4.o
                0x0800086c                XMC_CCU4_Init
 .text.XMC_CCU4_SLICE_CompareInit
                0x080008f4       0x34 ./lib/xmc/XMCLib/src/xmc_ccu4.o
                0x080008f4                XMC_CCU4_SLICE_CompareInit
 .text.XMC_CCU4_SLICE_SetPrescaler
                0x08000928       0x10 ./lib/xmc/XMCLib/src/xmc_ccu4.o
                0x08000928                XMC_CCU4_SLICE_SetPrescaler
 .text.XMC_CCU4_SLICE_SetInterruptNode
                0x08000938       0x38 ./lib/xmc/XMCLib/src/xmc_ccu4.o
                0x08000938                XMC_CCU4_SLICE_SetInterruptNode
 .text.XMC_CCU8_Init
                0x08000970       0x58 ./lib/xmc/XMCLib/src/xmc_ccu8.o
                0x08000970                XMC_CCU8_Init
 .text.XMC_CCU8_SLICE_CompareInit
                0x080009c8       0x3c ./lib/xmc/XMCLib/src/xmc_ccu8.o
                0x080009c8                XMC_CCU8_SLICE_CompareInit
 .text.XMC_CCU8_SLICE_SetTimerPeriodMatch
                0x08000a04        0x4 ./lib/xmc/XMCLib/src/xmc_ccu8.o
                0x08000a04                XMC_CCU8_SLICE_SetTimerPeriodMatch
 .text.XMC_CCU8_SLICE_SetPrescaler
                0x08000a08       0x10 ./lib/xmc/XMCLib/src/xmc_ccu8.o
                0x08000a08                XMC_CCU8_SLICE_SetPrescaler
 .text.XMC_CCU8_SLICE_SetTimerCompareMatch
                0x08000a18        0xc ./lib/xmc/XMCLib/src/xmc_ccu8.o
                0x08000a18                XMC_CCU8_SLICE_SetTimerCompareMatch
 .text.XMC_CCU8_SLICE_SetInterruptNode
                0x08000a24       0x38 ./lib/xmc/XMCLib/src/xmc_ccu8.o
                0x08000a24                XMC_CCU8_SLICE_SetInterruptNode
 .text.XMC_GPIO_SetMode
                0x08000a5c       0x28 ./lib/xmc/XMCLib/src/xmc_gpio.o
                0x08000a5c                XMC_GPIO_SetMode
 .text.XMC_GPIO_SetHardwareControl
                0x08000a84       0x20 ./lib/xmc/XMCLib/src/xmc_gpio.o
                0x08000a84                XMC_GPIO_SetHardwareControl
 .text.XMC_I2C_CH_Init
                0x08000aa4       0x7c ./lib/xmc/XMCLib/src/xmc_i2c.o
                0x08000aa4                XMC_I2C_CH_Init
 .text.XMC_I2C_CH_SetBaudrate
                0x08000b20       0x48 ./lib/xmc/XMCLib/src/xmc_i2c.o
                0x08000b20                XMC_I2C_CH_SetBaudrate
 .text.XMC_I2C_CH_MasterStart
                0x08000b68       0x30 ./lib/xmc/XMCLib/src/xmc_i2c.o
                0x08000b68                XMC_I2C_CH_MasterStart
 .text.XMC_I2C_CH_MasterRepeatedStart
                0x08000b98       0x30 ./lib/xmc/XMCLib/src/xmc_i2c.o
                0x08000b98                XMC_I2C_CH_MasterRepeatedStart
 .text.XMC_I2C_CH_MasterStop
                0x08000bc8       0x2c ./lib/xmc/XMCLib/src/xmc_i2c.o
                0x08000bc8                XMC_I2C_CH_MasterStop
 .text.XMC_I2C_CH_MasterTransmit
                0x08000bf4       0x24 ./lib/xmc/XMCLib/src/xmc_i2c.o
                0x08000bf4                XMC_I2C_CH_MasterTransmit
 .text.XMC_I2C_CH_MasterReceiveAck
                0x08000c18       0x2c ./lib/xmc/XMCLib/src/xmc_i2c.o
                0x08000c18                XMC_I2C_CH_MasterReceiveAck
 .text.XMC_I2C_CH_MasterReceiveNack
                0x08000c44       0x2c ./lib/xmc/XMCLib/src/xmc_i2c.o
                0x08000c44                XMC_I2C_CH_MasterReceiveNack
 .text.XMC_I2C_CH_GetReceivedData
                0x08000c70       0x14 ./lib/xmc/XMCLib/src/xmc_i2c.o
                0x08000c70                XMC_I2C_CH_GetReceivedData
 .text.XMC_I2C_CH_EnableEvent
                0x08000c84       0x20 ./lib/xmc/XMCLib/src/xmc_i2c.o
                0x08000c84                XMC_I2C_CH_EnableEvent
 .text.XMC_I2C_CH_DisableEvent
                0x08000ca4       0x24 ./lib/xmc/XMCLib/src/xmc_i2c.o
                0x08000ca4                XMC_I2C_CH_DisableEvent
 .text.XMC_UART_CH_Init
                0x08000cc8       0x64 ./lib/xmc/XMCLib/src/xmc_uart.o
                0x08000cc8                XMC_UART_CH_Init
 .text.XMC_UART_CH_Transmit
                0x08000d2c       0x24 ./lib/xmc/XMCLib/src/xmc_uart.o
                0x08000d2c                XMC_UART_CH_Transmit
 .text.XMC_UART_CH_GetReceivedData
                0x08000d50       0x14 ./lib/xmc/XMCLib/src/xmc_uart.o
                0x08000d50                XMC_UART_CH_GetReceivedData
 .text.XMC_USBD_GetCapabilities
                0x08000d64       0x1c ./lib/xmc/XMCLib/src/xmc_usbd.o
                0x08000d64                XMC_USBD_GetCapabilities
 .text.XMC_USBD_DeviceConnect
                0x08000d80       0x18 ./lib/xmc/XMCLib/src/xmc_usbd.o
                0x08000d80                XMC_USBD_DeviceConnect
 .text.XMC_USBD_DeviceDisconnect
                0x08000d98       0x18 ./lib/xmc/XMCLib/src/xmc_usbd.o
                0x08000d98                XMC_USBD_DeviceDisconnect
 .text.XMC_USBD_DeviceGetState
                0x08000db0      0x118 ./lib/xmc/XMCLib/src/xmc_usbd.o
                0x08000db0                XMC_USBD_DeviceGetState
 .text.XMC_USBD_DeviceSetAddress
                0x08000ec8       0x18 ./lib/xmc/XMCLib/src/xmc_usbd.o
                0x08000ec8                XMC_USBD_DeviceSetAddress
 .text.XMC_USBD_EndpointStall
                0x08000ee0       0x8c ./lib/xmc/XMCLib/src/xmc_usbd.o
                0x08000ee0                XMC_USBD_EndpointStall
 .text.XMC_USBD_EndpointAbort
                0x08000f6c       0x44 ./lib/xmc/XMCLib/src/xmc_usbd.o
                0x08000f6c                XMC_USBD_EndpointAbort
 .text.XMC_USBD_EndpointUnconfigure
                0x08000fb0      0x100 ./lib/xmc/XMCLib/src/xmc_usbd.o
                0x08000fb0                XMC_USBD_EndpointUnconfigure
 .text.XMC_USBD_GetFrameNumber
                0x080010b0       0x14 ./lib/xmc/XMCLib/src/xmc_usbd.o
                0x080010b0                XMC_USBD_GetFrameNumber
 .text.XMC_USBD_IsEnumDone
                0x080010c4       0x1c ./lib/xmc/XMCLib/src/xmc_usbd.o
                0x080010c4                XMC_USBD_IsEnumDone
 .text.XMC_USBD_Uninitialize
                0x080010e0       0x24 ./lib/xmc/XMCLib/src/xmc_usbd.o
                0x080010e0                XMC_USBD_Uninitialize
 .text.XMC_USBD_EndpointConfigure
                0x08001104      0x280 ./lib/xmc/XMCLib/src/xmc_usbd.o
                0x08001104                XMC_USBD_EndpointConfigure
 .text.XMC_USBD_EndpointRead
                0x08001384       0x40 ./lib/xmc/XMCLib/src/xmc_usbd.o
                0x08001384                XMC_USBD_EndpointRead
 .text.XMC_USBD_Init
                0x080013c4      0x1cc ./lib/xmc/XMCLib/src/xmc_usbd.o
                0x080013c4                XMC_USBD_Init
 .text.XMC_USBD_EndpointReadStart
                0x08001590       0xe0 ./lib/xmc/XMCLib/src/xmc_usbd.o
                0x08001590                XMC_USBD_EndpointReadStart
 .text.XMC_USBD_EndpointWrite
                0x08001670       0xf8 ./lib/xmc/XMCLib/src/xmc_usbd.o
                0x08001670                XMC_USBD_EndpointWrite
 .text.XMC_USBD_IRQHandler
                0x08001768      0x8d8 ./lib/xmc/XMCLib/src/xmc_usbd.o
                0x08001768                XMC_USBD_IRQHandler
 .text.XMC_USBD_Disable
                0x08002040       0x1c ./lib/xmc/XMCLib/src/xmc_usbd.o
                0x08002040                XMC_USBD_Disable
 .text.XMC_USIC_CH_Enable
                0x0800205c       0x84 ./lib/xmc/XMCLib/src/xmc_usic.o
                0x0800205c                XMC_USIC_CH_Enable
 .text.XMC_USIC_CH_SetBaudrate
                0x080020e0       0x84 ./lib/xmc/XMCLib/src/xmc_usic.o
                0x080020e0                XMC_USIC_CH_SetBaudrate
 .text.XMC_USIC_CH_TXFIFO_Configure
                0x08002164       0x2c ./lib/xmc/XMCLib/src/xmc_usic.o
                0x08002164                XMC_USIC_CH_TXFIFO_Configure
 .text.XMC_USIC_CH_RXFIFO_Configure
                0x08002190       0x30 ./lib/xmc/XMCLib/src/xmc_usic.o
                0x08002190                XMC_USIC_CH_RXFIFO_Configure
 .text.XMC_USIC_CH_RXFIFO_SetSizeTriggerLimit
                0x080021c0       0x24 ./lib/xmc/XMCLib/src/xmc_usic.o
                0x080021c0                XMC_USIC_CH_RXFIFO_SetSizeTriggerLimit
 .text.XMC_USIC_CH_SetInterruptNodePointer
                0x080021e4       0x18 ./lib/xmc/XMCLib/src/xmc_usic.o
                0x080021e4                XMC_USIC_CH_SetInterruptNodePointer
 .text.XMC_USIC_CH_TXFIFO_SetInterruptNodePointer
                0x080021fc       0x1c ./lib/xmc/XMCLib/src/xmc_usic.o
                0x080021fc                XMC_USIC_CH_TXFIFO_SetInterruptNodePointer
 .text.XMC_USIC_CH_RXFIFO_SetInterruptNodePointer
                0x08002218       0x1c ./lib/xmc/XMCLib/src/xmc_usic.o
                0x08002218                XMC_USIC_CH_RXFIFO_SetInterruptNodePointer
 .text.SystemCoreClockUpdate
                0x08002234       0x84 ./lib/xmc/Startup/system_XMC4800.o
                0x08002234                SystemCoreClockUpdate
 .text.SystemInit
                0x080022b8       0x1c ./lib/xmc/Startup/system_XMC4800.o
                0x080022b8                SystemInit
 .text._sbrk    0x080022d4       0x40 ./lib/xmc/Newlib/syscalls.o
                0x080022d4                _sbrk
 .text._init    0x08002314        0x4 ./lib/xmc/Newlib/syscalls.o
                0x08002314                _init
 .text.USBD_VCOM_Event_GetDescriptor
                0x08002318       0x4c ./lib/xmc/Dave/Generated/USBD_VCOM/virtual_com/descriptors.o
                0x08002318                USBD_VCOM_Event_GetDescriptor
 .text.CDC_Device_ProcessControlRequest
                0x08002364      0x128 ./lib/xmc/Dave/Generated/USBD_VCOM/class_driver/device/cdc_class_device.o
                0x08002364                CDC_Device_ProcessControlRequest
 .text.CDC_Device_ConfigureEndpoints
                0x0800248c       0x54 ./lib/xmc/Dave/Generated/USBD_VCOM/class_driver/device/cdc_class_device.o
                0x0800248c                CDC_Device_ConfigureEndpoints
 .text.CDC_Device_USBTask
                0x080024e0       0x7c ./lib/xmc/Dave/Generated/USBD_VCOM/class_driver/device/cdc_class_device.o
                0x080024e0                CDC_Device_USBTask
 .text.CDC_Device_SendData
                0x0800255c       0x3c ./lib/xmc/Dave/Generated/USBD_VCOM/class_driver/device/cdc_class_device.o
                0x0800255c                CDC_Device_SendData
 .text.CDC_Device_Flush
                0x08002598       0x4c ./lib/xmc/Dave/Generated/USBD_VCOM/class_driver/device/cdc_class_device.o
                0x08002598                CDC_Device_Flush
 .text.USBD_VCOM_CDCClass_Event_LineEncodingChanged
                0x080025e4        0xc ./lib/xmc/Dave/Generated/USBD_VCOM/usbd_vcom.o
                0x080025e4                USBD_VCOM_CDCClass_Event_LineEncodingChanged
 .text.USBD_VCOM_CDCClass_Event_ControlLineStateChanged
                0x080025f0        0xc ./lib/xmc/Dave/Generated/USBD_VCOM/usbd_vcom.o
                0x080025f0                USBD_VCOM_CDCClass_Event_ControlLineStateChanged
 .text.USBD_VCOM_CDCClass_Event_BreakSent
                0x080025fc        0xc ./lib/xmc/Dave/Generated/USBD_VCOM/usbd_vcom.o
                0x080025fc                USBD_VCOM_CDCClass_Event_BreakSent
 .text.USBD_VCOM_Event_ConfigurationChanged
                0x08002608       0x58 ./lib/xmc/Dave/Generated/USBD_VCOM/usbd_vcom.o
                0x08002608                USBD_VCOM_Event_ConfigurationChanged
 .text.USBD_VCOM_Event_ControlRequest
                0x08002660        0xc ./lib/xmc/Dave/Generated/USBD_VCOM/usbd_vcom.o
                0x08002660                USBD_VCOM_Event_ControlRequest
 .text.USBD_VCOM_Event_Reset
                0x0800266c       0xc8 ./lib/xmc/Dave/Generated/USBD_VCOM/usbd_vcom.o
                0x0800266c                USBD_VCOM_Event_Reset
 .text.USBD_VCOM_Init
                0x08002734       0xa8 ./lib/xmc/Dave/Generated/USBD_VCOM/usbd_vcom.o
                0x08002734                USBD_VCOM_Init
 .text.USBD_VCOM_IsEnumDone
                0x080027dc       0x1c ./lib/xmc/Dave/Generated/USBD_VCOM/usbd_vcom.o
                0x080027dc                USBD_VCOM_IsEnumDone
 .text.USBD_VCOM_SendData
                0x080027f8       0x34 ./lib/xmc/Dave/Generated/USBD_VCOM/usbd_vcom.o
                0x080027f8                USBD_VCOM_SendData
 .text.USBD_VCOM_ReceiveData
                0x0800282c       0x48 ./lib/xmc/Dave/Generated/USBD_VCOM/usbd_vcom.o
                0x0800282c                USBD_VCOM_ReceiveData
 .text.USBD_VCOM_Connect
                0x08002874        0x4 ./lib/xmc/Dave/Generated/USBD_VCOM/usbd_vcom.o
                0x08002874                USBD_VCOM_Connect
 .text.Endpoint_Write_Stream_LE
                0x08002878       0xa0 ./lib/xmc/Dave/Generated/USBD/usb/core/xmc4000/usbd_endpoint_stream_xmc4000.o
                0x08002878                Endpoint_Write_Stream_LE
 .text.Endpoint_Read_Stream_LE
                0x08002918       0xa0 ./lib/xmc/Dave/Generated/USBD/usb/core/xmc4000/usbd_endpoint_stream_xmc4000.o
                0x08002918                Endpoint_Read_Stream_LE
 .text.Endpoint_WaitUntilReady
                0x080029b8       0x98 ./lib/xmc/Dave/Generated/USBD/usb/core/xmc4000/usbd_endpoint_xmc4000.o
                0x080029b8                Endpoint_WaitUntilReady
 .text.Endpoint_ClearOUT
                0x08002a50       0x58 ./lib/xmc/Dave/Generated/USBD/usb/core/xmc4000/usbd_endpoint_xmc4000.o
                0x08002a50                Endpoint_ClearOUT
 .text.Endpoint_ClearIN
                0x08002aa8       0x70 ./lib/xmc/Dave/Generated/USBD/usb/core/xmc4000/usbd_endpoint_xmc4000.o
                0x08002aa8                Endpoint_ClearIN
 .text.Endpoint_IsReadWriteAllowed
                0x08002b18       0x30 ./lib/xmc/Dave/Generated/USBD/usb/core/xmc4000/usbd_endpoint_xmc4000.o
                0x08002b18                Endpoint_IsReadWriteAllowed
 .text.Endpoint_Write_8
                0x08002b48       0x2c ./lib/xmc/Dave/Generated/USBD/usb/core/xmc4000/usbd_endpoint_xmc4000.o
                0x08002b48                Endpoint_Write_8
 .text.Endpoint_Read_8
                0x08002b74       0x2c ./lib/xmc/Dave/Generated/USBD/usb/core/xmc4000/usbd_endpoint_xmc4000.o
                0x08002b74                Endpoint_Read_8
 .text.Endpoint_Write_32_LE
                0x08002ba0       0x2c ./lib/xmc/Dave/Generated/USBD/usb/core/xmc4000/usbd_endpoint_xmc4000.o
                0x08002ba0                Endpoint_Write_32_LE
 .text.Endpoint_Read_32_LE
                0x08002bcc       0x2c ./lib/xmc/Dave/Generated/USBD/usb/core/xmc4000/usbd_endpoint_xmc4000.o
                0x08002bcc                Endpoint_Read_32_LE
 .text.Endpoint_ConfigureEndpointTable
                0x08002bf8       0x94 ./lib/xmc/Dave/Generated/USBD/usb/core/xmc4000/usbd_endpoint_xmc4000.o
                0x08002bf8                Endpoint_ConfigureEndpointTable
 .text.USBD_SignalDeviceEventHandler
                0x08002c8c      0x304 ./lib/xmc/Dave/Generated/USBD/usbd.o
 .text.USBD_HandleEP0_Stall
                0x08002f90       0x28 ./lib/xmc/Dave/Generated/USBD/usbd.o
 .text.USBD_Handle_DeviceRequest
                0x08002fb8      0x31c ./lib/xmc/Dave/Generated/USBD/usbd.o
 .text.USBD_SignalEndpointEvent_Handler
                0x080032d4      0x1d8 ./lib/xmc/Dave/Generated/USBD/usbd.o
 .text.USBD_Init
                0x080034ac      0x118 ./lib/xmc/Dave/Generated/USBD/usbd.o
                0x080034ac                USBD_Init
 .text.USBD_Connect
                0x080035c4        0xc ./lib/xmc/Dave/Generated/USBD/usbd.o
                0x080035c4                USBD_Connect
 .text.USBD_IsEnumDone
                0x080035d0        0xc ./lib/xmc/Dave/Generated/USBD/usbd.o
                0x080035d0                USBD_IsEnumDone
 .text.USBD_SetEndpointBuffer
                0x080035dc       0x34 ./lib/xmc/Dave/Generated/USBD/usbd.o
                0x080035dc                USBD_SetEndpointBuffer
 .text.USB0_0_IRQHandler
                0x08003610        0xc ./lib/xmc/Dave/Generated/USBD/usbd.o
                0x08003610                USB0_0_IRQHandler
 .text.UART_Init
                0x0800361c        0x8 ./lib/xmc/Dave/Generated/UART/uart.o
                0x0800361c                UART_Init
 .text.UART_Transmit
                0x08003624       0x68 ./lib/xmc/Dave/Generated/UART/uart.o
                0x08003624                UART_Transmit
 .text.UART_Receive
                0x0800368c       0x78 ./lib/xmc/Dave/Generated/UART/uart.o
                0x0800368c                UART_Receive
 .text.UART_lTransmitHandler
                0x08003704       0x98 ./lib/xmc/Dave/Generated/UART/uart.o
                0x08003704                UART_lTransmitHandler
 .text.UART_lReceiveHandler
                0x0800379c       0xc8 ./lib/xmc/Dave/Generated/UART/uart.o
                0x0800379c                UART_lReceiveHandler
 .text.cunit_logger_init
                0x08003864      0x100 ./lib/xmc/Dave/Generated/UART/uart_conf.o
                0x08003864                cunit_logger_init
 .text.USIC0_4_IRQHandler
                0x08003964        0xc ./lib/xmc/Dave/Generated/UART/uart_conf.o
                0x08003964                USIC0_4_IRQHandler
 .text.USIC0_5_IRQHandler
                0x08003970        0xc ./lib/xmc/Dave/Generated/UART/uart_conf.o
                0x08003970                USIC0_5_IRQHandler
 .text.TIMER_Init
                0x0800397c      0x104 ./lib/xmc/Dave/Generated/TIMER/timer.o
                0x0800397c                TIMER_Init
 .text.TIMER_Start
                0x08003a80       0x2c ./lib/xmc/Dave/Generated/TIMER/timer.o
                0x08003a80                TIMER_Start
 .text.TIMER_Stop
                0x08003aac       0x44 ./lib/xmc/Dave/Generated/TIMER/timer.o
                0x08003aac                TIMER_Stop
 .text.TIMER_SetTimeInterval
                0x08003af0      0x160 ./lib/xmc/Dave/Generated/TIMER/timer.o
                0x08003af0                TIMER_SetTimeInterval
 .text.TIMER_ClearEvent
                0x08003c50       0x2c ./lib/xmc/Dave/Generated/TIMER/timer.o
                0x08003c50                TIMER_ClearEvent
 .text.TIMER_Clear
                0x08003c7c       0x2c ./lib/xmc/Dave/Generated/TIMER/timer.o
                0x08003c7c                TIMER_Clear
 .text.INTERRUPT_Init
                0x08003ca8       0x90 ./lib/xmc/Dave/Generated/INTERRUPT/interrupt.o
                0x08003ca8                INTERRUPT_Init
 .text.I2C_MASTER_Init
                0x08003d38       0x14 ./lib/xmc/Dave/Generated/I2C_MASTER/i2c_master.o
                0x08003d38                I2C_MASTER_Init
 .text.I2C_MASTER_Transmit
                0x08003d4c       0xc0 ./lib/xmc/Dave/Generated/I2C_MASTER/i2c_master.o
                0x08003d4c                I2C_MASTER_Transmit
 .text.I2C_MASTER_TransmitHandler
                0x08003e0c      0x25c ./lib/xmc/Dave/Generated/I2C_MASTER/i2c_master.o
                0x08003e0c                I2C_MASTER_TransmitHandler
 .text.I2C_MASTER_Receive
                0x08004068      0x350 ./lib/xmc/Dave/Generated/I2C_MASTER/i2c_master.o
                0x08004068                I2C_MASTER_Receive
 .text.I2C_MASTER_ReceiveHandler
                0x080043b8      0x220 ./lib/xmc/Dave/Generated/I2C_MASTER/i2c_master.o
                0x080043b8                I2C_MASTER_ReceiveHandler
 .text.I2C_MASTER_AbortTransmit
                0x080045d8       0x58 ./lib/xmc/Dave/Generated/I2C_MASTER/i2c_master.o
                0x080045d8                I2C_MASTER_AbortTransmit
 .text.I2C_MASTER_AbortReceive
                0x08004630       0x50 ./lib/xmc/Dave/Generated/I2C_MASTER/i2c_master.o
                0x08004630                I2C_MASTER_AbortReceive
 .text.i2c_master_0_disable_io
                0x08004680       0x24 ./lib/xmc/Dave/Generated/I2C_MASTER/i2c_master_conf.o
 .text.i2c_master_0_enable_io
                0x080046a4       0x24 ./lib/xmc/Dave/Generated/I2C_MASTER/i2c_master_conf.o
 .text.i2c_master_0_init
                0x080046c8      0x120 ./lib/xmc/Dave/Generated/I2C_MASTER/i2c_master_conf.o
                0x080046c8                i2c_master_0_init
 .text.USIC0_1_IRQHandler
                0x080047e8        0xc ./lib/xmc/Dave/Generated/I2C_MASTER/i2c_master_conf.o
                0x080047e8                USIC0_1_IRQHandler
 .text.USIC0_3_IRQHandler
                0x080047f4        0xc ./lib/xmc/Dave/Generated/I2C_MASTER/i2c_master_conf.o
                0x080047f4                USIC0_3_IRQHandler
 .text.GLOBAL_CCU8_Init
                0x08004800       0x28 ./lib/xmc/Dave/Generated/GLOBAL_CCU8/global_ccu8.o
                0x08004800                GLOBAL_CCU8_Init
 .text.GLOBAL_CCU4_Init
                0x08004828       0x28 ./lib/xmc/Dave/Generated/GLOBAL_CCU4/global_ccu4.o
                0x08004828                GLOBAL_CCU4_Init
 .text.DIGITAL_IO_Init
                0x08004850       0x1c ./lib/xmc/Dave/Generated/DIGITAL_IO/digital_io.o
                0x08004850                DIGITAL_IO_Init
 .text.SystemCoreSetup
                0x0800486c       0x74 ./lib/xmc/Dave/Generated/CPU_CTRL_XMC4/cpu_ctrl_xmc4_conf.o
                0x0800486c                SystemCoreSetup
 .text.CLOCK_XMC4_Init
                0x080048e0        0x8 ./lib/xmc/Dave/Generated/CLOCK_XMC4/clock_xmc4.o
                0x080048e0                CLOCK_XMC4_Init
 .text.OSCHP_GetFrequency
                0x080048e8        0x8 ./lib/xmc/Dave/Generated/CLOCK_XMC4/clock_xmc4.o
                0x080048e8                OSCHP_GetFrequency
 .text.SystemCoreClockSetup
                0x080048f0       0x60 ./lib/xmc/Dave/Generated/CLOCK_XMC4/clock_xmc4_conf.o
                0x080048f0                SystemCoreClockSetup
 .text.DAVE_Init
                0x08004950       0xac ./lib/xmc/Dave/Generated/DAVE.o
                0x08004950                DAVE_Init
 .text.pal_init
                0x080049fc        0x4 ./lib/pal/pal.o
                0x080049fc                pal_init
 .text.pal_crypt_tls_prf_sha256
                0x08004a00      0x144 ./lib/pal/pal_crypt_mbedtls.o
                0x08004a00                pal_crypt_tls_prf_sha256
 .text.pal_crypt_encrypt_aes128_ccm
                0x08004b44       0x80 ./lib/pal/pal_crypt_mbedtls.o
                0x08004b44                pal_crypt_encrypt_aes128_ccm
 .text.pal_crypt_decrypt_aes128_ccm
                0x08004bc4       0x74 ./lib/pal/pal_crypt_mbedtls.o
                0x08004bc4                pal_crypt_decrypt_aes128_ccm
 .text.pal_gpio_set_high
                0x08004c38       0x14 ./lib/pal/pal_gpio.o
                0x08004c38                pal_gpio_set_high
 .text.pal_gpio_set_low
                0x08004c4c       0x14 ./lib/pal/pal_gpio.o
                0x08004c4c                pal_gpio_set_low
 .text.i2c_master_end_of_transmit_callback
                0x08004c60       0x20 ./lib/pal/pal_i2c.o
                0x08004c60                i2c_master_end_of_transmit_callback
 .text.i2c_master_end_of_receive_callback
                0x08004c80       0x20 ./lib/pal/pal_i2c.o
                0x08004c80                i2c_master_end_of_receive_callback
 .text.i2c_master_error_detected_callback
                0x08004ca0       0x54 ./lib/pal/pal_i2c.o
                0x08004ca0                i2c_master_error_detected_callback
 .text.i2c_master_nack_received_callback
                0x08004cf4       0x54 ./lib/pal/pal_i2c.o
                0x08004cf4                i2c_master_nack_received_callback
 .text.i2c_master_arbitration_lost_callback
                0x08004d48       0x54 ./lib/pal/pal_i2c.o
                0x08004d48                i2c_master_arbitration_lost_callback
 .text.pal_i2c_init
                0x08004d9c        0x4 ./lib/pal/pal_i2c.o
                0x08004d9c                pal_i2c_init
 .text.pal_i2c_deinit
                0x08004da0        0x4 ./lib/pal/pal_i2c.o
                0x08004da0                pal_i2c_deinit
 .text.pal_i2c_write
                0x08004da4       0x60 ./lib/pal/pal_i2c.o
                0x08004da4                pal_i2c_write
 .text.pal_i2c_read
                0x08004e04       0x60 ./lib/pal/pal_i2c.o
                0x08004e04                pal_i2c_read
 .text.pal_i2c_set_bitrate
                0x08004e64       0x5c ./lib/pal/pal_i2c.o
                0x08004e64                pal_i2c_set_bitrate
 .text.cunit_console_uart_end_of_transmit_callback
                0x08004ec0        0xc ./lib/pal/pal_logger.o
                0x08004ec0                cunit_console_uart_end_of_transmit_callback
 .text.cunit_console_uart_end_of_receive_callback
                0x08004ecc        0xc ./lib/pal/pal_logger.o
                0x08004ecc                cunit_console_uart_end_of_receive_callback
 .text.pal_logger_init
                0x08004ed8       0x20 ./lib/pal/pal_logger.o
                0x08004ed8                pal_logger_init
 .text.pal_logger_write
                0x08004ef8       0x40 ./lib/pal/pal_logger.o
                0x08004ef8                pal_logger_write
 .text.pal_logger_read
                0x08004f38       0x40 ./lib/pal/pal_logger.o
                0x08004f38                pal_logger_read
 .text.pal_os_datastore_write
                0x08004f78       0x4c ./lib/pal/pal_os_datastore.o
                0x08004f78                pal_os_datastore_write
 .text.pal_os_datastore_read
                0x08004fc4       0x54 ./lib/pal/pal_os_datastore.o
                0x08004fc4                pal_os_datastore_read
 .text.pal_os_event_start
                0x08005018       0x2c ./lib/pal/pal_os_event.o
                0x08005018                pal_os_event_start
 .text.pal_os_event_stop
                0x08005044        0x8 ./lib/pal/pal_os_event.o
                0x08005044                pal_os_event_stop
 .text.pal_os_event_create
                0x0800504c       0x40 ./lib/pal/pal_os_event.o
                0x0800504c                pal_os_event_create
 .text.CCU43_1_IRQHandler
                0x0800508c       0x2c ./lib/pal/pal_os_event.o
                0x0800508c                CCU43_1_IRQHandler
 .text.pal_os_event_register_callback_oneshot
                0x080050b8       0x24 ./lib/pal/pal_os_event.o
                0x080050b8                pal_os_event_register_callback_oneshot
 .text.pal_os_lock_enter_critical_section
                0x080050dc        0x4 ./lib/pal/pal_os_lock.o
                0x080050dc                pal_os_lock_enter_critical_section
 .text.pal_os_lock_exit_critical_section
                0x080050e0        0x4 ./lib/pal/pal_os_lock.o
                0x080050e0                pal_os_lock_exit_critical_section
 .text.pal_os_calloc
                0x080050e4        0x4 ./lib/pal/pal_os_memory.o
                0x080050e4                pal_os_calloc
 .text.pal_os_free
                0x080050e8        0x4 ./lib/pal/pal_os_memory.o
                0x080050e8                pal_os_free
 .text.pal_os_memcpy
                0x080050ec        0x4 ./lib/pal/pal_os_memory.o
                0x080050ec                pal_os_memcpy
 .text.pal_os_memset
                0x080050f0        0x4 ./lib/pal/pal_os_memory.o
                0x080050f0                pal_os_memset
 .text.CCU41_1_IRQHandler
                0x080050f4       0x24 ./lib/pal/pal_os_timer.o
                0x080050f4                CCU41_1_IRQHandler
 .text.pal_os_timer_get_time_in_microseconds
                0x08005118       0x10 ./lib/pal/pal_os_timer.o
                0x08005118                pal_os_timer_get_time_in_microseconds
 .text.pal_os_timer_get_time_in_milliseconds
                0x08005128        0xc ./lib/pal/pal_os_timer.o
                0x08005128                pal_os_timer_get_time_in_milliseconds
 .text.pal_os_timer_delay_in_milliseconds
                0x08005134       0x14 ./lib/pal/pal_os_timer.o
                0x08005134                pal_os_timer_delay_in_milliseconds
 .text.optiga_util_generic_event_handler
                0x08005148        0xc ./lib/optiga/util/optiga_util.o
 .text.optiga_util_set_comms_params
                0x08005154       0x18 ./lib/optiga/util/optiga_util.o
                0x08005154                optiga_util_set_comms_params
 .text.optiga_util_create
                0x0800516c       0x50 ./lib/optiga/util/optiga_util.o
                0x0800516c                optiga_util_create
 .text.optiga_util_destroy
                0x080051bc       0x30 ./lib/optiga/util/optiga_util.o
                0x080051bc                optiga_util_destroy
 .text.optiga_util_open_application
                0x080051ec       0x74 ./lib/optiga/util/optiga_util.o
                0x080051ec                optiga_util_open_application
 .text.optiga_util_close_application
                0x08005260       0x74 ./lib/optiga/util/optiga_util.o
                0x08005260                optiga_util_close_application
 .text.optiga_util_read_data
                0x080052d4       0x9c ./lib/optiga/util/optiga_util.o
                0x080052d4                optiga_util_read_data
 .text.optiga_util_read_metadata
                0x08005370       0x98 ./lib/optiga/util/optiga_util.o
                0x08005370                optiga_util_read_metadata
 .text.optiga_util_write_data
                0x08005408       0xac ./lib/optiga/util/optiga_util.o
                0x08005408                optiga_util_write_data
 .text.optiga_util_write_metadata
                0x080054b4       0x90 ./lib/optiga/util/optiga_util.o
                0x080054b4                optiga_util_write_metadata
 .text.optiga_util_update_count
                0x08005544       0x90 ./lib/optiga/util/optiga_util.o
                0x08005544                optiga_util_update_count
 .text.optiga_crypt_generic_event_handler
                0x080055d4        0xc ./lib/optiga/crypt/optiga_crypt.o
 .text.optiga_crypt_set_comms_params
                0x080055e0       0x18 ./lib/optiga/crypt/optiga_crypt.o
                0x080055e0                optiga_crypt_set_comms_params
 .text.optiga_crypt_create
                0x080055f8       0x54 ./lib/optiga/crypt/optiga_crypt.o
                0x080055f8                optiga_crypt_create
 .text.optiga_crypt_destroy
                0x0800564c       0x30 ./lib/optiga/crypt/optiga_crypt.o
                0x0800564c                optiga_crypt_destroy
 .text.optiga_crypt_random
                0x0800567c       0x88 ./lib/optiga/crypt/optiga_crypt.o
                0x0800567c                optiga_crypt_random
 .text.optiga_crypt_hash
                0x08005704       0x9c ./lib/optiga/crypt/optiga_crypt.o
                0x08005704                optiga_crypt_hash
 .text.optiga_crypt_rsa_verify
                0x080057a0       0xa8 ./lib/optiga/crypt/optiga_crypt.o
                0x080057a0                optiga_crypt_rsa_verify
 .text.optiga_crypt_rsa_encrypt_message
                0x08005848       0x9c ./lib/optiga/crypt/optiga_crypt.o
                0x08005848                optiga_crypt_rsa_encrypt_message
 .text.ifx_i2c_tl_event_handler
                0x080058e4       0x28 ./lib/optiga/comms/ifx_i2c/ifx_i2c.o
                0x080058e4                ifx_i2c_tl_event_handler
 .text.ifx_i2c_init
                0x0800590c       0xa8 ./lib/optiga/comms/ifx_i2c/ifx_i2c.o
 .text.ifx_i2c_prl_close_event_handler
                0x080059b4       0x44 ./lib/optiga/comms/ifx_i2c/ifx_i2c.o
 .text.ifx_i2c_open
                0x080059f8       0x5c ./lib/optiga/comms/ifx_i2c/ifx_i2c.o
                0x080059f8                ifx_i2c_open
 .text.ifx_i2c_transceive
                0x08005a54       0x3c ./lib/optiga/comms/ifx_i2c/ifx_i2c.o
                0x08005a54                ifx_i2c_transceive
 .text.ifx_i2c_close
                0x08005a90       0x4c ./lib/optiga/comms/ifx_i2c/ifx_i2c.o
                0x08005a90                ifx_i2c_close
 .text.ifx_i2c_pl_event_handler
                0x08005adc      0x584 ./lib/optiga/comms/ifx_i2c/ifx_i2c_data_link_layer.o
 .text.ifx_i2c_dl_init
                0x08006060       0x48 ./lib/optiga/comms/ifx_i2c/ifx_i2c_data_link_layer.o
                0x08006060                ifx_i2c_dl_init
 .text.ifx_i2c_dl_send_frame
                0x080060a8       0xb4 ./lib/optiga/comms/ifx_i2c/ifx_i2c_data_link_layer.o
                0x080060a8                ifx_i2c_dl_send_frame
 .text.ifx_i2c_dl_receive_frame
                0x0800615c       0x3c ./lib/optiga/comms/ifx_i2c/ifx_i2c_data_link_layer.o
                0x0800615c                ifx_i2c_dl_receive_frame
 .text.ifx_i2c_pl_status_poll_callback
                0x08006198       0x30 ./lib/optiga/comms/ifx_i2c/ifx_i2c_physical_layer.o
 .text.ifx_i2c_pal_poll_callback
                0x080061c8       0x28 ./lib/optiga/comms/ifx_i2c/ifx_i2c_physical_layer.o
 .text.ifx_i2c_pl_negotiation_event_handler
                0x080061f0      0x2a8 ./lib/optiga/comms/ifx_i2c/ifx_i2c_physical_layer.o
 .text.ifx_i2c_pl_pal_event_handler
                0x08006498       0x54 ./lib/optiga/comms/ifx_i2c/ifx_i2c_physical_layer.o
 .text.ifx_i2c_pl_soft_reset
                0x080064ec       0xe4 ./lib/optiga/comms/ifx_i2c/ifx_i2c_physical_layer.o
 .text.ifx_i2c_pl_guard_time_callback
                0x080065d0      0x188 ./lib/optiga/comms/ifx_i2c/ifx_i2c_physical_layer.o
 .text.ifx_i2c_pl_init
                0x08006758       0x70 ./lib/optiga/comms/ifx_i2c/ifx_i2c_physical_layer.o
                0x08006758                ifx_i2c_pl_init
 .text.ifx_i2c_pl_send_frame
                0x080067c8       0x74 ./lib/optiga/comms/ifx_i2c/ifx_i2c_physical_layer.o
                0x080067c8                ifx_i2c_pl_send_frame
 .text.ifx_i2c_pl_receive_frame
                0x0800683c       0x58 ./lib/optiga/comms/ifx_i2c/ifx_i2c_physical_layer.o
                0x0800683c                ifx_i2c_pl_receive_frame
 .text.ifx_i2c_prl_event_handler
                0x08006894      0xc30 ./lib/optiga/comms/ifx_i2c/ifx_i2c_presentation_layer.o
 .text.ifx_i2c_prl_init
                0x080074c4       0x54 ./lib/optiga/comms/ifx_i2c/ifx_i2c_presentation_layer.o
                0x080074c4                ifx_i2c_prl_init
 .text.ifx_i2c_prl_close
                0x08007518       0x54 ./lib/optiga/comms/ifx_i2c/ifx_i2c_presentation_layer.o
                0x08007518                ifx_i2c_prl_close
 .text.ifx_i2c_prl_transceive
                0x0800756c       0x84 ./lib/optiga/comms/ifx_i2c/ifx_i2c_presentation_layer.o
                0x0800756c                ifx_i2c_prl_transceive
 .text.ifx_i2c_dl_event_handler
                0x080075f0      0x354 ./lib/optiga/comms/ifx_i2c/ifx_i2c_transport_layer.o
 .text.ifx_i2c_tl_init
                0x08007944       0x34 ./lib/optiga/comms/ifx_i2c/ifx_i2c_transport_layer.o
                0x08007944                ifx_i2c_tl_init
 .text.ifx_i2c_tl_transceive
                0x08007978       0x94 ./lib/optiga/comms/ifx_i2c/ifx_i2c_transport_layer.o
                0x08007978                ifx_i2c_tl_transceive
 .text.ifx_i2c_event_handler
                0x08007a0c       0x10 ./lib/optiga/comms/optiga_comms_ifx_i2c.o
 .text.optiga_comms_create
                0x08007a1c       0x2c ./lib/optiga/comms/optiga_comms_ifx_i2c.o
                0x08007a1c                optiga_comms_create
 .text.optiga_comms_set_callback_context
                0x08007a48        0x8 ./lib/optiga/comms/optiga_comms_ifx_i2c.o
                0x08007a48                optiga_comms_set_callback_context
 .text.optiga_comms_open
                0x08007a50       0x40 ./lib/optiga/comms/optiga_comms_ifx_i2c.o
                0x08007a50                optiga_comms_open
 .text.optiga_comms_transceive
                0x08007a90       0x58 ./lib/optiga/comms/optiga_comms_ifx_i2c.o
                0x08007a90                optiga_comms_transceive
 .text.optiga_comms_close
                0x08007ae8       0x38 ./lib/optiga/comms/optiga_comms_ifx_i2c.o
                0x08007ae8                optiga_comms_close
 .text.optiga_common_set_uint16
                0x08007b20        0x8 ./lib/optiga/common/optiga_lib_common.o
                0x08007b20                optiga_common_set_uint16
 .text.optiga_common_set_uint32
                0x08007b28       0x18 ./lib/optiga/common/optiga_lib_common.o
                0x08007b28                optiga_common_set_uint32
 .text.optiga_common_get_uint32
                0x08007b40       0x18 ./lib/optiga/common/optiga_lib_common.o
                0x08007b40                optiga_common_get_uint32
 .text.optiga_common_get_uint16
                0x08007b58       0x10 ./lib/optiga/common/optiga_lib_common.o
                0x08007b58                optiga_common_get_uint16
 .text.optiga_lib_print_bytes
                0x08007b68       0x10 ./lib/optiga/common/optiga_lib_logger.o
                0x08007b68                optiga_lib_print_bytes
 .text.optiga_cmd_queue_scheduler
                0x08007b78      0x33c ./lib/optiga/cmd/optiga_cmd.o
 .text.optiga_cmd_get_data_object_handler
                0x08007eb4      0x114 ./lib/optiga/cmd/optiga_cmd.o
 .text.optiga_cmd_set_data_object_handler
                0x08007fc8       0xc0 ./lib/optiga/cmd/optiga_cmd.o
 .text.optiga_cmd_get_random_handler
                0x08008088       0xd0 ./lib/optiga/cmd/optiga_cmd.o
 .text.optiga_cmd_verify_sign_handler
                0x08008158      0x17c ./lib/optiga/cmd/optiga_cmd.o
 .text.optiga_cmd_encrypt_asym_handler
                0x080082d4      0x1dc ./lib/optiga/cmd/optiga_cmd.o
 .text.optiga_cmd_calc_hash_handler
                0x080084b0      0x220 ./lib/optiga/cmd/optiga_cmd.o
 .text.optiga_cmd_close_application_handler
                0x080086d0       0x78 ./lib/optiga/cmd/optiga_cmd.o
 .text.optiga_cmd_open_application_handler
                0x08008748       0xf8 ./lib/optiga/cmd/optiga_cmd.o
 .text.optiga_cmd_execute_process_response
                0x08008840      0x2a0 ./lib/optiga/cmd/optiga_cmd.o
 .text.optiga_cmd_execute_prepare_command
                0x08008ae0      0x1e8 ./lib/optiga/cmd/optiga_cmd.o
 .text.optiga_cmd_execute_comms_close
                0x08008cc8      0x170 ./lib/optiga/cmd/optiga_cmd.o
 .text.optiga_cmd_execute_handler
                0x08008e38      0x1d4 ./lib/optiga/cmd/optiga_cmd.o
 .text.optiga_cmd_execute_handler.constprop.13
                0x0800900c      0x194 ./lib/optiga/cmd/optiga_cmd.o
 .text.optiga_cmd_event_trigger_execute
                0x080091a0        0x4 ./lib/optiga/cmd/optiga_cmd.o
 .text.optiga_cmd_set_shielded_connection_option
                0x080091a4       0x18 ./lib/optiga/cmd/optiga_cmd.o
                0x080091a4                optiga_cmd_set_shielded_connection_option
 .text.optiga_cmd_create
                0x080091bc      0x13c ./lib/optiga/cmd/optiga_cmd.o
                0x080091bc                optiga_cmd_create
 .text.optiga_cmd_destroy
                0x080092f8       0x4c ./lib/optiga/cmd/optiga_cmd.o
                0x080092f8                optiga_cmd_destroy
 .text.optiga_cmd_open_application
                0x08009344       0x24 ./lib/optiga/cmd/optiga_cmd.o
                0x08009344                optiga_cmd_open_application
 .text.optiga_cmd_close_application
                0x08009368       0x28 ./lib/optiga/cmd/optiga_cmd.o
                0x08009368                optiga_cmd_close_application
 .text.optiga_cmd_get_data_object
                0x08009390       0x28 ./lib/optiga/cmd/optiga_cmd.o
                0x08009390                optiga_cmd_get_data_object
 .text.optiga_cmd_set_data_object
                0x080093b8       0x28 ./lib/optiga/cmd/optiga_cmd.o
                0x080093b8                optiga_cmd_set_data_object
 .text.optiga_cmd_get_random
                0x080093e0       0x30 ./lib/optiga/cmd/optiga_cmd.o
                0x080093e0                optiga_cmd_get_random
 .text.optiga_cmd_verify_sign
                0x08009410       0x28 ./lib/optiga/cmd/optiga_cmd.o
                0x08009410                optiga_cmd_verify_sign
 .text.optiga_cmd_encrypt_asym
                0x08009438       0x3c ./lib/optiga/cmd/optiga_cmd.o
                0x08009438                optiga_cmd_encrypt_asym
 .text.optiga_cmd_calc_hash
                0x08009474       0x2c ./lib/optiga/cmd/optiga_cmd.o
                0x08009474                optiga_cmd_calc_hash
 .text.aes_gen_tables
                0x080094a0      0x260 ./lib/externals/mbedtls/aes.o
 .text.mbedtls_aes_init
                0x08009700        0xc ./lib/externals/mbedtls/aes.o
                0x08009700                mbedtls_aes_init
 .text.mbedtls_aes_free
                0x0800970c        0xc ./lib/externals/mbedtls/aes.o
                0x0800970c                mbedtls_aes_free
 .text.mbedtls_aes_setkey_enc
                0x08009718      0x254 ./lib/externals/mbedtls/aes.o
                0x08009718                mbedtls_aes_setkey_enc
 .text.mbedtls_aes_setkey_dec
                0x0800996c      0x19c ./lib/externals/mbedtls/aes.o
                0x0800996c                mbedtls_aes_setkey_dec
 .text.mbedtls_internal_aes_encrypt
                0x08009b08      0x50c ./lib/externals/mbedtls/aes.o
                0x08009b08                mbedtls_internal_aes_encrypt
 .text.mbedtls_internal_aes_decrypt
                0x0800a014      0x4f0 ./lib/externals/mbedtls/aes.o
                0x0800a014                mbedtls_internal_aes_decrypt
 .text.mbedtls_aes_crypt_ecb
                0x0800a504       0x10 ./lib/externals/mbedtls/aes.o
                0x0800a504                mbedtls_aes_crypt_ecb
 .text.ccm_auth_crypt.constprop.0
                0x0800a514      0x58c ./lib/externals/mbedtls/ccm.o
 .text.ccm_auth_crypt.constprop.1
                0x0800aaa0      0x560 ./lib/externals/mbedtls/ccm.o
 .text.mbedtls_ccm_init
                0x0800b000        0x8 ./lib/externals/mbedtls/ccm.o
                0x0800b000                mbedtls_ccm_init
 .text.mbedtls_ccm_setkey
                0x0800b008       0x4c ./lib/externals/mbedtls/ccm.o
                0x0800b008                mbedtls_ccm_setkey
 .text.mbedtls_ccm_free
                0x0800b054       0x18 ./lib/externals/mbedtls/ccm.o
                0x0800b054                mbedtls_ccm_free
 .text.mbedtls_ccm_encrypt_and_tag
                0x0800b06c       0x18 ./lib/externals/mbedtls/ccm.o
                0x0800b06c                mbedtls_ccm_encrypt_and_tag
 .text.mbedtls_ccm_auth_decrypt
                0x0800b084       0x64 ./lib/externals/mbedtls/ccm.o
                0x0800b084                mbedtls_ccm_auth_decrypt
 .text.mbedtls_cipher_info_from_values
                0x0800b0e8       0x2c ./lib/externals/mbedtls/cipher.o
                0x0800b0e8                mbedtls_cipher_info_from_values
 .text.mbedtls_cipher_free
                0x0800b114       0x20 ./lib/externals/mbedtls/cipher.o
                0x0800b114                mbedtls_cipher_free
 .text.mbedtls_cipher_setup
                0x0800b134       0x30 ./lib/externals/mbedtls/cipher.o
                0x0800b134                mbedtls_cipher_setup
 .text.mbedtls_cipher_setkey
                0x0800b164       0x44 ./lib/externals/mbedtls/cipher.o
                0x0800b164                mbedtls_cipher_setkey
 .text.mbedtls_cipher_update
                0x0800b1a8       0x68 ./lib/externals/mbedtls/cipher.o
                0x0800b1a8                mbedtls_cipher_update
 .text.ccm_ctx_free
                0x0800b210       0x14 ./lib/externals/mbedtls/cipher_wrap.o
 .text.ccm_ctx_alloc
                0x0800b224       0x18 ./lib/externals/mbedtls/cipher_wrap.o
 .text.ccm_aes_setkey_wrap
                0x0800b23c        0xc ./lib/externals/mbedtls/cipher_wrap.o
 .text.aes_ctx_free
                0x0800b248       0x14 ./lib/externals/mbedtls/cipher_wrap.o
 .text.aes_ctx_alloc
                0x0800b25c       0x18 ./lib/externals/mbedtls/cipher_wrap.o
 .text.aes_setkey_dec_wrap
                0x0800b274        0x4 ./lib/externals/mbedtls/cipher_wrap.o
 .text.aes_setkey_enc_wrap
                0x0800b278        0x4 ./lib/externals/mbedtls/cipher_wrap.o
 .text.aes_crypt_ecb_wrap
                0x0800b27c        0x4 ./lib/externals/mbedtls/cipher_wrap.o
 .text.mbedtls_md_info_from_type
                0x0800b280       0x1c ./lib/externals/mbedtls/md.o
                0x0800b280                mbedtls_md_info_from_type
 .text.mbedtls_md_init
                0x0800b29c       0x34 ./lib/externals/mbedtls/md.o
                0x0800b29c                mbedtls_md_init
 .text.mbedtls_md_free
                0x0800b2d0       0x34 ./lib/externals/mbedtls/md.o
                0x0800b2d0                mbedtls_md_free
 .text.mbedtls_md_setup
                0x0800b304       0x48 ./lib/externals/mbedtls/md.o
                0x0800b304                mbedtls_md_setup
 .text.mbedtls_md_hmac_starts
                0x0800b34c      0x1f0 ./lib/externals/mbedtls/md.o
                0x0800b34c                mbedtls_md_hmac_starts
 .text.mbedtls_md_hmac_update
                0x0800b53c       0x28 ./lib/externals/mbedtls/md.o
                0x0800b53c                mbedtls_md_hmac_update
 .text.mbedtls_md_hmac_finish
                0x0800b564       0x70 ./lib/externals/mbedtls/md.o
                0x0800b564                mbedtls_md_hmac_finish
 .text.mbedtls_md_hmac_reset
                0x0800b5d4       0x38 ./lib/externals/mbedtls/md.o
                0x0800b5d4                mbedtls_md_hmac_reset
 .text.sha224_process_wrap
                0x0800b60c        0x4 ./lib/externals/mbedtls/md_wrap.o
 .text.sha224_clone_wrap
                0x0800b610        0x4 ./lib/externals/mbedtls/md_wrap.o
 .text.sha224_ctx_free
                0x0800b614       0x14 ./lib/externals/mbedtls/md_wrap.o
 .text.sha224_ctx_alloc
                0x0800b628       0x18 ./lib/externals/mbedtls/md_wrap.o
 .text.sha224_wrap
                0x0800b640        0x8 ./lib/externals/mbedtls/md_wrap.o
 .text.sha256_wrap
                0x0800b648        0x8 ./lib/externals/mbedtls/md_wrap.o
 .text.sha224_finish_wrap
                0x0800b650        0x4 ./lib/externals/mbedtls/md_wrap.o
 .text.sha224_update_wrap
                0x0800b654        0x4 ./lib/externals/mbedtls/md_wrap.o
 .text.sha224_starts_wrap
                0x0800b658        0x8 ./lib/externals/mbedtls/md_wrap.o
 .text.sha256_starts_wrap
                0x0800b660        0x8 ./lib/externals/mbedtls/md_wrap.o
 .text.mbedtls_platform_zeroize
                0x0800b668       0x10 ./lib/externals/mbedtls/platform_util.o
                0x0800b668                mbedtls_platform_zeroize
 .text.mbedtls_sha256_init
                0x0800b678        0x8 ./lib/externals/mbedtls/sha256.o
                0x0800b678                mbedtls_sha256_init
 .text.mbedtls_sha256_free
                0x0800b680        0xc ./lib/externals/mbedtls/sha256.o
                0x0800b680                mbedtls_sha256_free
 .text.mbedtls_sha256_clone
                0x0800b68c        0xc ./lib/externals/mbedtls/sha256.o
                0x0800b68c                mbedtls_sha256_clone
 .text.mbedtls_sha256_starts_ret
                0x0800b698       0x90 ./lib/externals/mbedtls/sha256.o
                0x0800b698                mbedtls_sha256_starts_ret
 .text.mbedtls_internal_sha256_process
                0x0800b728      0x820 ./lib/externals/mbedtls/sha256.o
                0x0800b728                mbedtls_internal_sha256_process
 .text.mbedtls_sha256_update_ret
                0x0800bf48       0x8c ./lib/externals/mbedtls/sha256.o
                0x0800bf48                mbedtls_sha256_update_ret
 .text.mbedtls_sha256_finish_ret
                0x0800bfd4      0x148 ./lib/externals/mbedtls/sha256.o
                0x0800bfd4                mbedtls_sha256_finish_ret
 .text.mbedtls_sha256_ret
                0x0800c11c       0xf0 ./lib/externals/mbedtls/sha256.o
                0x0800c11c                mbedtls_sha256_ret
 .text.optiga_lib_callback
                0x0800c20c        0xc ./examples/example_optiga_init_deinit.o
 .text.example_optiga_init
                0x0800c218       0x60 ./examples/example_optiga_init_deinit.o
                0x0800c218                example_optiga_init
 .text.example_optiga_deinit
                0x0800c278       0x3c ./examples/example_optiga_init_deinit.o
                0x0800c278                example_optiga_deinit
 .text.optiga_lib_callback
                0x0800c2b4        0xc ./examples/example_pair_host_and_optiga_using_pre_shared_secret.o
 .text.pair_host_and_optiga_using_pre_shared_secret
                0x0800c2c0      0x178 ./examples/example_pair_host_and_optiga_using_pre_shared_secret.o
                0x0800c2c0                pair_host_and_optiga_using_pre_shared_secret
 .text.example_util_encode_rsa_public_key_in_bit_string_format
                0x0800c438      0x19c ./examples/example_utilities.o
                0x0800c438                example_util_encode_rsa_public_key_in_bit_string_format
 .text.example_performance_measurement
                0x0800c5d4       0x20 ./examples/example_utilities.o
                0x0800c5d4                example_performance_measurement
 .text.secure_communication
                0x0800c5f4       0x64 ./SEMS_Sources/Com.o
                0x0800c5f4                secure_communication
 .text.optiga_crypt_callback
                0x0800c658        0xc ./SEMS_Sources/Constructor.o
 .text.optiga_util_callback
                0x0800c664        0xc ./SEMS_Sources/Constructor.o
 .text.optiga_crypt_create_wrapper
                0x0800c670       0x20 ./SEMS_Sources/Constructor.o
                0x0800c670                optiga_crypt_create_wrapper
 .text.optiga_util_create_wrapper
                0x0800c690       0x20 ./SEMS_Sources/Constructor.o
                0x0800c690                optiga_util_create_wrapper
 .text.decode_req
                0x0800c6b0       0x4c ./SEMS_Sources/Decoder.o
                0x0800c6b0                decode_req
 .text.optiga_crypt_hash_data_wrapper
                0x0800c6fc       0x5c ./SEMS_Sources/Hash.o
                0x0800c6fc                optiga_crypt_hash_data_wrapper
 .text.init_SEMS
                0x0800c758        0x4 ./SEMS_Sources/Init.o
                0x0800c758                init_SEMS
 .text.my_optiga_shell_begin
                0x0800c75c      0x1a4 ./SEMS_Sources/Main.o
                0x0800c75c                my_optiga_shell_begin
 .text.optiga_util_read_nonce
                0x0800c900       0x60 ./SEMS_Sources/Nonce.o
                0x0800c900                optiga_util_read_nonce
 .text.optiga_util_update_count_wrapper
                0x0800c960       0x60 ./SEMS_Sources/Nonce.o
                0x0800c960                optiga_util_update_count_wrapper
 .text.read_request
                0x0800c9c0       0xd8 ./SEMS_Sources/Patcher.o
                0x0800c9c0                read_request
 .text.write_request
                0x0800ca98       0xb4 ./SEMS_Sources/Patcher.o
                0x0800ca98                write_request
 .text.optiga_crypt_rsa_encrypt_message_wrapper
                0x0800cb4c       0xac ./SEMS_Sources/RSA.o
                0x0800cb4c                optiga_crypt_rsa_encrypt_message_wrapper
 .text.optiga_crypt_rsa_verify_wrapper
                0x0800cbf8       0xb0 ./SEMS_Sources/RSA.o
                0x0800cbf8                optiga_crypt_rsa_verify_wrapper
 .text.optiga_crypt_random_wrapper
                0x0800cca8       0x60 ./SEMS_Sources/Random.o
                0x0800cca8                optiga_crypt_random_wrapper
 .text.optiga_util_write_shared_key
                0x0800cd08       0x64 ./SEMS_Sources/Skey.o
                0x0800cd08                optiga_util_write_shared_key
 .text.optiga_util_read_shared_key
                0x0800cd6c       0x60 ./SEMS_Sources/Skey.o
                0x0800cd6c                optiga_util_read_shared_key
 .text.stream_enc
                0x0800cdcc       0xa0 ./SEMS_Sources/SymEncrypt.o
                0x0800cdcc                stream_enc
 .text.start_cooldown_timer
                0x0800ce6c       0x20 ./SEMS_Sources/Timer.o
                0x0800ce6c                start_cooldown_timer
 .text.CCU80_3_IRQHandler
                0x0800ce8c       0x24 ./SEMS_Sources/Timer.o
                0x0800ce8c                CCU80_3_IRQHandler
 .text.secure_unlock
                0x0800ceb0       0x90 ./SEMS_Sources/Unlock.o
                0x0800ceb0                secure_unlock
 .text.startup.main
                0x0800cf40       0x28 ./main_xmc4800_example.o
                0x0800cf40                main
 .text          0x0800cf68       0x2c c:/infineon/tools/dave ide/4.5.0.202105191637/eclipse/arm-gcc-49/bin/../lib/gcc/arm-none-eabi/4.9.3/armv7e-m/softfp\libgcc.a(_aeabi_uldivmod.o)
                0x0800cf68                __aeabi_uldivmod
 .text          0x0800cf94       0x60 c:/infineon/tools/dave ide/4.5.0.202105191637/eclipse/arm-gcc-49/bin/../lib/gcc/arm-none-eabi/4.9.3/armv7e-m/softfp\libgcc.a(bpabi.o)
                0x0800cf94                __gnu_ldivmod_helper
                0x0800cfc4                __gnu_uldivmod_helper
 .text          0x0800cff4        0x4 c:/infineon/tools/dave ide/4.5.0.202105191637/eclipse/arm-gcc-49/bin/../lib/gcc/arm-none-eabi/4.9.3/armv7e-m/softfp\libgcc.a(_dvmd_tls.o)
                0x0800cff4                __aeabi_idiv0
                0x0800cff4                __aeabi_ldiv0
 .text          0x0800cff8      0x29c c:/infineon/tools/dave ide/4.5.0.202105191637/eclipse/arm-gcc-49/bin/../lib/gcc/arm-none-eabi/4.9.3/armv7e-m/softfp\libgcc.a(_divdi3.o)
                0x0800cff8                __divdi3
 .text          0x0800d294      0x26c c:/infineon/tools/dave ide/4.5.0.202105191637/eclipse/arm-gcc-49/bin/../lib/gcc/arm-none-eabi/4.9.3/armv7e-m/softfp\libgcc.a(_udivdi3.o)
                0x0800d294                __udivdi3
 .text.calloc   0x0800d500       0x14 c:/infineon/tools/dave ide/4.5.0.202105191637/eclipse/arm-gcc-49/bin/../lib/gcc/arm-none-eabi/4.9.3/../../../../arm-none-eabi/lib/armv7e-m/softfp\libg_nano.a(lib_a-calloc.o)
                0x0800d500                calloc
 .text.__errno  0x0800d514        0xc c:/infineon/tools/dave ide/4.5.0.202105191637/eclipse/arm-gcc-49/bin/../lib/gcc/arm-none-eabi/4.9.3/../../../../arm-none-eabi/lib/armv7e-m/softfp\libg_nano.a(lib_a-errno.o)
                0x0800d514                __errno
 .text.__libc_init_array
                0x0800d520       0x4c c:/infineon/tools/dave ide/4.5.0.202105191637/eclipse/arm-gcc-49/bin/../lib/gcc/arm-none-eabi/4.9.3/../../../../arm-none-eabi/lib/armv7e-m/softfp\libg_nano.a(lib_a-init.o)
                0x0800d520                __libc_init_array
 .text.free     0x0800d56c       0x10 c:/infineon/tools/dave ide/4.5.0.202105191637/eclipse/arm-gcc-49/bin/../lib/gcc/arm-none-eabi/4.9.3/../../../../arm-none-eabi/lib/armv7e-m/softfp\libg_nano.a(lib_a-malloc.o)
                0x0800d56c                free
 .text.memcmp   0x0800d57c       0x20 c:/infineon/tools/dave ide/4.5.0.202105191637/eclipse/arm-gcc-49/bin/../lib/gcc/arm-none-eabi/4.9.3/../../../../arm-none-eabi/lib/armv7e-m/softfp\libg_nano.a(lib_a-memcmp.o)
                0x0800d57c                memcmp
 .text.memcpy   0x0800d59c       0x16 c:/infineon/tools/dave ide/4.5.0.202105191637/eclipse/arm-gcc-49/bin/../lib/gcc/arm-none-eabi/4.9.3/../../../../arm-none-eabi/lib/armv7e-m/softfp\libg_nano.a(lib_a-memcpy.o)
                0x0800d59c                memcpy
 .text.memset   0x0800d5b2       0x10 c:/infineon/tools/dave ide/4.5.0.202105191637/eclipse/arm-gcc-49/bin/../lib/gcc/arm-none-eabi/4.9.3/../../../../arm-none-eabi/lib/armv7e-m/softfp\libg_nano.a(lib_a-memset.o)
                0x0800d5b2                memset
 .text._calloc_r
                0x0800d5c2       0x1c c:/infineon/tools/dave ide/4.5.0.202105191637/eclipse/arm-gcc-49/bin/../lib/gcc/arm-none-eabi/4.9.3/../../../../arm-none-eabi/lib/armv7e-m/softfp\libg_nano.a(lib_a-nano-callocr.o)
                0x0800d5c2                _calloc_r
 *fill*         0x0800d5de        0x2 
 .text._free_r  0x0800d5e0       0x88 c:/infineon/tools/dave ide/4.5.0.202105191637/eclipse/arm-gcc-49/bin/../lib/gcc/arm-none-eabi/4.9.3/../../../../arm-none-eabi/lib/armv7e-m/softfp\libg_nano.a(lib_a-nano-freer.o)
                0x0800d5e0                _free_r
 .text._malloc_r
                0x0800d668       0xac c:/infineon/tools/dave ide/4.5.0.202105191637/eclipse/arm-gcc-49/bin/../lib/gcc/arm-none-eabi/4.9.3/../../../../arm-none-eabi/lib/armv7e-m/softfp\libg_nano.a(lib_a-nano-mallocr.o)
                0x0800d668                _malloc_r
 .text._sbrk_r  0x0800d714       0x20 c:/infineon/tools/dave ide/4.5.0.202105191637/eclipse/arm-gcc-49/bin/../lib/gcc/arm-none-eabi/4.9.3/../../../../arm-none-eabi/lib/armv7e-m/softfp\libg_nano.a(lib_a-sbrkr.o)
                0x0800d714                _sbrk_r
 .text          0x0800d734       0x14 c:/infineon/tools/dave ide/4.5.0.202105191637/eclipse/arm-gcc-49/bin/../lib/gcc/arm-none-eabi/4.9.3/../../../../arm-none-eabi/lib/armv7e-m/softfp\libg_nano.a(lib_a-strcmp.o)
                0x0800d734                strcmp
 *(.init)
 *(.fini)
 *crtbegin.o(.ctors)
 *crtbegin?.o(.ctors)
 *(EXCLUDE_FILE(*crtend.o *crtend?.o) .ctors)
 *(SORT(.ctors.*))
 *(.ctors)
 *crtbegin.o(.dtors)
 *crtbegin?.o(.dtors)
 *(EXCLUDE_FILE(*crtend.o *crtend?.o) .dtors)
 *(SORT(.dtors.*))
 *(.dtors)
 *(.rodata .rodata.*)
 .rodata.CSWTCH.37
                0x0800d748       0x28 ./lib/xmc/XMCLib/src/xmc_ccu4.o
 .rodata.CSWTCH.38
                0x0800d770       0x28 ./lib/xmc/XMCLib/src/xmc_ccu4.o
 .rodata.CSWTCH.43
                0x0800d798       0x28 ./lib/xmc/XMCLib/src/xmc_ccu8.o
 .rodata.CSWTCH.44
                0x0800d7c0       0x28 ./lib/xmc/XMCLib/src/xmc_ccu8.o
 .rodata.Driver_USBD0
                0x0800d7e8       0x40 ./lib/xmc/XMCLib/src/xmc_usbd.o
                0x0800d7e8                Driver_USBD0
 .rodata.product_string
                0x0800d828       0x68 ./lib/xmc/Dave/Generated/USBD_VCOM/virtual_com/descriptors.o
                0x0800d828                product_string
 .rodata.device_descriptor
                0x0800d890       0x14 ./lib/xmc/Dave/Generated/USBD_VCOM/virtual_com/descriptors.o
                0x0800d890                device_descriptor
 .rodata.language_string
                0x0800d8a4       0x68 ./lib/xmc/Dave/Generated/USBD_VCOM/virtual_com/descriptors.o
                0x0800d8a4                language_string
 .rodata.manufacturer_string
                0x0800d90c       0x68 ./lib/xmc/Dave/Generated/USBD_VCOM/virtual_com/descriptors.o
                0x0800d90c                manufacturer_string
 .rodata.CSWTCH.1
                0x0800d974        0xc ./lib/xmc/Dave/Generated/USBD_VCOM/virtual_com/descriptors.o
 .rodata.CSWTCH.2
                0x0800d980        0x8 ./lib/xmc/Dave/Generated/USBD_VCOM/virtual_com/descriptors.o
 .rodata.configuration_descriptor
                0x0800d988       0x40 ./lib/xmc/Dave/Generated/USBD_VCOM/virtual_com/descriptors.o
                0x0800d988                configuration_descriptor
 .rodata.cunit_logger_config
                0x0800d9c8       0x30 ./lib/xmc/Dave/Generated/UART/uart_conf.o
                0x0800d9c8                cunit_logger_config
 .rodata.cunit_logger_channel_config
                0x0800d9f8        0xc ./lib/xmc/Dave/Generated/UART/uart_conf.o
                0x0800d9f8                cunit_logger_channel_config
 .rodata.cunit_logger_tx_pin
                0x0800da04        0xc ./lib/xmc/Dave/Generated/UART/uart_conf.o
                0x0800da04                cunit_logger_tx_pin
 .rodata.cunit_logger_tx_pin_config
                0x0800da10        0xc ./lib/xmc/Dave/Generated/UART/uart_conf.o
                0x0800da10                cunit_logger_tx_pin_config
 .rodata.cunit_logger_rx_pin_config
                0x0800da1c        0xc ./lib/xmc/Dave/Generated/UART/uart_conf.o
                0x0800da1c                cunit_logger_rx_pin_config
 .rodata.scheduler_timer_intr
                0x0800da28        0x4 ./lib/xmc/Dave/Generated/INTERRUPT/interrupt_conf.o
                0x0800da28                scheduler_timer_intr
 .rodata.tick_timer_intr
                0x0800da2c        0x4 ./lib/xmc/Dave/Generated/INTERRUPT/interrupt_conf.o
                0x0800da2c                tick_timer_intr
 .rodata.INTERRUPT_0
                0x0800da30        0x4 ./lib/xmc/Dave/Generated/INTERRUPT/interrupt_conf.o
                0x0800da30                INTERRUPT_0
 .rodata.i2c_master_0_sda_pin_config
                0x0800da34        0xc ./lib/xmc/Dave/Generated/I2C_MASTER/i2c_master_conf.o
 .rodata.i2c_master_0_scl_pin_config
                0x0800da40        0xc ./lib/xmc/Dave/Generated/I2C_MASTER/i2c_master_conf.o
 .rodata.i2c_master_0_config
                0x0800da4c       0x2c ./lib/xmc/Dave/Generated/I2C_MASTER/i2c_master_conf.o
                0x0800da4c                i2c_master_0_config
 .rodata.i2c_master_0_channel_config
                0x0800da78        0x8 ./lib/xmc/Dave/Generated/I2C_MASTER/i2c_master_conf.o
                0x0800da78                i2c_master_0_channel_config
 .rodata.reset_pin
                0x0800da80       0x14 ./lib/xmc/Dave/Generated/DIGITAL_IO/digital_io_conf.o
                0x0800da80                reset_pin
 .rodata.vdd_pin
                0x0800da94       0x14 ./lib/xmc/Dave/Generated/DIGITAL_IO/digital_io_conf.o
                0x0800da94                vdd_pin
 .rodata        0x0800daa8       0x14 ./lib/xmc/Dave/Generated/CLOCK_XMC4/clock_xmc4_conf.o
 .rodata.str1.4
                0x0800dabc       0x11 ./lib/optiga/comms/ifx_i2c/ifx_i2c_presentation_layer.o
                                 0x14 (size before relaxing)
 *fill*         0x0800dacd        0x3 
 .rodata.g_pctr_states_table
                0x0800dad0       0x10 ./lib/optiga/comms/ifx_i2c/ifx_i2c_transport_layer.o
 .rodata.g_optiga_unique_application_identifier
                0x0800dae0       0x10 ./lib/optiga/cmd/optiga_cmd.o
                0x0800dae0                g_optiga_unique_application_identifier
 .rodata.aes_info
                0x0800daf0       0x18 ./lib/externals/mbedtls/cipher_wrap.o
 .rodata.aes_192_ccm_info
                0x0800db08       0x1c ./lib/externals/mbedtls/cipher_wrap.o
 .rodata.mbedtls_cipher_definitions
                0x0800db24       0x38 ./lib/externals/mbedtls/cipher_wrap.o
                0x0800db24                mbedtls_cipher_definitions
 .rodata.ccm_aes_info
                0x0800db5c       0x18 ./lib/externals/mbedtls/cipher_wrap.o
 .rodata.aes_128_ccm_info
                0x0800db74       0x1c ./lib/externals/mbedtls/cipher_wrap.o
 .rodata.str1.4
                0x0800db90       0x48 ./lib/externals/mbedtls/cipher_wrap.o
 .rodata.aes_256_ccm_info
                0x0800dbd8       0x1c ./lib/externals/mbedtls/cipher_wrap.o
 .rodata.aes_192_ecb_info
                0x0800dbf4       0x1c ./lib/externals/mbedtls/cipher_wrap.o
 .rodata.aes_256_ecb_info
                0x0800dc10       0x1c ./lib/externals/mbedtls/cipher_wrap.o
 .rodata.aes_128_ecb_info
                0x0800dc2c       0x1c ./lib/externals/mbedtls/cipher_wrap.o
 .rodata.mbedtls_sha224_info
                0x0800dc48       0x30 ./lib/externals/mbedtls/md_wrap.o
                0x0800dc48                mbedtls_sha224_info
 .rodata.str1.4
                0x0800dc78        0xf ./lib/externals/mbedtls/md_wrap.o
                                 0x10 (size before relaxing)
 *fill*         0x0800dc87        0x1 
 .rodata.mbedtls_sha256_info
                0x0800dc88       0x30 ./lib/externals/mbedtls/md_wrap.o
                0x0800dc88                mbedtls_sha256_info
 .rodata.K      0x0800dcb8      0x100 ./lib/externals/mbedtls/sha256.o
 .rodata.platform_binding_shared_secret_metadata_final
                0x0800ddb8       0x1c ./examples/example_pair_host_and_optiga_using_pre_shared_secret.o
                0x0800ddb8                platform_binding_shared_secret_metadata_final
 .rodata.str1.4
                0x0800ddd4       0x20 ./SEMS_Sources/Decoder.o
 .rodata        0x0800ddf4       0xc0 ./SEMS_Sources/Main.o
 .rodata.rsa_public_key_exponent
                0x0800deb4        0x4 ./SEMS_Sources/RSA.o
 .rodata.rsa_public_key_modulus
                0x0800deb8       0x80 ./SEMS_Sources/RSA.o
 .rodata        0x0800df38        0x8 ./SEMS_Sources/Unlock.o
 .rodata.str1.1
                0x0800df40        0x2 c:/infineon/tools/dave ide/4.5.0.202105191637/eclipse/arm-gcc-49/bin/../lib/gcc/arm-none-eabi/4.9.3/../../../../arm-none-eabi/lib/armv7e-m/softfp\libg_nano.a(lib_a-impure.o)
 *(.gnu.linkonce.r*)
 *(vtable)
                0x0800df44                . = ALIGN (0x4)
 *fill*         0x0800df42        0x2 

.glue_7         0x0800df44        0x0 load address 0x0c00df44
 .glue_7        0x00000000        0x0 linker stubs

.glue_7t        0x0800df44        0x0 load address 0x0c00df44
 .glue_7t       0x00000000        0x0 linker stubs

.vfp11_veneer   0x0800df44        0x0 load address 0x0c00df44
 .vfp11_veneer  0x00000000        0x0 linker stubs

.v4_bx          0x0800df44        0x0 load address 0x0c00df44
 .v4_bx         0x00000000        0x0 linker stubs

.iplt           0x0800df44        0x0 load address 0x0c00df44
 .iplt          0x00000000        0x0 ./lib/xmc/XMCLib/src/xmc4_eru.o

.eh_frame_hdr
 *(.eh_frame_hdr)

.eh_frame       0x0800df44       0x28 load address 0x0c00df44
 *(.eh_frame)
 .eh_frame      0x0800df44       0x28 c:/infineon/tools/dave ide/4.5.0.202105191637/eclipse/arm-gcc-49/bin/../lib/gcc/arm-none-eabi/4.9.3/../../../../arm-none-eabi/lib/armv7e-m/softfp\libg_nano.a(lib_a-strcmp.o)

.ARM.extab
 *(.ARM.extab* .gnu.linkonce.armextab.*)
                0x0800df6c                . = ALIGN (0x4)
                0x0800df6c                __exidx_start = .

.ARM.exidx      0x0800df6c        0x8 load address 0x0c00df6c
 *(.ARM.exidx* .gnu.linkonce.armexidx.*)
 .ARM.exidx     0x0800df6c        0x8 c:/infineon/tools/dave ide/4.5.0.202105191637/eclipse/arm-gcc-49/bin/../lib/gcc/arm-none-eabi/4.9.3/armv7e-m/softfp\libgcc.a(_divdi3.o)
 .ARM.exidx     0x0800df74        0x0 c:/infineon/tools/dave ide/4.5.0.202105191637/eclipse/arm-gcc-49/bin/../lib/gcc/arm-none-eabi/4.9.3/armv7e-m/softfp\libgcc.a(_udivdi3.o)
                                  0x8 (size before relaxing)
                0x0800df74                __exidx_end = .

.rel.dyn        0x0800df74        0x0 load address 0x0c00df74
 .rel.iplt      0x00000000        0x0 ./lib/xmc/XMCLib/src/xmc4_eru.o
                0x0800df74                . = ALIGN (0x4)

Stack           0x1ffe8000     0x5000
                0x1ffe8000                __stack_start = .
                0x1ffed000                . = (. + stack_size)
 *fill*         0x1ffe8000     0x5000 
                0x1ffed000                __stack_end = .
                0x1ffed000                __initial_sp = .

.ram_code       0x1ffed000        0x0 load address 0x0c00df74
                0x1ffed000                . = ALIGN (0x4)
                0x1ffed000                __ram_code_start = .
 *(.ram_code)
                0x1ffed000                . = ALIGN (0x4)
                0x1ffed000                __ram_code_end = .
                0x0c00df74                __ram_code_load = LOADADDR (.ram_code)
                0x00000000                __ram_code_size = (__ram_code_end - __ram_code_start)

.data           0x1ffed000      0x75c load address 0x0c00df74
                0x1ffed000                . = ALIGN (0x4)
                0x1ffed000                __data_start = .
 *(.data)
 *(.data*)
 .data.cdc_class_events
                0x1ffed000        0xc ./lib/xmc/Dave/Generated/USBD_VCOM/usbd_vcom.o
                0x1ffed000                cdc_class_events
 .data.usbd_vcom_events
                0x1ffed00c       0x28 ./lib/xmc/Dave/Generated/USBD_VCOM/usbd_vcom.o
                0x1ffed00c                usbd_vcom_events
 .data.USBD_handle
                0x1ffed034        0x4 ./lib/xmc/Dave/Generated/USBD/usbd_conf.o
                0x1ffed034                USBD_handle
 .data.USBD_0   0x1ffed038       0x14 ./lib/xmc/Dave/Generated/USBD/usbd_conf.o
                0x1ffed038                USBD_0
 .data.cunit_logger
                0x1ffed04c        0xc ./lib/xmc/Dave/Generated/UART/uart_conf.o
                0x1ffed04c                cunit_logger
 .data.tick_timer
                0x1ffed058       0x3c ./lib/xmc/Dave/Generated/TIMER/timer_conf.o
                0x1ffed058                tick_timer
 .data.scheduler_timer
                0x1ffed094       0x3c ./lib/xmc/Dave/Generated/TIMER/timer_conf.o
                0x1ffed094                scheduler_timer
 .data.TIMER_Cooldwon
                0x1ffed0d0       0x3c ./lib/xmc/Dave/Generated/TIMER/timer_conf.o
                0x1ffed0d0                TIMER_Cooldwon
 .data.scheduler_timer_config
                0x1ffed10c        0x8 ./lib/xmc/Dave/Generated/TIMER/timer_conf.o
                0x1ffed10c                scheduler_timer_config
 .data.TIMER_Cooldwon_config
                0x1ffed114       0x10 ./lib/xmc/Dave/Generated/TIMER/timer_conf.o
                0x1ffed114                TIMER_Cooldwon_config
 .data.tick_timer_config
                0x1ffed124        0x8 ./lib/xmc/Dave/Generated/TIMER/timer_conf.o
                0x1ffed124                tick_timer_config
 .data.i2c_master_0_runtime
                0x1ffed12c       0x2c ./lib/xmc/Dave/Generated/I2C_MASTER/i2c_master_conf.o
                0x1ffed12c                i2c_master_0_runtime
 .data.i2c_master_0
                0x1ffed158        0xc ./lib/xmc/Dave/Generated/I2C_MASTER/i2c_master_conf.o
                0x1ffed158                i2c_master_0
 .data.GLOBAL_CCU8_0
                0x1ffed164       0x10 ./lib/xmc/Dave/Generated/GLOBAL_CCU8/global_ccu8_conf.o
                0x1ffed164                GLOBAL_CCU8_0
 .data.GLOBAL_CCU4_0
                0x1ffed174       0x10 ./lib/xmc/Dave/Generated/GLOBAL_CCU4/global_ccu4_conf.o
                0x1ffed174                GLOBAL_CCU4_0
 .data.GLOBAL_CCU4_1
                0x1ffed184       0x10 ./lib/xmc/Dave/Generated/GLOBAL_CCU4/global_ccu4_conf.o
                0x1ffed184                GLOBAL_CCU4_1
 .data.optiga_pal_i2c_context_0
                0x1ffed194       0x10 ./lib/pal/pal_ifx_i2c_config.o
                0x1ffed194                optiga_pal_i2c_context_0
 .data.optiga_reset_0
                0x1ffed1a4        0x4 ./lib/pal/pal_ifx_i2c_config.o
                0x1ffed1a4                optiga_reset_0
 .data.optiga_vdd_0
                0x1ffed1a8        0x4 ./lib/pal/pal_ifx_i2c_config.o
                0x1ffed1a8                optiga_vdd_0
 .data.cunit_console
                0x1ffed1ac        0x8 ./lib/pal/pal_logger.o
                0x1ffed1ac                cunit_console
 .data.logger_console
                0x1ffed1b4        0x8 ./lib/pal/pal_logger.o
                0x1ffed1b4                logger_console
 .data.optiga_platform_binding_shared_secret
                0x1ffed1bc       0x44 ./lib/pal/pal_os_datastore.o
                0x1ffed1bc                optiga_platform_binding_shared_secret
 .data.ifx_i2c_datastore_config
                0x1ffed200        0x8 ./lib/optiga/comms/ifx_i2c/ifx_i2c_config.o
                0x1ffed200                ifx_i2c_datastore_config
 .data.ifx_i2c_context_0
                0x1ffed208      0x4d4 ./lib/optiga/comms/ifx_i2c/ifx_i2c_config.o
                0x1ffed208                ifx_i2c_context_0
 .data.optiga_comms
                0x1ffed6dc       0x18 ./lib/optiga/comms/optiga_comms_ifx_i2c.o
                0x1ffed6dc                optiga_comms
 .data.memset_func
                0x1ffed6f4        0x4 ./lib/externals/mbedtls/platform_util.o
 .data.impure_data
                0x1ffed6f8       0x60 c:/infineon/tools/dave ide/4.5.0.202105191637/eclipse/arm-gcc-49/bin/../lib/gcc/arm-none-eabi/4.9.3/../../../../arm-none-eabi/lib/armv7e-m/softfp\libg_nano.a(lib_a-impure.o)
 .data._impure_ptr
                0x1ffed758        0x4 c:/infineon/tools/dave ide/4.5.0.202105191637/eclipse/arm-gcc-49/bin/../lib/gcc/arm-none-eabi/4.9.3/../../../../arm-none-eabi/lib/armv7e-m/softfp\libg_nano.a(lib_a-impure.o)
                0x1ffed758                _impure_ptr
 *(*.data)
 *(.gnu.linkonce.d*)
                0x1ffed75c                . = ALIGN (0x4)
                0x1ffed75c                PROVIDE (__preinit_array_start, .)
 *(.preinit_array)
                0x1ffed75c                PROVIDE (__preinit_array_end, .)
                0x1ffed75c                . = ALIGN (0x4)
                0x1ffed75c                PROVIDE (__init_array_start, .)
 *(SORT(.init_array.*))
 *(.init_array)
                0x1ffed75c                PROVIDE (__init_array_end, .)
                0x1ffed75c                . = ALIGN (0x4)
                0x1ffed75c                PROVIDE (__fini_array_start, .)
 *(SORT(.fini_array.*))
 *(.fini_array)
                0x1ffed75c                PROVIDE (__fini_array_end, .)
                0x1ffed75c                . = ALIGN (0x4)
                0x1ffed75c                __data_end = .
                0x0c00df74                __data_load = LOADADDR (.data)
                0x0000075c                __data_size = (__data_end - __data_start)
                0x0000e6d0                __text_size = (((__exidx_end - sText) + __data_size) + __ram_code_size)
                0x0800e6d0                eText = (sText + __text_size)

.igot.plt       0x1ffed75c        0x0 load address 0x0c00e6d0
 .igot.plt      0x00000000        0x0 ./lib/xmc/XMCLib/src/xmc4_eru.o

.bss            0x1ffed75c     0x30ac load address 0x0c00e6d0
                0x1ffed75c                . = ALIGN (0x4)
                0x1ffed75c                __bss_start = .
 *(.bss)
 *(.bss*)
 .bss.XMC_USBD_EP_OUT_BUFFERSIZE
                0x1ffed75c       0x1c ./lib/xmc/XMCLib/src/xmc_usbd.o
                0x1ffed75c                XMC_USBD_EP_OUT_BUFFERSIZE
 .bss.XMC_USBD_EP_IN_BUFFERSIZE
                0x1ffed778       0x1c ./lib/xmc/XMCLib/src/xmc_usbd.o
                0x1ffed778                XMC_USBD_EP_IN_BUFFERSIZE
 .bss.heap_ptr.4331
                0x1ffed794        0x4 ./lib/xmc/Newlib/syscalls.o
 .bss.console_logger
                0x1ffed798        0x4 ./lib/xmc/Dave/Generated/USBD_VCOM/usbd_vcom_conf.o
                0x1ffed798                console_logger
 .bss.usb_event_cb
                0x1ffed79c       0x28 ./lib/xmc/Dave/Generated/USBD/usbd_conf.o
                0x1ffed79c                usb_event_cb
 .bss.cunit_logger_runtime
                0x1ffed7c4       0x1c ./lib/xmc/Dave/Generated/UART/uart_conf.o
                0x1ffed7c4                cunit_logger_runtime
 .bss.CLOCK_XMC4_0
                0x1ffed7e0        0x4 ./lib/xmc/Dave/Generated/CLOCK_XMC4/clock_xmc4_conf.o
                0x1ffed7e0                CLOCK_XMC4_0
 .bss.gp_pal_i2c_current_ctx
                0x1ffed7e4        0x4 ./lib/pal/pal_i2c.o
 .bss.g_entry_count
                0x1ffed7e8        0x4 ./lib/pal/pal_i2c.o
 .bss.pal_os_event_0
                0x1ffed7ec       0x10 ./lib/pal/pal_os_event.o
 .bss.g_tick_count
                0x1ffed7fc        0x4 ./lib/pal/pal_os_timer.o
 .bss.count.13558
                0x1ffed800        0x4 ./lib/pal/pal_os_timer.o
 .bss.g_optiga  0x1ffed804      0x68c ./lib/optiga/cmd/optiga_cmd.o
 .bss.FT0       0x1ffede90      0x400 ./lib/externals/mbedtls/aes.o
 .bss.FT1       0x1ffee290      0x400 ./lib/externals/mbedtls/aes.o
 .bss.FT2       0x1ffee690      0x400 ./lib/externals/mbedtls/aes.o
 .bss.FT3       0x1ffeea90      0x400 ./lib/externals/mbedtls/aes.o
 .bss.RCON      0x1ffeee90       0x28 ./lib/externals/mbedtls/aes.o
 .bss.aes_init_done
                0x1ffeeeb8        0x4 ./lib/externals/mbedtls/aes.o
 .bss.FSb       0x1ffeeebc      0x100 ./lib/externals/mbedtls/aes.o
 .bss.RT0       0x1ffeefbc      0x400 ./lib/externals/mbedtls/aes.o
 .bss.RT1       0x1ffef3bc      0x400 ./lib/externals/mbedtls/aes.o
 .bss.RT2       0x1ffef7bc      0x400 ./lib/externals/mbedtls/aes.o
 .bss.RSb       0x1ffefbbc      0x100 ./lib/externals/mbedtls/aes.o
 .bss.RT3       0x1ffefcbc      0x400 ./lib/externals/mbedtls/aes.o